Component: ARM Compiler 5.06 update 7 (build 960) Tool: armlink [4d3601]

==============================================================================

Section Cross References

    startup_stm32f407xx.o(STACK) refers (Special) to heapauxi.o(.text) for __use_two_region_memory
    startup_stm32f407xx.o(HEAP) refers (Special) to heapauxi.o(.text) for __use_two_region_memory
    startup_stm32f407xx.o(RESET) refers (Special) to heapauxi.o(.text) for __use_two_region_memory
    startup_stm32f407xx.o(RESET) refers to startup_stm32f407xx.o(STACK) for __initial_sp
    startup_stm32f407xx.o(RESET) refers to startup_stm32f407xx.o(.text) for Reset_Handler
    startup_stm32f407xx.o(RESET) refers to stm32f4xx_it.o(i.NMI_Handler) for NMI_Handler
    startup_stm32f407xx.o(RESET) refers to stm32f4xx_it.o(i.HardFault_Handler) for HardFault_Handler
    startup_stm32f407xx.o(RESET) refers to stm32f4xx_it.o(i.MemManage_Handler) for MemManage_Handler
    startup_stm32f407xx.o(RESET) refers to stm32f4xx_it.o(i.BusFault_Handler) for BusFault_Handler
    startup_stm32f407xx.o(RESET) refers to stm32f4xx_it.o(i.UsageFault_Handler) for UsageFault_Handler
    startup_stm32f407xx.o(RESET) refers to stm32f4xx_it.o(i.SVC_Handler) for SVC_Handler
    startup_stm32f407xx.o(RESET) refers to stm32f4xx_it.o(i.DebugMon_Handler) for DebugMon_Handler
    startup_stm32f407xx.o(RESET) refers to stm32f4xx_it.o(i.PendSV_Handler) for PendSV_Handler
    startup_stm32f407xx.o(RESET) refers to stm32f4xx_it.o(i.SysTick_Handler) for SysTick_Handler
    startup_stm32f407xx.o(RESET) refers to stm32f4xx_it.o(i.TIM1_UP_TIM10_IRQHandler) for TIM1_UP_TIM10_IRQHandler
    startup_stm32f407xx.o(RESET) refers to stm32f4xx_it.o(i.SDIO_IRQHandler) for SDIO_IRQHandler
    startup_stm32f407xx.o(RESET) refers to stm32f4xx_it.o(i.UART4_IRQHandler) for UART4_IRQHandler
    startup_stm32f407xx.o(RESET) refers to stm32f4xx_it.o(i.DMA2_Stream3_IRQHandler) for DMA2_Stream3_IRQHandler
    startup_stm32f407xx.o(RESET) refers to stm32f4xx_it.o(i.OTG_FS_IRQHandler) for OTG_FS_IRQHandler
    startup_stm32f407xx.o(RESET) refers to stm32f4xx_it.o(i.DMA2_Stream6_IRQHandler) for DMA2_Stream6_IRQHandler
    startup_stm32f407xx.o(.text) refers (Special) to heapauxi.o(.text) for __use_two_region_memory
    startup_stm32f407xx.o(.text) refers to system_stm32f4xx.o(i.SystemInit) for SystemInit
    startup_stm32f407xx.o(.text) refers to __main.o(!!!main) for __main
    startup_stm32f407xx.o(.text) refers to startup_stm32f407xx.o(HEAP) for Heap_Mem
    startup_stm32f407xx.o(.text) refers to startup_stm32f407xx.o(STACK) for Stack_Mem
    main.o(i.HAL_TIM_PeriodElapsedCallback) refers to led.o(i.led_control_task) for led_control_task
    main.o(i.HAL_TIM_PeriodElapsedCallback) refers to led.o(.data) for led_timer_counter
    main.o(i.SystemClock_Config) refers to rt_memclr_w.o(.text) for __aeabi_memclr4
    main.o(i.SystemClock_Config) refers to stm32f4xx_hal_rcc.o(i.HAL_RCC_OscConfig) for HAL_RCC_OscConfig
    main.o(i.SystemClock_Config) refers to stm32f4xx_hal_rcc.o(i.HAL_RCC_ClockConfig) for HAL_RCC_ClockConfig
    main.o(i.main) refers to _printf_percent.o(.ARM.Collect$$_printf_percent$$00000000) for _printf_percent
    main.o(i.main) refers to _printf_s.o(.ARM.Collect$$_printf_percent$$00000014) for _printf_s
    main.o(i.main) refers to _printf_str.o(.text) for _printf_str
    main.o(i.main) refers to _printf_d.o(.ARM.Collect$$_printf_percent$$00000009) for _printf_d
    main.o(i.main) refers to _printf_dec.o(.text) for _printf_int_dec
    main.o(i.main) refers to stm32f4xx_hal.o(i.HAL_Init) for HAL_Init
    main.o(i.main) refers to main.o(i.SystemClock_Config) for SystemClock_Config
    main.o(i.main) refers to gpio.o(i.MX_GPIO_Init) for MX_GPIO_Init
    main.o(i.main) refers to dma.o(i.MX_DMA_Init) for MX_DMA_Init
    main.o(i.main) refers to usart.o(i.MX_UART4_Init) for MX_UART4_Init
    main.o(i.main) refers to tim.o(i.MX_TIM1_Init) for MX_TIM1_Init
    main.o(i.main) refers to fatfs.o(i.MX_FATFS_Init) for MX_FATFS_Init
    main.o(i.main) refers to rtc.o(i.MX_RTC_Init) for MX_RTC_Init
    main.o(i.main) refers to sdio.o(i.MX_SDIO_SD_Init_Fix) for MX_SDIO_SD_Init_Fix
    main.o(i.main) refers to common.o(i.Common_Init) for Common_Init
    main.o(i.main) refers to stm32f4xx_hal_tim.o(i.HAL_TIM_Base_Start_IT) for HAL_TIM_Base_Start_IT
    main.o(i.main) refers to bsp_driver_sd.o(i.BSP_SD_IsDetected) for BSP_SD_IsDetected
    main.o(i.main) refers to noretval__2printf.o(.text) for __2printf
    main.o(i.main) refers to stm32f4xx_hal_gpio.o(i.HAL_GPIO_ReadPin) for HAL_GPIO_ReadPin
    main.o(i.main) refers to ff.o(i.f_mount) for f_mount
    main.o(i.main) refers to stm32f4xx_hal.o(i.HAL_GetTick) for HAL_GetTick
    main.o(i.main) refers to stm32f4xx_hal_sd.o(i.HAL_SD_GetCardState) for HAL_SD_GetCardState
    main.o(i.main) refers to stm32f4xx_hal.o(i.HAL_Delay) for HAL_Delay
    main.o(i.main) refers to usb_device.o(i.MX_USB_DEVICE_Init) for MX_USB_DEVICE_Init
[...]
    HAL_TIMEx_MasterConfigSynchronization    0x08003965   Thumb Code   116  stm32f4xx_hal_tim_ex.o(i.HAL_TIMEx_MasterConfigSynchronization)
    HAL_TIM_Base_Init                        0x080039f5   Thumb Code    90  stm32f4xx_hal_tim.o(i.HAL_TIM_Base_Init)
    HAL_TIM_Base_MspInit                     0x08003a51   Thumb Code    50  tim.o(i.HAL_TIM_Base_MspInit)
    HAL_TIM_Base_Start_IT                    0x08003a8d   Thumb Code   100  stm32f4xx_hal_tim.o(i.HAL_TIM_Base_Start_IT)
    HAL_TIM_ConfigClockSource                0x08003b0d   Thumb Code   220  stm32f4xx_hal_tim.o(i.HAL_TIM_ConfigClockSource)
    HAL_TIM_IC_CaptureCallback               0x08003be9   Thumb Code     2  stm32f4xx_hal_tim.o(i.HAL_TIM_IC_CaptureCallback)
    HAL_TIM_IRQHandler                       0x08003beb   Thumb Code   304  stm32f4xx_hal_tim.o(i.HAL_TIM_IRQHandler)
    HAL_TIM_OC_DelayElapsedCallback          0x08003d1b   Thumb Code     2  stm32f4xx_hal_tim.o(i.HAL_TIM_OC_DelayElapsedCallback)
    HAL_TIM_PWM_PulseFinishedCallback        0x08003d1d   Thumb Code     2  stm32f4xx_hal_tim.o(i.HAL_TIM_PWM_PulseFinishedCallback)
    HAL_TIM_PeriodElapsedCallback            0x08003d21   Thumb Code    22  main.o(i.HAL_TIM_PeriodElapsedCallback)
    HAL_TIM_TriggerCallback                  0x08003d41   Thumb Code     2  stm32f4xx_hal_tim.o(i.HAL_TIM_TriggerCallback)
    HAL_UARTEx_RxEventCallback               0x08003d43   Thumb Code     2  stm32f4xx_hal_uart.o(i.HAL_UARTEx_RxEventCallback)
    HAL_UART_ErrorCallback                   0x08003d45   Thumb Code     2  stm32f4xx_hal_uart.o(i.HAL_UART_ErrorCallback)
    HAL_UART_IRQHandler                      0x08003d49   Thumb Code   636  stm32f4xx_hal_uart.o(i.HAL_UART_IRQHandler)
    HAL_UART_Init                            0x08003fc9   Thumb Code   100  stm32f4xx_hal_uart.o(i.HAL_UART_Init)
    HAL_UART_MspInit                         0x0800402d   Thumb Code   106  usart.o(i.HAL_UART_MspInit)
    HAL_UART_Receive                         0x080040a5   Thumb Code   176  stm32f4xx_hal_uart.o(i.HAL_UART_Receive)
    HAL_UART_RxCpltCallback                  0x08004155   Thumb Code     2  stm32f4xx_hal_uart.o(i.HAL_UART_RxCpltCallback)
    HAL_UART_Transmit                        0x08004157   Thumb Code   160  stm32f4xx_hal_uart.o(i.HAL_UART_Transmit)
    HAL_UART_TxCpltCallback                  0x080041f7   Thumb Code     2  stm32f4xx_hal_uart.o(i.HAL_UART_TxCpltCallback)
    HardFault_Handler                        0x080041f9   Thumb Code     2  stm32f4xx_it.o(i.HardFault_Handler)
    Int2Str                                  0x080041fd   Thumb Code    60  common.o(i.Int2Str)
    MSC_BOT_CplClrFeature                    0x080043c5   Thumb Code    72  usbd_msc_bot.o(i.MSC_BOT_CplClrFeature)
    MSC_BOT_DataIn                           0x08004415   Thumb Code    70  usbd_msc_bot.o(i.MSC_BOT_DataIn)
    MSC_BOT_DataOut                          0x0800445b   Thumb Code    70  usbd_msc_bot.o(i.MSC_BOT_DataOut)
    MSC_BOT_DeInit                           0x080044a1   Thumb Code    22  usbd_msc_bot.o(i.MSC_BOT_DeInit)
    MSC_BOT_Init                             0x080044b9   Thumb Code    96  usbd_msc_bot.o(i.MSC_BOT_Init)
    MSC_BOT_Reset                            0x08004521   Thumb Code    68  usbd_msc_bot.o(i.MSC_BOT_Reset)
    MSC_BOT_SendCSW                          0x0800456d   Thumb Code    72  usbd_msc_bot.o(i.MSC_BOT_SendCSW)
    MX_DMA_Init                              0x080045c1   Thumb Code    56  dma.o(i.MX_DMA_Init)
    MX_FATFS_Init                            0x080045fd   Thumb Code    18  fatfs.o(i.MX_FATFS_Init)
    MX_GPIO_Init                             0x08004619   Thumb Code   146  gpio.o(i.MX_GPIO_Init)
    MX_RTC_Init                              0x080046b9   Thumb Code   120  rtc.o(i.MX_RTC_Init)
    MX_SDIO_SD_Init_Fix                      0x08004739   Thumb Code    22  sdio.o(i.MX_SDIO_SD_Init_Fix)
    MX_TIM1_Init                             0x08004759   Thumb Code    98  tim.o(i.MX_TIM1_Init)
    MX_UART4_Init                            0x080047c5   Thumb Code    48  usart.o(i.MX_UART4_Init)
    MX_USB_DEVICE_Init                       0x080047fd   Thumb Code    66  usb_device.o(i.MX_USB_DEVICE_Init)
    Main_Menu                                0x08004851   Thumb Code   254  menu.o(i.Main_Menu)
    MemManage_Handler                        0x08004c59   Thumb Code     2  stm32f4xx_it.o(i.MemManage_Handler)
    NMI_Handler                              0x08004c5b   Thumb Code     2  stm32f4xx_it.o(i.NMI_Handler)
    OTG_FS_IRQHandler                        0x08004c5d   Thumb Code     6  stm32f4xx_it.o(i.OTG_FS_IRQHandler)
    PendSV_Handler                           0x08004dd7   Thumb Code     2  stm32f4xx_it.o(i.PendSV_Handler)
    RTC_ByteToBcd2                           0x08004dd9   Thumb Code    22  stm32f4xx_hal_rtc.o(i.RTC_ByteToBcd2)
    RTC_EnterInitMode                        0x08004df1   Thumb Code    72  stm32f4xx_hal_rtc.o(i.RTC_EnterInitMode)
    RTC_ExitInitMode                         0x08004e39   Thumb Code    42  stm32f4xx_hal_rtc.o(i.RTC_ExitInitMode)
    SCSI_ProcessCmd                          0x08004fd1   Thumb Code   476  usbd_msc_scsi.o(i.SCSI_ProcessCmd)
    SCSI_SenseCode                           0x08005721   Thumb Code    76  usbd_msc_scsi.o(i.SCSI_SenseCode)
    SDIO_ConfigData                          0x080059c9   Thumb Code    36  stm32f4xx_ll_sdmmc.o(i.SDIO_ConfigData)
    SDIO_GetPowerState                       0x080059ed   Thumb Code     8  stm32f4xx_ll_sdmmc.o(i.SDIO_GetPowerState)
    SDIO_GetResponse                         0x080059f5   Thumb Code     6  stm32f4xx_ll_sdmmc.o(i.SDIO_GetResponse)
    SDIO_IRQHandler                          0x080059fd   Thumb Code     6  stm32f4xx_it.o(i.SDIO_IRQHandler)
    SDIO_Init                                0x08005a09   Thumb Code    36  stm32f4xx_ll_sdmmc.o(i.SDIO_Init)
    SDIO_PowerState_ON                       0x08005a2d   Thumb Code     8  stm32f4xx_ll_sdmmc.o(i.SDIO_PowerState_ON)
    SDIO_ReadFIFO                            0x08005a35   Thumb Code     6  stm32f4xx_ll_sdmmc.o(i.SDIO_ReadFIFO)
    SDIO_SendCommand                         0x08005a3b   Thumb Code    32  stm32f4xx_ll_sdmmc.o(i.SDIO_SendCommand)
    SDIO_WriteFIFO                           0x08005a5b   Thumb Code    10  stm32f4xx_ll_sdmmc.o(i.SDIO_WriteFIFO)
    SDMMC_CmdAppCommand                      0x08005a65   Thumb Code    50  stm32f4xx_ll_sdmmc.o(i.SDMMC_CmdAppCommand)
    SDMMC_CmdAppOperCommand                  0x08005a99   Thumb Code    48  stm32f4xx_ll_sdmmc.o(i.SDMMC_CmdAppOperCommand)
    SDMMC_CmdBlockLength                     0x08005acd   Thumb Code    50  stm32f4xx_ll_sdmmc.o(i.SDMMC_CmdBlockLength)
    SDMMC_CmdBusWidth                        0x08005aff   Thumb Code    50  stm32f4xx_ll_sdmmc.o(i.SDMMC_CmdBusWidth)
    SDMMC_CmdGoIdleState                     0x08005b31   Thumb Code    74  stm32f4xx_ll_sdmmc.o(i.SDMMC_CmdGoIdleState)
    SDMMC_CmdOperCond                        0x08005b81   Thumb Code    48  stm32f4xx_ll_sdmmc.o(i.SDMMC_CmdOperCond)
    SDMMC_CmdReadMultiBlock                  0x08005bb1   Thumb Code    50  stm32f4xx_ll_sdmmc.o(i.SDMMC_CmdReadMultiBlock)
    SDMMC_CmdReadSingleBlock                 0x08005be3   Thumb Code    50  stm32f4xx_ll_sdmmc.o(i.SDMMC_CmdReadSingleBlock)
    SDMMC_CmdSelDesel                        0x08005c15   Thumb Code    50  stm32f4xx_ll_sdmmc.o(i.SDMMC_CmdSelDesel)
    SDMMC_CmdSendCID                         0x08005c47   Thumb Code    44  stm32f4xx_ll_sdmmc.o(i.SDMMC_CmdSendCID)
    SDMMC_CmdSendCSD                         0x08005c73   Thumb Code    44  stm32f4xx_ll_sdmmc.o(i.SDMMC_CmdSendCSD)
    SDMMC_CmdSendSCR                         0x08005c9f   Thumb Code    48  stm32f4xx_ll_sdmmc.o(i.SDMMC_CmdSendSCR)
    SDMMC_CmdSendStatus                      0x08005ccf   Thumb Code    50  stm32f4xx_ll_sdmmc.o(i.SDMMC_CmdSendStatus)
    SDMMC_CmdSetRelAdd                       0x08005d01   Thumb Code    48  stm32f4xx_ll_sdmmc.o(i.SDMMC_CmdSetRelAdd)
    SDMMC_CmdStopTransfer                    0x08005d31   Thumb Code    46  stm32f4xx_ll_sdmmc.o(i.SDMMC_CmdStopTransfer)
    SDMMC_CmdWriteMultiBlock                 0x08005d65   Thumb Code    50  stm32f4xx_ll_sdmmc.o(i.SDMMC_CmdWriteMultiBlock)
    SDMMC_CmdWriteSingleBlock                0x08005d97   Thumb Code    50  stm32f4xx_ll_sdmmc.o(i.SDMMC_CmdWriteSingleBlock)
    SDMMC_GetCmdResp1                        0x08005dc9   Thumb Code   278  stm32f4xx_ll_sdmmc.o(i.SDMMC_GetCmdResp1)
    SDMMC_GetCmdResp2                        0x08005ee9   Thumb Code    76  stm32f4xx_ll_sdmmc.o(i.SDMMC_GetCmdResp2)
    SDMMC_GetCmdResp3                        0x08005f39   Thumb Code    62  stm32f4xx_ll_sdmmc.o(i.SDMMC_GetCmdResp3)
    SDMMC_GetCmdResp6                        0x08005f7d   Thumb Code   130  stm32f4xx_ll_sdmmc.o(i.SDMMC_GetCmdResp6)
    SDMMC_GetCmdResp7                        0x08006005   Thumb Code    82  stm32f4xx_ll_sdmmc.o(i.SDMMC_GetCmdResp7)
    SD_initialize                            0x08006461   Thumb Code    24  sd_diskio.o(i.SD_initialize)
    SD_ioctl                                 0x0800647d   Thumb Code    76  sd_diskio.o(i.SD_ioctl)
    SD_read                                  0x080064cd   Thumb Code   114  sd_diskio.o(i.SD_read)
    SD_status                                0x08006545   Thumb Code     4  sd_diskio.o(i.SD_status)
    SD_write                                 0x08006549   Thumb Code   114  sd_diskio.o(i.SD_write)
    SVC_Handler                              0x08006651   Thumb Code     2  stm32f4xx_it.o(i.SVC_Handler)
    SerialDownload                           0x0800665d   Thumb Code   106  menu.o(i.SerialDownload)
    SerialUpload                             0x080067d1   Thumb Code    66  menu.o(i.SerialUpload)
    Serial_PutByte                           0x0800689d   Thumb Code    34  common.o(i.Serial_PutByte)
    Serial_PutString                         0x080068c5   Thumb Code    34  common.o(i.Serial_PutString)
    Str2Int                                  0x080068ed   Thumb Code   184  common.o(i.Str2Int)
    SysTick_Handler                          0x080069a5   Thumb Code     4  stm32f4xx_it.o(i.SysTick_Handler)
    SystemClock_Config                       0x080069a9   Thumb Code   146  main.o(i.SystemClock_Config)
    SystemInit                               0x08006a45   Thumb Code    12  system_stm32f4xx.o(i.SystemInit)
    TIM1_UP_TIM10_IRQHandler                 0x08006a55   Thumb Code     6  stm32f4xx_it.o(i.TIM1_UP_TIM10_IRQHandler)
    TIM_Base_SetConfig                       0x08006a61   Thumb Code   164  stm32f4xx_hal_tim.o(i.TIM_Base_SetConfig)
    TIM_ETR_SetConfig                        0x08006b31   Thumb Code    20  stm32f4xx_hal_tim.o(i.TIM_ETR_SetConfig)
    UART4_IRQHandler                         0x08006b9d   Thumb Code     6  stm32f4xx_it.o(i.UART4_IRQHandler)
    USBD_ClrClassConfig                      0x08006e47   Thumb Code    20  usbd_core.o(i.USBD_ClrClassConfig)
    USBD_CoreFindEP                          0x08006e5b   Thumb Code     4  usbd_core.o(i.USBD_CoreFindEP)
    USBD_CoreFindIF                          0x08006e5f   Thumb Code     4  usbd_core.o(i.USBD_CoreFindIF)
    USBD_CtlContinueRx                       0x08006e63   Thumb Code    16  usbd_ioreq.o(i.USBD_CtlContinueRx)
    USBD_CtlContinueSendData                 0x08006e73   Thumb Code    16  usbd_ioreq.o(i.USBD_CtlContinueSendData)
    USBD_CtlError                            0x08006e83   Thumb Code    22  usbd_ctlreq.o(i.USBD_CtlError)
    USBD_CtlReceiveStatus                    0x08006e99   Thumb Code    22  usbd_ioreq.o(i.USBD_CtlReceiveStatus)
    USBD_CtlSendData                         0x08006eaf   Thumb Code    28  usbd_ioreq.o(i.USBD_CtlSendData)
    USBD_CtlSendStatus                       0x08006ecb   Thumb Code    22  usbd_ioreq.o(i.USBD_CtlSendStatus)
    USBD_FS_ConfigStrDescriptor              0x08006ee1   Thumb Code    16  usbd_desc.o(i.USBD_FS_ConfigStrDescriptor)
    USBD_FS_DeviceDescriptor                 0x08006f01   Thumb Code     8  usbd_desc.o(i.USBD_FS_DeviceDescriptor)
    USBD_FS_InterfaceStrDescriptor           0x08006f0d   Thumb Code    16  usbd_desc.o(i.USBD_FS_InterfaceStrDescriptor)
    USBD_FS_LangIDStrDescriptor              0x08006f31   Thumb Code     8  usbd_desc.o(i.USBD_FS_LangIDStrDescriptor)
    USBD_FS_ManufacturerStrDescriptor        0x08006f3d   Thumb Code    16  usbd_desc.o(i.USBD_FS_ManufacturerStrDescriptor)
    USBD_FS_ProductStrDescriptor             0x08006f65   Thumb Code    16  usbd_desc.o(i.USBD_FS_ProductStrDescriptor)
    USBD_FS_SerialStrDescriptor              0x08006f8d   Thumb Code    48  usbd_desc.o(i.USBD_FS_SerialStrDescriptor)
    USBD_GetEpDesc                           0x080070ab   Thumb Code    58  usbd_core.o(i.USBD_GetEpDesc)
    USBD_GetNextDesc                         0x080070f9   Thumb Code    14  usbd_core.o(i.USBD_GetNextDesc)
    USBD_GetString                           0x08007107   Thumb Code    78  usbd_ctlreq.o(i.USBD_GetString)
    USBD_Get_USB_Status                      0x08007155   Thumb Code    24  usbd_conf.o(i.USBD_Get_USB_Status)
    USBD_Init                                0x0800716d   Thumb Code    38  usbd_core.o(i.USBD_Init)
    USBD_LL_ClearStallEP                     0x08007193   Thumb Code    18  usbd_conf.o(i.USBD_LL_ClearStallEP)
    USBD_LL_CloseEP                          0x080071a5   Thumb Code    18  usbd_conf.o(i.USBD_LL_CloseEP)
    USBD_LL_DataInStage                      0x080071b7   Thumb Code   184  usbd_core.o(i.USBD_LL_DataInStage)
    USBD_LL_DataOutStage                     0x0800726f   Thumb Code   148  usbd_core.o(i.USBD_LL_DataOutStage)
    USBD_LL_DevConnected                     0x08007303   Thumb Code     4  usbd_core.o(i.USBD_LL_DevConnected)
    USBD_LL_DevDisconnected                  0x08007307   Thumb Code    30  usbd_core.o(i.USBD_LL_DevDisconnected)
    USBD_LL_FlushEP                          0x08007325   Thumb Code    18  usbd_conf.o(i.USBD_LL_FlushEP)
    USBD_LL_GetRxDataSize                    0x08007337   Thumb Code     8  usbd_conf.o(i.USBD_LL_GetRxDataSize)
    USBD_LL_Init                             0x08007341   Thumb Code    90  usbd_conf.o(i.USBD_LL_Init)
    USBD_LL_IsStallEP                        0x080073a1   Thumb Code    30  usbd_conf.o(i.USBD_LL_IsStallEP)
    USBD_LL_IsoINIncomplete                  0x080073bf   Thumb Code    40  usbd_core.o(i.USBD_LL_IsoINIncomplete)
    USBD_LL_IsoOUTIncomplete                 0x080073e7   Thumb Code    40  usbd_core.o(i.USBD_LL_IsoOUTIncomplete)
    USBD_LL_OpenEP                           0x0800740f   Thumb Code    24  usbd_conf.o(i.USBD_LL_OpenEP)
    USBD_LL_PrepareReceive                   0x08007427   Thumb Code    18  usbd_conf.o(i.USBD_LL_PrepareReceive)
    USBD_LL_Reset                            0x08007439   Thumb Code    94  usbd_core.o(i.USBD_LL_Reset)
    USBD_LL_Resume                           0x08007497   Thumb Code    20  usbd_core.o(i.USBD_LL_Resume)
    USBD_LL_SOF                              0x080074ab   Thumb Code    26  usbd_core.o(i.USBD_LL_SOF)
    USBD_LL_SetSpeed                         0x080074c5   Thumb Code     6  usbd_core.o(i.USBD_LL_SetSpeed)
    USBD_LL_SetUSBAddress                    0x080074cb   Thumb Code    18  usbd_conf.o(i.USBD_LL_SetUSBAddress)
    USBD_LL_SetupStage                       0x080074dd   Thumb Code    96  usbd_core.o(i.USBD_LL_SetupStage)
    USBD_LL_StallEP                          0x0800753d   Thumb Code    18  usbd_conf.o(i.USBD_LL_StallEP)
    USBD_LL_Start                            0x0800754f   Thumb Code    18  usbd_conf.o(i.USBD_LL_Start)
    USBD_LL_Suspend                          0x08007561   Thumb Code    26  usbd_core.o(i.USBD_LL_Suspend)
    USBD_LL_Transmit                         0x0800757b   Thumb Code    18  usbd_conf.o(i.USBD_LL_Transmit)
    USBD_MSC_DataIn                          0x0800758d   Thumb Code    10  usbd_msc.o(i.USBD_MSC_DataIn)
    USBD_MSC_DataOut                         0x08007597   Thumb Code    10  usbd_msc.o(i.USBD_MSC_DataOut)
    USBD_MSC_DeInit                          0x080075a1   Thumb Code   114  usbd_msc.o(i.USBD_MSC_DeInit)
    USBD_MSC_GetDeviceQualifierDescriptor    0x08007619   Thumb Code     8  usbd_msc.o(i.USBD_MSC_GetDeviceQualifierDescriptor)
    USBD_MSC_GetFSCfgDesc                    0x08007625   Thumb Code    40  usbd_msc.o(i.USBD_MSC_GetFSCfgDesc)
    USBD_MSC_GetHSCfgDesc                    0x08007651   Thumb Code    42  usbd_msc.o(i.USBD_MSC_GetHSCfgDesc)
    USBD_MSC_GetOtherSpeedCfgDesc            0x08007681   Thumb Code    40  usbd_msc.o(i.USBD_MSC_GetOtherSpeedCfgDesc)
    USBD_MSC_Init                            0x080076ad   Thumb Code   170  usbd_msc.o(i.USBD_MSC_Init)
    USBD_MSC_RegisterStorage                 0x0800775d   Thumb Code    22  usbd_msc.o(i.USBD_MSC_RegisterStorage)
    USBD_MSC_Setup                           0x08007773   Thumb Code   226  usbd_msc.o(i.USBD_MSC_Setup)
    USBD_ParseSetupRequest                   0x08007855   Thumb Code    44  usbd_ctlreq.o(i.USBD_ParseSetupRequest)
    USBD_RegisterClass                       0x08007881   Thumb Code    58  usbd_core.o(i.USBD_RegisterClass)
    USBD_SetClassConfig                      0x080078bb   Thumb Code    20  usbd_core.o(i.USBD_SetClassConfig)
    USBD_Start                               0x08007989   Thumb Code     4  usbd_core.o(i.USBD_Start)
    USBD_StdDevReq                           0x0800798d   Thumb Code   300  usbd_ctlreq.o(i.USBD_StdDevReq)
    USBD_StdEPReq                            0x08007ab9   Thumb Code   358  usbd_ctlreq.o(i.USBD_StdEPReq)
    USBD_StdItfReq                           0x08007c1f   Thumb Code   114  usbd_ctlreq.o(i.USBD_StdItfReq)
    USBD_static_free                         0x08007c91   Thumb Code     2  usbd_conf.o(i.USBD_static_free)
    USBD_static_malloc                       0x08007c95   Thumb Code     4  usbd_conf.o(i.USBD_static_malloc)
    USB_ActivateEndpoint                     0x08007c9d   Thumb Code   122  stm32f4xx_ll_usb.o(i.USB_ActivateEndpoint)
    USB_ActivateSetup                        0x08007d1d   Thumb Code    28  stm32f4xx_ll_usb.o(i.USB_ActivateSetup)
    USB_CoreInit                             0x08007d39   Thumb Code   126  stm32f4xx_ll_usb.o(i.USB_CoreInit)
    USB_DeactivateEndpoint                   0x08007e01   Thumb Code   194  stm32f4xx_ll_usb.o(i.USB_DeactivateEndpoint)
    USB_DevConnect                           0x08007ecd   Thumb Code    28  stm32f4xx_ll_usb.o(i.USB_DevConnect)
    USB_DevDisconnect                        0x08007ee9   Thumb Code    28  stm32f4xx_ll_usb.o(i.USB_DevDisconnect)
    USB_DevInit                              0x08007f05   Thumb Code   370  stm32f4xx_ll_usb.o(i.USB_DevInit)
    USB_DisableGlobalInt                     0x08008081   Thumb Code    12  stm32f4xx_ll_usb.o(i.USB_DisableGlobalInt)
    USB_EP0_OutStart                         0x0800808d   Thumb Code    84  stm32f4xx_ll_usb.o(i.USB_EP0_OutStart)
    USB_EPClearStall                         0x080080e5   Thumb Code    88  stm32f4xx_ll_usb.o(i.USB_EPClearStall)
    USB_EPSetStall                           0x0800813d   Thumb Code    88  stm32f4xx_ll_usb.o(i.USB_EPSetStall)
    USB_EPStartXfer                          0x08008195   Thumb Code   562  stm32f4xx_ll_usb.o(i.USB_EPStartXfer)
    USB_EPStopXfer                           0x080083cd   Thumb Code   158  stm32f4xx_ll_usb.o(i.USB_EPStopXfer)
    USB_EnableGlobalInt                      0x0800846b   Thumb Code    12  stm32f4xx_ll_usb.o(i.USB_EnableGlobalInt)
    USB_FlushRxFifo                          0x08008477   Thumb Code    56  stm32f4xx_ll_usb.o(i.USB_FlushRxFifo)
    USB_FlushTxFifo                          0x080084af   Thumb Code    60  stm32f4xx_ll_usb.o(i.USB_FlushTxFifo)
    USB_GetDevSpeed                          0x080084eb   Thumb Code    26  stm32f4xx_ll_usb.o(i.USB_GetDevSpeed)
    USB_GetMode                              0x08008505   Thumb Code     8  stm32f4xx_ll_usb.o(i.USB_GetMode)
    USB_ReadDevAllInEpInterrupt              0x0800850d   Thumb Code    14  stm32f4xx_ll_usb.o(i.USB_ReadDevAllInEpInterrupt)
    USB_ReadDevAllOutEpInterrupt             0x0800851b   Thumb Code    14  stm32f4xx_ll_usb.o(i.USB_ReadDevAllOutEpInterrupt)
    USB_ReadDevInEPInterrupt                 0x08008529   Thumb Code    36  stm32f4xx_ll_usb.o(i.USB_ReadDevInEPInterrupt)
    USB_ReadDevOutEPInterrupt                0x0800854d   Thumb Code    16  stm32f4xx_ll_usb.o(i.USB_ReadDevOutEPInterrupt)
    USB_ReadInterrupts                       0x0800855d   Thumb Code     8  stm32f4xx_ll_usb.o(i.USB_ReadInterrupts)
    USB_ReadPacket                           0x08008565   Thumb Code    62  stm32f4xx_ll_usb.o(i.USB_ReadPacket)
    USB_SetCurrentMode                       0x080085a3   Thumb Code    92  stm32f4xx_ll_usb.o(i.USB_SetCurrentMode)
    USB_SetDevAddress                        0x080085ff   Thumb Code    34  stm32f4xx_ll_usb.o(i.USB_SetDevAddress)
    USB_SetTurnaroundTime                    0x08008621   Thumb Code   158  stm32f4xx_ll_usb.o(i.USB_SetTurnaroundTime)
    USB_WritePacket                          0x08008709   Thumb Code    40  stm32f4xx_ll_usb.o(i.USB_WritePacket)
    UpdateCRC16                              0x08008731   Thumb Code    32  ymodem.o(i.UpdateCRC16)
    UsageFault_Handler                       0x08008751   Thumb Code     2  stm32f4xx_it.o(i.UsageFault_Handler)
    Ymodem_Receive                           0x08008755   Thumb Code   384  ymodem.o(i.Ymodem_Receive)
    Ymodem_Transmit                          0x080088e9   Thumb Code   704  ymodem.o(i.Ymodem_Transmit)
    _sys_exit                                0x08008bd1   Thumb Code     2  usart.o(i._sys_exit)
    disk_initialize                          0x08008c65   Thumb Code    38  diskio.o(i.disk_initialize)
    disk_read                                0x08008c91   Thumb Code    24  diskio.o(i.disk_read)
    disk_status                              0x08008cad   Thumb Code    18  diskio.o(i.disk_status)
    disk_write                               0x08008cc5   Thumb Code    24  diskio.o(i.disk_write)
    f_mount                                  0x08008ce1   Thumb Code    84  ff.o(i.f_mount)
    fputc                                    0x08008f8d   Thumb Code    18  usart.o(i.fputc)
    jump_to_app                              0x08008fe1   Thumb Code    66  bootloader_core.o(i.jump_to_app)
    led_control_task                         0x08009049   Thumb Code    52  led.o(i.led_control_task)
    main                                     0x08009085   Thumb Code   206  main.o(i.main)
    uart_wait_command                        0x080092c9   Thumb Code    24  usart.o(i.uart_wait_command)
    _fp_init                                 0x080092e5   Thumb Code    10  fpinit.o(x$fpl$fpinit)
    __fplib_config_fpu_vfp                   0x080092ed   Thumb Code     0  fpinit.o(x$fpl$fpinit)
    __fplib_config_pureend_doubles           0x080092ed   Thumb Code     0  fpinit.o(x$fpl$fpinit)
    AHBPrescTable                            0x080092ee   Data          16  system_stm32f4xx.o(.constdata)
    APBPrescTable                            0x080092fe   Data           8  system_stm32f4xx.o(.constdata)
    SD_Driver                                0x08009310   Data          20  sd_diskio.o(.constdata)
    STORAGE_Inquirydata_FS                   0x08009324   Data          36  usbd_storage_if.o(.constdata)
    Region$$Table$$Base                      0x08009518   Number         0  anon$$obj.o(Region$$Table)
    Region$$Table$$Limit                     0x08009538   Number         0  anon$$obj.o(Region$$Table)
    cmd                                      0x20000000   Data           1  usart.o(.data)
    __stdout                                 0x20000004   Data           4  usart.o(.data)
    SystemCoreClock                          0x20000008   Data           4  system_stm32f4xx.o(.data)
    FlashProtection                          0x2000000c   Data           4  menu.o(.data)
    flashdestination                         0x20000010   Data           4  ymodem.o(.data)
    led_timer_counter                        0x20000014   Data           2  led.o(.data)
    pFlash                                   0x20000018   Data          32  stm32f4xx_hal_flash.o(.data)
    uwTickFreq                               0x20000038   Data           1  stm32f4xx_hal.o(.data)
    uwTickPrio                               0x2000003c   Data           4  stm32f4xx_hal.o(.data)
    uwTick                                   0x20000040   Data           4  stm32f4xx_hal.o(.data)
    bootloader_ctx                           0x20000044   Data         164  bootloader_core.o(.data)
    retSD                                    0x200000f4   Data           1  fatfs.o(.data)
    SDPath                                   0x200000f5   Data           4  fatfs.o(.data)
    FS_Desc                                  0x20000104   Data          28  usbd_desc.o(.data)
    USBD_LangIDDesc                          0x20000120   Data           4  usbd_desc.o(.data)
    USBD_FS_DeviceDesc                       0x20000124   Data          18  usbd_desc.o(.data)
    USBD_StringSerial                        0x20000138   Data          26  usbd_desc.o(.data)
    USBD_Storage_Interface_fops_FS           0x20000154   Data          32  usbd_storage_if.o(.data)
    USBD_MSC                                 0x20000178   Data          56  usbd_msc.o(.data)
    MSCInEpAdd                               0x200001b0   Data           1  usbd_msc.o(.data)
    MSCOutEpAdd                              0x200001b1   Data           1  usbd_msc.o(.data)
    MSC_Page00_Inquiry_Data                  0x200001de   Data           6  usbd_msc_data.o(.data)
    MSC_Page80_Inquiry_Data                  0x200001e4   Data           8  usbd_msc_data.o(.data)
    MSC_Mode_Sense6_data                     0x200001ec   Data           4  usbd_msc_data.o(.data)
    MSC_Mode_Sense10_data                    0x200001f0   Data           8  usbd_msc_data.o(.data)
    MSC_Diagnostic_Data                      0x200001f8   Data           8  usbd_msc_data.o(.data)
    hrtc                                     0x20000200   Data          32  rtc.o(.bss)
    hsd                                      0x20000220   Data         132  sdio.o(.bss)
    hdma_sdio_rx                             0x200002a4   Data          96  sdio.o(.bss)
    hdma_sdio_tx                             0x20000304   Data          96  sdio.o(.bss)
    htim1                                    0x20000364   Data          72  tim.o(.bss)
    huart4                                   0x200003ac   Data          72  usart.o(.bss)
    UartHandle                               0x200003f4   Data          72  common.o(.bss)
    aFileName                                0x2000043c   Data          64  menu.o(.bss)
    aPacketData                              0x2000047c   Data        1030  ymodem.o(.bss)
    SDFatFS                                  0x20000884   Data         564  fatfs.o(.bss)
    disk                                     0x20000ad8   Data          12  ff_gen_drv.o(.bss)
    hUsbDeviceFS                             0x20000ae4   Data         732  usb_device.o(.bss)
    USBD_StrDesc                             0x20000dc0   Data         512  usbd_desc.o(.bss)
    hpcd_USB_OTG_FS                          0x20001448   Data        1252  usbd_conf.o(.bss)
    __libspace_start                         0x20001944   Data          96  libspace.o(.bss)
    __temporary_stack_top$libspace           0x200019a4   Data           0  libspace.o(.bss)



==============================================================================

Memory Map of the image

  Image Entry point : 0x08000189

  Load Region LR_IROM1 (Base: 0x08000000, Size: 0x00009738, Max: 0x00100000, ABSOLUTE, COMPRESSED[0x000095f0])

    Execution Region ER_IROM1 (Exec base: 0x08000000, Load base: 0x08000000, Size: 0x00009538, Max: 0x00100000, ABSOLUTE)

    Exec Addr    Load Addr    Size         Type   Attr      Idx    E Section Name        Object

    0x08000000   0x08000000   0x00000188   Data   RO            3    RESET               startup_stm32f407xx.o
    0x08000188   0x08000188   0x00000008   Code   RO         6877  * !!!main             c_w.l(__main.o)
    0x08000190   0x08000190   0x00000034   Code   RO         7105    !!!scatter          c_w.l(__scatter.o)
    0x080001c4   0x080001c4   0x0000005a   Code   RO         7103    !!dczerorl2         c_w.l(__dczerorl2.o)
    0x0800021e   0x0800021e   0x00000002   PAD
    0x08000220   0x08000220   0x0000001c   Code   RO         7107    !!handler_zi        c_w.l(__scatter_zi.o)
    0x0800023c   0x0800023c   0x00000000   Code   RO         6868    .ARM.Collect$$_printf_percent$$00000000  c_w.l(_printf_percent.o)
    0x0800023c   0x0800023c   0x00000006   Code   RO         6867    .ARM.Collect$$_printf_percent$$00000009  c_w.l(_printf_d.o)
    0x08000242   0x08000242   0x00000006   Code   RO         6866    .ARM.Collect$$_printf_percent$$00000014  c_w.l(_printf_s.o)
    0x08000248   0x08000248   0x00000004   Code   RO         6917    .ARM.Collect$$_printf_percent$$00000017  c_w.l(_printf_percent_end.o)
    0x0800024c   0x0800024c   0x00000002   Code   RO         7042    .ARM.Collect$$libinit$$00000000  c_w.l(libinit.o)
    0x0800024e   0x0800024e   0x00000004   Code   RO         6920    .ARM.Collect$$libinit$$00000001  c_w.l(libinit2.o)
    0x08000252   0x08000252   0x00000000   Code   RO         6923    .ARM.Collect$$libinit$$00000004  c_w.l(libinit2.o)
    0x08000252   0x08000252   0x00000000   Code   RO         6926    .ARM.Collect$$libinit$$0000000A  c_w.l(libinit2.o)
    0x08000252   0x08000252   0x00000000   Code   RO         6928    .ARM.Collect$$libinit$$0000000C  c_w.l(libinit2.o)
    0x08000252   0x08000252   0x00000000   Code   RO         6930    .ARM.Collect$$libinit$$0000000E  c_w.l(libinit2.o)
    0x08000252   0x08000252   0x00000000   Code   RO         6933    .ARM.Collect$$libinit$$00000011  c_w.l(libinit2.o)
    0x08000252   0x08000252   0x00000000   Code   RO         6935    .ARM.Collect$$libinit$$00000013  c_w.l(libinit2.o)
    0x08000252   0x08000252   0x00000000   Code   RO         6937    .ARM.Collect$$libinit$$00000015  c_w.l(libinit2.o)
    0x08000252   0x08000252   0x00000000   Code   RO         6939    .ARM.Collect$$libinit$$00000017  c_w.l(libinit2.o)
    0x08000252   0x08000252   0x00000000   Code   RO         6941    .ARM.Collect$$libinit$$00000019  c_w.l(libinit2.o)
    0x08000252   0x08000252   0x00000000   Code   RO         6943    .ARM.Collect$$libinit$$0000001B  c_w.l(libinit2.o)
    0x08000252   0x08000252   0x00000000   Code   RO         6945    .ARM.Collect$$libinit$$0000001D  c_w.l(libinit2.o)
    0x08000252   0x08000252   0x00000000   Code   RO         6947    .ARM.Collect$$libinit$$0000001F  c_w.l(libinit2.o)
    0x08000252   0x08000252   0x00000000   Code   RO         6949    .ARM.Collect$$libinit$$00000021  c_w.l(libinit2.o)
    0x08000252   0x08000252   0x00000000   Code   RO         6951    .ARM.Collect$$libinit$$00000023  c_w.l(libinit2.o)
    0x08000252   0x08000252   0x00000000   Code   RO         6953    .ARM.Collect$$libinit$$00000025  c_w.l(libinit2.o)
    0x08000252   0x08000252   0x00000000   Code   RO         6957    .ARM.Collect$$libinit$$0000002C  c_w.l(libinit2.o)
    0x08000252   0x08000252   0x00000000   Code   RO         6959    .ARM.Collect$$libinit$$0000002E  c_w.l(libinit2.o)
    0x08000252   0x08000252   0x00000000   Code   RO         6961    .ARM.Collect$$libinit$$00000030  c_w.l(libinit2.o)
    0x08000252   0x08000252   0x00000000   Code   RO         6963    .ARM.Collect$$libinit$$00000032  c_w.l(libinit2.o)
    0x08000252   0x08000252   0x00000002   Code   RO         6964    .ARM.Collect$$libinit$$00000033  c_w.l(libinit2.o)
    0x08000254   0x08000254   0x00000002   Code   RO         7100    .ARM.Collect$$libshutdown$$00000000  c_w.l(libshutdown.o)
    0x08000256   0x08000256   0x00000000   Code   RO         7056    .ARM.Collect$$libshutdown$$00000002  c_w.l(libshutdown2.o)
    0x08000256   0x08000256   0x00000000   Code   RO         7058    .ARM.Collect$$libshutdown$$00000004  c_w.l(libshutdown2.o)
    0x08000256   0x08000256   0x00000000   Code   RO         7060    .ARM.Collect$$libshutdown$$00000006  c_w.l(libshutdown2.o)
    0x08000256   0x08000256   0x00000000   Code   RO         7063    .ARM.Collect$$libshutdown$$00000009  c_w.l(libshutdown2.o)
    0x08000256   0x08000256   0x00000000   Code   RO         7066    .ARM.Collect$$libshutdown$$0000000C  c_w.l(libshutdown2.o)
    0x08000256   0x08000256   0x00000000   Code   RO         7068    .ARM.Collect$$libshutdown$$0000000E  c_w.l(libshutdown2.o)
    0x08000256   0x08000256   0x00000000   Code   RO         7071    .ARM.Collect$$libshutdown$$00000011  c_w.l(libshutdown2.o)
    0x08000256   0x08000256   0x00000002   Code   RO         7072    .ARM.Collect$$libshutdown$$00000012  c_w.l(libshutdown2.o)
    0x08000258   0x08000258   0x00000000   Code   RO         6881    .ARM.Collect$$rtentry$$00000000  c_w.l(__rtentry.o)
    0x08000258   0x08000258   0x00000000   Code   RO         6971    .ARM.Collect$$rtentry$$00000002  c_w.l(__rtentry2.o)
    0x08000258   0x08000258   0x00000006   Code   RO         6983    .ARM.Collect$$rtentry$$00000004  c_w.l(__rtentry4.o)
    0x0800025e   0x0800025e   0x00000000   Code   RO         6973    .ARM.Collect$$rtentry$$00000009  c_w.l(__rtentry2.o)
    0x0800025e   0x0800025e   0x00000004   Code   RO         6974    .ARM.Collect$$rtentry$$0000000A  c_w.l(__rtentry2.o)
    0x08000262   0x08000262   0x00000000   Code   RO         6976    .ARM.Collect$$rtentry$$0000000C  c_w.l(__rtentry2.o)
    0x08000262   0x08000262   0x00000008   Code   RO         6977    .ARM.Collect$$rtentry$$0000000D  c_w.l(__rtentry2.o)
    0x0800026a   0x0800026a   0x00000002   Code   RO         7043    .ARM.Collect$$rtexit$$00000000  c_w.l(rtexit.o)
    0x0800026c   0x0800026c   0x00000000   Code   RO         7076    .ARM.Collect$$rtexit$$00000002  c_w.l(rtexit2.o)
    0x0800026c   0x0800026c   0x00000004   Code   RO         7077    .ARM.Collect$$rtexit$$00000003  c_w.l(rtexit2.o)
    0x08000270   0x08000270   0x00000006   Code   RO         7078    .ARM.Collect$$rtexit$$00000004  c_w.l(rtexit2.o)
    0x08000276   0x08000276   0x00000002   PAD
    0x08000278   0x08000278   0x00000040   Code   RO            4    .text               startup_stm32f407xx.o
    0x080002b8   0x080002b8   0x000000ee   Code   RO         6834    .text               c_w.l(lludivv7m.o)
    0x080003a6   0x080003a6   0x00000002   PAD
    0x080003a8   0x080003a8   0x00000018   Code   RO         6838    .text               c_w.l(noretval__2printf.o)
    0x080003c0   0x080003c0   0x00000068   Code   RO         6840    .text               c_w.l(__printf.o)
    0x08000428   0x08000428   0x00000052   Code   RO         6842    .text               c_w.l(_printf_str.o)
    0x0800047a   0x0800047a   0x00000002   PAD
    0x0800047c   0x0800047c   0x00000078   Code   RO         6844    .text               c_w.l(_printf_dec.o)
    0x080004f4   0x080004f4   0x00000064   Code   RO         6869    .text               c_w.l(rt_memcpy_w.o)
    0x08000558   0x08000558   0x00000044   Code   RO         6871    .text               c_w.l(rt_memclr.o)
    0x0800059c   0x0800059c   0x0000004e   Code   RO         6873    .text               c_w.l(rt_memclr_w.o)
    0x080005ea   0x080005ea   0x00000006   Code   RO         6875    .text               c_w.l(heapauxi.o)
    0x080005f0   0x080005f0   0x000000b2   Code   RO         6911    .text               c_w.l(_printf_intcommon.o)
    0x080006a2   0x080006a2   0x0000002c   Code   RO         6913    .text               c_w.l(_printf_char.o)
    0x080006ce   0x080006ce   0x00000002   PAD
    0x080006d0   0x080006d0   0x00000024   Code   RO         6915    .text               c_w.l(_printf_char_file.o)
    0x080006f4   0x080006f4   0x00000008   Code   RO         6967    .text               c_w.l(libspace.o)
    0x080006fc   0x080006fc   0x00000030   Code   RO         6995    .text               c_w.l(_printf_char_common.o)
    0x0800072c   0x0800072c   0x00000008   Code   RO         6997    .text               c_w.l(ferror.o)
    0x08000734   0x08000734   0x0000004a   Code   RO         7015    .text               c_w.l(sys_stackheap_outer.o)
    0x0800077e   0x0800077e   0x00000012   Code   RO         7023    .text               c_w.l(exit.o)
    0x08000790   0x08000790   0x00000018   Code   RO         5174    i.BSP_PlatformIsDetected  fatfs_platform.o
    0x080007a8   0x080007a8   0x00000002   Code   RO         4976    i.BSP_SD_AbortCallback  bsp_driver_sd.o
    0x080007aa   0x080007aa   0x00000002   PAD
    0x080007ac   0x080007ac   0x0000000c   Code   RO         4979    i.BSP_SD_GetCardInfo  bsp_driver_sd.o
    0x080007b8   0x080007b8   0x00000018   Code   RO         4980    i.BSP_SD_GetCardState  bsp_driver_sd.o
    0x080007d0   0x080007d0   0x00000030   Code   RO         4982    i.BSP_SD_Init       bsp_driver_sd.o
    0x08000800   0x08000800   0x0000001a   Code   RO         4983    i.BSP_SD_IsDetected  bsp_driver_sd.o
    0x0800081a   0x0800081a   0x00000002   PAD
    0x0800081c   0x0800081c   0x0000001c   Code   RO         4985    i.BSP_SD_ReadBlocks_DMA  bsp_driver_sd.o
    0x08000838   0x08000838   0x0000000c   Code   RO         5097    i.BSP_SD_ReadCpltCallback  sd_diskio.o
    0x08000844   0x08000844   0x0000001c   Code   RO         4988    i.BSP_SD_WriteBlocks_DMA  bsp_driver_sd.o
    0x08000860   0x08000860   0x0000000c   Code   RO         5098    i.BSP_SD_WriteCpltCallback  sd_diskio.o
    0x0800086c   0x0800086c   0x00000002   Code   RO          511    i.BusFault_Handler  stm32f4xx_it.o
    0x0800086e   0x0800086e   0x00000002   PAD
    0x08000870   0x08000870   0x00000028   Code   RO          852    i.Cal_CRC16         ymodem.o
    0x08000898   0x08000898   0x00000068   Code   RO          685    i.Common_Init       common.o
    0x08000900   0x08000900   0x0000000c   Code   RO          512    i.DMA2_Stream3_IRQHandler  stm32f4xx_it.o
    0x0800090c   0x0800090c   0x0000000c   Code   RO          513    i.DMA2_Stream6_IRQHandler  stm32f4xx_it.o
    0x08000918   0x08000918   0x00000028   Code   RO         1987    i.DMA_CalcBaseAndBitshift  stm32f4xx_hal_dma.o
    0x08000940   0x08000940   0x00000054   Code   RO         1988    i.DMA_CheckFifoParam  stm32f4xx_hal_dma.o
    0x08000994   0x08000994   0x00000028   Code   RO         1989    i.DMA_SetConfig     stm32f4xx_hal_dma.o
    0x080009bc   0x080009bc   0x00000002   Code   RO          514    i.DebugMon_Handler  stm32f4xx_it.o
    0x080009be   0x080009be   0x00000004   Code   RO           13    i.Error_Handler     main.o
    0x080009c2   0x080009c2   0x00000006   Code   RO         5654    i.FATFS_LinkDriver  ff_gen_drv.o
    0x080009c8   0x080009c8   0x00000040   Code   RO         5655    i.FATFS_LinkDriverEx  ff_gen_drv.o
    0x08000a08   0x08000a08   0x00000050   Code   RO         1802    i.FLASH_Erase_Sector  stm32f4xx_hal_flash_ex.o
    0x08000a58   0x08000a58   0x00000054   Code   RO         1803    i.FLASH_FlushCaches  stm32f4xx_hal_flash_ex.o
    0x08000aac   0x08000aac   0x00000030   Code   RO          743    i.FLASH_If_Erase    flash_if.o
    0x08000adc   0x08000adc   0x00000026   Code   RO          744    i.FLASH_If_GetWriteProtectionStatus  flash_if.o
    0x08000b02   0x08000b02   0x00000002   PAD
    0x08000b04   0x08000b04   0x00000014   Code   RO          745    i.FLASH_If_Init     flash_if.o
    0x08000b18   0x08000b18   0x00000048   Code   RO          746    i.FLASH_If_Write    flash_if.o
    0x08000b60   0x08000b60   0x0000003a   Code   RO          747    i.FLASH_If_WriteProtectionConfig  flash_if.o
    0x08000b9a   0x08000b9a   0x00000002   PAD
    0x08000b9c   0x08000b9c   0x00000028   Code   RO         1804    i.FLASH_MassErase   stm32f4xx_hal_flash_ex.o
    0x08000bc4   0x08000bc4   0x00000020   Code   RO         1684    i.FLASH_Program_Byte  stm32f4xx_hal_flash.o
    0x08000be4   0x08000be4   0x0000002c   Code   RO         1685    i.FLASH_Program_DoubleWord  stm32f4xx_hal_flash.o
    0x08000c10   0x08000c10   0x00000024   Code   RO         1686    i.FLASH_Program_HalfWord  stm32f4xx_hal_flash.o
    0x08000c34   0x08000c34   0x00000024   Code   RO         1687    i.FLASH_Program_Word  stm32f4xx_hal_flash.o
    0x08000c58   0x08000c58   0x00000068   Code   RO         1688    i.FLASH_SetErrorCode  stm32f4xx_hal_flash.o
    0x08000cc0   0x08000cc0   0x00000050   Code   RO         1689    i.FLASH_WaitForLastOperation  stm32f4xx_hal_flash.o
    0x08000d10   0x08000d10   0x000000bc   Code   RO          748    i.GetSector         flash_if.o
    0x08000dcc   0x08000dcc   0x00000092   Code   RO         1990    i.HAL_DMA_Abort     stm32f4xx_hal_dma.o
    0x08000e5e   0x08000e5e   0x00000024   Code   RO         1991    i.HAL_DMA_Abort_IT  stm32f4xx_hal_dma.o
    0x08000e82   0x08000e82   0x00000004   Code   RO         1993    i.HAL_DMA_GetError  stm32f4xx_hal_dma.o
    0x08000e86   0x08000e86   0x00000002   PAD
    0x08000e88   0x08000e88   0x000001a0   Code   RO         1995    i.HAL_DMA_IRQHandler  stm32f4xx_hal_dma.o
    0x08001028   0x08001028   0x000000d4   Code   RO         1996    i.HAL_DMA_Init      stm32f4xx_hal_dma.o
    0x080010fc   0x080010fc   0x0000006e   Code   RO         2000    i.HAL_DMA_Start_IT  stm32f4xx_hal_dma.o
    0x0800116a   0x0800116a   0x00000002   PAD
    0x0800116c   0x0800116c   0x00000048   Code   RO         2426    i.HAL_DeInit        stm32f4xx_hal.o
    0x080011b4   0x080011b4   0x00000024   Code   RO         2427    i.HAL_Delay         stm32f4xx_hal.o
    0x080011d8   0x080011d8   0x00000098   Code   RO         1805    i.HAL_FLASHEx_Erase  stm32f4xx_hal_flash_ex.o
    0x08001270   0x08001270   0x00000040   Code   RO         1807    i.HAL_FLASHEx_OBGetConfig  stm32f4xx_hal_flash_ex.o
    0x080012b0   0x080012b0   0x000000cc   Code   RO         1808    i.HAL_FLASHEx_OBProgram  stm32f4xx_hal_flash_ex.o
    0x0800137c   0x0800137c   0x00000014   Code   RO         1693    i.HAL_FLASH_Lock    stm32f4xx_hal_flash.o
    0x08001390   0x08001390   0x00000018   Code   RO         1694    i.HAL_FLASH_OB_Launch  stm32f4xx_hal_flash.o
    0x080013a8   0x080013a8   0x00000028   Code   RO         1696    i.HAL_FLASH_OB_Unlock  stm32f4xx_hal_flash.o
    0x080013d0   0x080013d0   0x0000007c   Code   RO         1698    i.HAL_FLASH_Program  stm32f4xx_hal_flash.o
    0x0800144c   0x0800144c   0x0000002c   Code   RO         1700    i.HAL_FLASH_Unlock  stm32f4xx_hal_flash.o
    0x08001478   0x08001478   0x000001f0   Code   RO         1883    i.HAL_GPIO_Init     stm32f4xx_hal_gpio.o
    0x08001668   0x08001668   0x0000000a   Code   RO         1885    i.HAL_GPIO_ReadPin  stm32f4xx_hal_gpio.o
    0x08001672   0x08001672   0x0000000a   Code   RO         1887    i.HAL_GPIO_WritePin  stm32f4xx_hal_gpio.o
    0x0800167c   0x0800167c   0x0000000c   Code   RO         2433    i.HAL_GetTick       stm32f4xx_hal.o
    0x08001688   0x08001688   0x00000010   Code   RO         2439    i.HAL_IncTick       stm32f4xx_hal.o
    0x08001698   0x08001698   0x00000034   Code   RO         2440    i.HAL_Init          stm32f4xx_hal.o
    0x080016cc   0x080016cc   0x00000040   Code   RO         2441    i.HAL_InitTick      stm32f4xx_hal.o
    0x0800170c   0x0800170c   0x00000002   Code   RO         2442    i.HAL_MspDeInit     stm32f4xx_hal.o
    0x0800170e   0x0800170e   0x00000002   PAD
    0x08001710   0x08001710   0x00000030   Code   RO          623    i.HAL_MspInit       stm32f4xx_hal_msp.o
    0x08001740   0x08001740   0x0000001a   Code   RO         2275    i.HAL_NVIC_EnableIRQ  stm32f4xx_hal_cortex.o
    0x0800175a   0x0800175a   0x00000002   PAD
    0x0800175c   0x0800175c   0x00000040   Code   RO         2281    i.HAL_NVIC_SetPriority  stm32f4xx_hal_cortex.o
    0x0800179c   0x0800179c   0x00000024   Code   RO         2282    i.HAL_NVIC_SetPriorityGrouping  stm32f4xx_hal_cortex.o
    0x080017c0   0x080017c0   0x00000002   Code   RO         1182    i.HAL_PCDEx_LPM_Callback  stm32f4xx_hal_pcd_ex.o
    0x080017c2   0x080017c2   0x00000008   Code   RO         1183    i.HAL_PCDEx_SetRxFiFo  stm32f4xx_hal_pcd_ex.o
    0x080017ca   0x080017ca   0x00000044   Code   RO         1184    i.HAL_PCDEx_SetTxFiFo  stm32f4xx_hal_pcd_ex.o
    0x0800180e   0x0800180e   0x00000008   Code   RO         5973    i.HAL_PCD_ConnectCallback  usbd_conf.o
    0x08001816   0x08001816   0x00000012   Code   RO         5974    i.HAL_PCD_DataInStageCallback  usbd_conf.o
    0x08001828   0x08001828   0x00000014   Code   RO         5975    i.HAL_PCD_DataOutStageCallback  usbd_conf.o
    0x0800183c   0x0800183c   0x00000008   Code   RO         5976    i.HAL_PCD_DisconnectCallback  usbd_conf.o
    0x08001844   0x08001844   0x0000001e   Code   RO          952    i.HAL_PCD_EP_Abort  stm32f4xx_hal_pcd.o
    0x08001862   0x08001862   0x0000004a   Code   RO          953    i.HAL_PCD_EP_Close  stm32f4xx_hal_pcd.o
    0x080018ac   0x080018ac   0x0000005a   Code   RO          954    i.HAL_PCD_EP_ClrStall  stm32f4xx_hal_pcd.o
    0x08001906   0x08001906   0x00000034   Code   RO          955    i.HAL_PCD_EP_Flush  stm32f4xx_hal_pcd.o
    0x0800193a   0x0800193a   0x00000012   Code   RO          956    i.HAL_PCD_EP_GetRxCount  stm32f4xx_hal_pcd.o
    0x0800194c   0x0800194c   0x00000062   Code   RO          957    i.HAL_PCD_EP_Open   stm32f4xx_hal_pcd.o
    0x080019ae   0x080019ae   0x00000038   Code   RO          958    i.HAL_PCD_EP_Receive  stm32f4xx_hal_pcd.o
    0x080019e6   0x080019e6   0x00000072   Code   RO          959    i.HAL_PCD_EP_SetStall  stm32f4xx_hal_pcd.o
    0x08001a58   0x08001a58   0x00000032   Code   RO          960    i.HAL_PCD_EP_Transmit  stm32f4xx_hal_pcd.o
    0x08001a8a   0x08001a8a   0x00000002   PAD
    0x08001a8c   0x08001a8c   0x0000055c   Code   RO          962    i.HAL_PCD_IRQHandler  stm32f4xx_hal_pcd.o
    0x08001fe8   0x08001fe8   0x00000008   Code   RO         5977    i.HAL_PCD_ISOINIncompleteCallback  usbd_conf.o
    0x08001ff0   0x08001ff0   0x00000008   Code   RO         5978    i.HAL_PCD_ISOOUTIncompleteCallback  usbd_conf.o
    0x08001ff8   0x08001ff8   0x000000cc   Code   RO          965    i.HAL_PCD_Init      stm32f4xx_hal_pcd.o
    0x080020c4   0x080020c4   0x00000084   Code   RO         5980    i.HAL_PCD_MspInit   usbd_conf.o
    0x08002148   0x08002148   0x0000002c   Code   RO         5981    i.HAL_PCD_ResetCallback  usbd_conf.o
    0x08002174   0x08002174   0x00000008   Code   RO         5982    i.HAL_PCD_ResumeCallback  usbd_conf.o
    0x0800217c   0x0800217c   0x00000008   Code   RO         5983    i.HAL_PCD_SOFCallback  usbd_conf.o
    0x08002184   0x08002184   0x00000026   Code   RO          971    i.HAL_PCD_SetAddress  stm32f4xx_hal_pcd.o
    0x080021aa   0x080021aa   0x0000000e   Code   RO         5984    i.HAL_PCD_SetupStageCallback  usbd_conf.o
    0x080021b8   0x080021b8   0x00000042   Code   RO          974    i.HAL_PCD_Start     stm32f4xx_hal_pcd.o
    0x080021fa   0x080021fa   0x00000002   PAD
    0x080021fc   0x080021fc   0x00000030   Code   RO         5985    i.HAL_PCD_SuspendCallback  usbd_conf.o
    0x0800222c   0x0800222c   0x0000013c   Code   RO         1634    i.HAL_RCCEx_PeriphCLKConfig  stm32f4xx_hal_rcc_ex.o
    0x08002368   0x08002368   0x00000134   Code   RO         1529    i.HAL_RCC_ClockConfig  stm32f4xx_hal_rcc.o
    0x0800249c   0x0800249c   0x00000134   Code   RO         1635    i.HAL_RCC_DeInit    stm32f4xx_hal_rcc_ex.o
    0x080025d0   0x080025d0   0x0000000c   Code   RO         1534    i.HAL_RCC_GetHCLKFreq  stm32f4xx_hal_rcc.o
    0x080025dc   0x080025dc   0x00000020   Code   RO         1536    i.HAL_RCC_GetPCLK1Freq  stm32f4xx_hal_rcc.o
    0x080025fc   0x080025fc   0x00000020   Code   RO         1537    i.HAL_RCC_GetPCLK2Freq  stm32f4xx_hal_rcc.o
    0x0800261c   0x0800261c   0x00000060   Code   RO         1538    i.HAL_RCC_GetSysClockFreq  stm32f4xx_hal_rcc.o
    0x0800267c   0x0800267c   0x0000036c   Code   RO         1541    i.HAL_RCC_OscConfig  stm32f4xx_hal_rcc.o
    0x080029e8   0x080029e8   0x0000009c   Code   RO         2691    i.HAL_RTC_Init      stm32f4xx_hal_rtc.o
    0x08002a84   0x08002a84   0x00000038   Code   RO          314    i.HAL_RTC_MspInit   rtc.o
    0x08002abc   0x08002abc   0x00000098   Code   RO         2697    i.HAL_RTC_SetDate   stm32f4xx_hal_rtc.o
    0x08002b54   0x08002b54   0x000000c0   Code   RO         2698    i.HAL_RTC_SetTime   stm32f4xx_hal_rtc.o
    0x08002c14   0x08002c14   0x00000038   Code   RO         2699    i.HAL_RTC_WaitForSynchro  stm32f4xx_hal_rtc.o
    0x08002c4c   0x08002c4c   0x00000008   Code   RO         4990    i.HAL_SD_AbortCallback  bsp_driver_sd.o
    0x08002c54   0x08002c54   0x00000118   Code   RO         3367    i.HAL_SD_ConfigWideBusOperation  stm32f4xx_hal_sd.o
    0x08002d6c   0x08002d6c   0x00000002   Code   RO         3370    i.HAL_SD_ErrorCallback  stm32f4xx_hal_sd.o
    0x08002d6e   0x08002d6e   0x00000002   PAD
    0x08002d70   0x08002d70   0x00000198   Code   RO         3372    i.HAL_SD_GetCardCSD  stm32f4xx_hal_sd.o
    0x08002f08   0x08002f08   0x00000024   Code   RO         3373    i.HAL_SD_GetCardInfo  stm32f4xx_hal_sd.o
    0x08002f2c   0x08002f2c   0x0000002c   Code   RO         3374    i.HAL_SD_GetCardState  stm32f4xx_hal_sd.o
    0x08002f58   0x08002f58   0x00000208   Code   RO         3378    i.HAL_SD_IRQHandler  stm32f4xx_hal_sd.o
    0x08003160   0x08003160   0x00000036   Code   RO         3379    i.HAL_SD_Init       stm32f4xx_hal_sd.o
    0x08003196   0x08003196   0x00000002   PAD
    0x08003198   0x08003198   0x00000078   Code   RO         3380    i.HAL_SD_InitCard   stm32f4xx_hal_sd.o
    0x08003210   0x08003210   0x00000144   Code   RO          356    i.HAL_SD_MspInit    sdio.o
    0x08003354   0x08003354   0x000001e0   Code   RO         3383    i.HAL_SD_ReadBlocks  stm32f4xx_hal_sd.o
    0x08003534   0x08003534   0x00000124   Code   RO         3384    i.HAL_SD_ReadBlocks_DMA  stm32f4xx_hal_sd.o
    0x08003658   0x08003658   0x00000008   Code   RO         4991    i.HAL_SD_RxCpltCallback  bsp_driver_sd.o
    0x08003660   0x08003660   0x00000008   Code   RO         4992    i.HAL_SD_TxCpltCallback  bsp_driver_sd.o
    0x08003668   0x08003668   0x000001b0   Code   RO         3388    i.HAL_SD_WriteBlocks  stm32f4xx_hal_sd.o
    0x08003818   0x08003818   0x00000120   Code   RO         3389    i.HAL_SD_WriteBlocks_DMA  stm32f4xx_hal_sd.o
    0x08003938   0x08003938   0x00000028   Code   RO         2286    i.HAL_SYSTICK_Config  stm32f4xx_hal_cortex.o
    0x08003960   0x08003960   0x00000002   Code   RO         4313    i.HAL_TIMEx_BreakCallback  stm32f4xx_hal_tim_ex.o
    0x08003962   0x08003962   0x00000002   Code   RO         4314    i.HAL_TIMEx_CommutCallback  stm32f4xx_hal_tim_ex.o
    0x08003964   0x08003964   0x00000090   Code   RO         4332    i.HAL_TIMEx_MasterConfigSynchronization  stm32f4xx_hal_tim_ex.o
    0x080039f4   0x080039f4   0x0000005a   Code   RO         3609    i.HAL_TIM_Base_Init  stm32f4xx_hal_tim.o
    0x08003a4e   0x08003a4e   0x00000002   PAD
    0x08003a50   0x08003a50   0x0000003c   Code   RO          404    i.HAL_TIM_Base_MspInit  tim.o
    0x08003a8c   0x08003a8c   0x00000080   Code   RO         3614    i.HAL_TIM_Base_Start_IT  stm32f4xx_hal_tim.o
    0x08003b0c   0x08003b0c   0x000000dc   Code   RO         3618    i.HAL_TIM_ConfigClockSource  stm32f4xx_hal_tim.o
    0x08003be8   0x08003be8   0x00000002   Code   RO         3643    i.HAL_TIM_IC_CaptureCallback  stm32f4xx_hal_tim.o
    0x08003bea   0x08003bea   0x00000130   Code   RO         3657    i.HAL_TIM_IRQHandler  stm32f4xx_hal_tim.o
    0x08003d1a   0x08003d1a   0x00000002   Code   RO         3660    i.HAL_TIM_OC_DelayElapsedCallback  stm32f4xx_hal_tim.o
    0x08003d1c   0x08003d1c   0x00000002   Code   RO         3687    i.HAL_TIM_PWM_PulseFinishedCallback  stm32f4xx_hal_tim.o
    0x08003d1e   0x08003d1e   0x00000002   PAD
    0x08003d20   0x08003d20   0x00000020   Code   RO           14    i.HAL_TIM_PeriodElapsedCallback  main.o
    0x08003d40   0x08003d40   0x00000002   Code   RO         3700    i.HAL_TIM_TriggerCallback  stm32f4xx_hal_tim.o
    0x08003d42   0x08003d42   0x00000002   Code   RO         4592    i.HAL_UARTEx_RxEventCallback  stm32f4xx_hal_uart.o
    0x08003d44   0x08003d44   0x00000002   Code   RO         4606    i.HAL_UART_ErrorCallback  stm32f4xx_hal_uart.o
    0x08003d46   0x08003d46   0x00000002   PAD
    0x08003d48   0x08003d48   0x00000280   Code   RO         4609    i.HAL_UART_IRQHandler  stm32f4xx_hal_uart.o
    0x08003fc8   0x08003fc8   0x00000064   Code   RO         4610    i.HAL_UART_Init     stm32f4xx_hal_uart.o
    0x0800402c   0x0800402c   0x00000078   Code   RO          446    i.HAL_UART_MspInit  usart.o
    0x080040a4   0x080040a4   0x000000b0   Code   RO         4613    i.HAL_UART_Receive  stm32f4xx_hal_uart.o
    0x08004154   0x08004154   0x00000002   Code   RO         4616    i.HAL_UART_RxCpltCallback  stm32f4xx_hal_uart.o
    0x08004156   0x08004156   0x000000a0   Code   RO         4618    i.HAL_UART_Transmit  stm32f4xx_hal_uart.o
    0x080041f6   0x080041f6   0x00000002   Code   RO         4621    i.HAL_UART_TxCpltCallback  stm32f4xx_hal_uart.o
    0x080041f8   0x080041f8   0x00000002   Code   RO          515    i.HardFault_Handler  stm32f4xx_it.o
    0x080041fa   0x080041fa   0x00000002   PAD
    0x080041fc   0x080041fc   0x00000040   Code   RO          686    i.Int2Str           common.o
    0x0800423c   0x0800423c   0x00000038   Code   RO         5826    i.IntToUnicode      usbd_desc.o
    0x08004274   0x08004274   0x00000060   Code   RO         6562    i.MSC_BOT_Abort     usbd_msc_bot.o
    0x080042d4   0x080042d4   0x000000f0   Code   RO         6563    i.MSC_BOT_CBW_Decode  usbd_msc_bot.o
    0x080043c4   0x080043c4   0x00000050   Code   RO         6564    i.MSC_BOT_CplClrFeature  usbd_msc_bot.o
    0x08004414   0x08004414   0x00000046   Code   RO         6565    i.MSC_BOT_DataIn    usbd_msc_bot.o
    0x0800445a   0x0800445a   0x00000046   Code   RO         6566    i.MSC_BOT_DataOut   usbd_msc_bot.o
    0x080044a0   0x080044a0   0x00000016   Code   RO         6567    i.MSC_BOT_DeInit    usbd_msc_bot.o
    0x080044b6   0x080044b6   0x00000002   PAD
    0x080044b8   0x080044b8   0x00000068   Code   RO         6568    i.MSC_BOT_Init      usbd_msc_bot.o
    0x08004520   0x08004520   0x0000004c   Code   RO         6569    i.MSC_BOT_Reset     usbd_msc_bot.o
    0x0800456c   0x0800456c   0x00000054   Code   RO         6570    i.MSC_BOT_SendCSW   usbd_msc_bot.o
    0x080045c0   0x080045c0   0x0000003c   Code   RO          289    i.MX_DMA_Init       dma.o
    0x080045fc   0x080045fc   0x0000001c   Code   RO         5198    i.MX_FATFS_Init     fatfs.o
    0x08004618   0x08004618   0x000000a0   Code   RO          265    i.MX_GPIO_Init      gpio.o
    0x080046b8   0x080046b8   0x00000080   Code   RO          315    i.MX_RTC_Init       rtc.o
    0x08004738   0x08004738   0x00000020   Code   RO          358    i.MX_SDIO_SD_Init_Fix  sdio.o
    0x08004758   0x08004758   0x0000006c   Code   RO          405    i.MX_TIM1_Init      tim.o
    0x080047c4   0x080047c4   0x00000038   Code   RO          447    i.MX_UART4_Init     usart.o
    0x080047fc   0x080047fc   0x00000054   Code   RO         5772    i.MX_USB_DEVICE_Init  usb_device.o
    0x08004850   0x08004850   0x00000408   Code   RO          799    i.Main_Menu         menu.o
    0x08004c58   0x08004c58   0x00000002   Code   RO          516    i.MemManage_Handler  stm32f4xx_it.o
    0x08004c5a   0x08004c5a   0x00000002   Code   RO          517    i.NMI_Handler       stm32f4xx_it.o
    0x08004c5c   0x08004c5c   0x0000000c   Code   RO          518    i.OTG_FS_IRQHandler  stm32f4xx_it.o
    0x08004c68   0x08004c68   0x000000cc   Code   RO          978    i.PCD_EP_OutXfrComplete_int  stm32f4xx_hal_pcd.o
    0x08004d34   0x08004d34   0x000000a2   Code   RO          979    i.PCD_WriteEmptyTxFifo  stm32f4xx_hal_pcd.o
    0x08004dd6   0x08004dd6   0x00000002   Code   RO          519    i.PendSV_Handler    stm32f4xx_it.o
    0x08004dd8   0x08004dd8   0x00000016   Code   RO         2701    i.RTC_ByteToBcd2    stm32f4xx_hal_rtc.o
    0x08004dee   0x08004dee   0x00000002   PAD
    0x08004df0   0x08004df0   0x00000048   Code   RO         2702    i.RTC_EnterInitMode  stm32f4xx_hal_rtc.o
    0x08004e38   0x08004e38   0x0000002a   Code   RO         2703    i.RTC_ExitInitMode  stm32f4xx_hal_rtc.o
    0x08004e62   0x08004e62   0x00000002   PAD
    0x08004e64   0x08004e64   0x000000bc   Code   RO          854    i.ReceivePacket     ymodem.o
    0x08004f20   0x08004f20   0x00000034   Code   RO         6662    i.SCSI_CheckAddressRange  usbd_msc_scsi.o
    0x08004f54   0x08004f54   0x0000007c   Code   RO         6663    i.SCSI_Inquiry      usbd_msc_scsi.o
    0x08004fd0   0x08004fd0   0x000001e8   Code   RO         6664    i.SCSI_ProcessCmd   usbd_msc_scsi.o
    0x080051b8   0x080051b8   0x000000a4   Code   RO         6665    i.SCSI_ProcessRead  usbd_msc_scsi.o
    0x0800525c   0x0800525c   0x000000b0   Code   RO         6666    i.SCSI_ProcessWrite  usbd_msc_scsi.o
    0x0800530c   0x0800530c   0x000000b0   Code   RO         6667    i.SCSI_Read10       usbd_msc_scsi.o
    0x080053bc   0x080053bc   0x000000ba   Code   RO         6668    i.SCSI_Read12       usbd_msc_scsi.o
    0x08005476   0x08005476   0x00000086   Code   RO         6669    i.SCSI_ReadCapacity10  usbd_msc_scsi.o
    0x080054fc   0x080054fc   0x000000b8   Code   RO         6670    i.SCSI_ReadCapacity16  usbd_msc_scsi.o
    0x080055b4   0x080055b4   0x00000086   Code   RO         6671    i.SCSI_ReadFormatCapacity  usbd_msc_scsi.o
    0x0800563a   0x0800563a   0x00000002   PAD
    0x0800563c   0x0800563c   0x0000005c   Code   RO         6672    i.SCSI_ReportLuns   usbd_msc_scsi.o
    0x08005698   0x08005698   0x00000088   Code   RO         6673    i.SCSI_RequestSense  usbd_msc_scsi.o
    0x08005720   0x08005720   0x0000004c   Code   RO         6674    i.SCSI_SenseCode    usbd_msc_scsi.o
    0x0800576c   0x0800576c   0x00000060   Code   RO         6675    i.SCSI_TestUnitReady  usbd_msc_scsi.o
    0x080057cc   0x080057cc   0x00000020   Code   RO         6676    i.SCSI_UpdateBotData  usbd_msc_scsi.o
    0x080057ec   0x080057ec   0x000000e4   Code   RO         6677    i.SCSI_Write10      usbd_msc_scsi.o
    0x080058d0   0x080058d0   0x000000f8   Code   RO         6678    i.SCSI_Write12      usbd_msc_scsi.o
    0x080059c8   0x080059c8   0x00000024   Code   RO         3078    i.SDIO_ConfigData   stm32f4xx_ll_sdmmc.o
    0x080059ec   0x080059ec   0x00000008   Code   RO         3082    i.SDIO_GetPowerState  stm32f4xx_ll_sdmmc.o
    0x080059f4   0x080059f4   0x00000006   Code   RO         3083    i.SDIO_GetResponse  stm32f4xx_ll_sdmmc.o
    0x080059fa   0x080059fa   0x00000002   PAD
    0x080059fc   0x080059fc   0x0000000c   Code   RO          520    i.SDIO_IRQHandler   stm32f4xx_it.o
    0x08005a08   0x08005a08   0x00000024   Code   RO         3084    i.SDIO_Init         stm32f4xx_ll_sdmmc.o
    0x08005a2c   0x08005a2c   0x00000008   Code   RO         3086    i.SDIO_PowerState_ON  stm32f4xx_ll_sdmmc.o
    0x08005a34   0x08005a34   0x00000006   Code   RO         3087    i.SDIO_ReadFIFO     stm32f4xx_ll_sdmmc.o
    0x08005a3a   0x08005a3a   0x00000020   Code   RO         3088    i.SDIO_SendCommand  stm32f4xx_ll_sdmmc.o
    0x08005a5a   0x08005a5a   0x0000000a   Code   RO         3090    i.SDIO_WriteFIFO    stm32f4xx_ll_sdmmc.o
    0x08005a64   0x08005a64   0x00000032   Code   RO         3091    i.SDMMC_CmdAppCommand  stm32f4xx_ll_sdmmc.o
    0x08005a96   0x08005a96   0x00000002   PAD
    0x08005a98   0x08005a98   0x00000034   Code   RO         3092    i.SDMMC_CmdAppOperCommand  stm32f4xx_ll_sdmmc.o
    0x08005acc   0x08005acc   0x00000032   Code   RO         3093    i.SDMMC_CmdBlockLength  stm32f4xx_ll_sdmmc.o
    0x08005afe   0x08005afe   0x00000032   Code   RO         3094    i.SDMMC_CmdBusWidth  stm32f4xx_ll_sdmmc.o
    0x08005b30   0x08005b30   0x00000050   Code   RO         3098    i.SDMMC_CmdGoIdleState  stm32f4xx_ll_sdmmc.o
    0x08005b80   0x08005b80   0x00000030   Code   RO         3100    i.SDMMC_CmdOperCond  stm32f4xx_ll_sdmmc.o
    0x08005bb0   0x08005bb0   0x00000032   Code   RO         3101    i.SDMMC_CmdReadMultiBlock  stm32f4xx_ll_sdmmc.o
    0x08005be2   0x08005be2   0x00000032   Code   RO         3102    i.SDMMC_CmdReadSingleBlock  stm32f4xx_ll_sdmmc.o
    0x08005c14   0x08005c14   0x00000032   Code   RO         3105    i.SDMMC_CmdSelDesel  stm32f4xx_ll_sdmmc.o
    0x08005c46   0x08005c46   0x0000002c   Code   RO         3106    i.SDMMC_CmdSendCID  stm32f4xx_ll_sdmmc.o
    0x08005c72   0x08005c72   0x0000002c   Code   RO         3107    i.SDMMC_CmdSendCSD  stm32f4xx_ll_sdmmc.o
    0x08005c9e   0x08005c9e   0x00000030   Code   RO         3109    i.SDMMC_CmdSendSCR  stm32f4xx_ll_sdmmc.o
    0x08005cce   0x08005cce   0x00000032   Code   RO         3110    i.SDMMC_CmdSendStatus  stm32f4xx_ll_sdmmc.o
    0x08005d00   0x08005d00   0x00000030   Code   RO         3111    i.SDMMC_CmdSetRelAdd  stm32f4xx_ll_sdmmc.o
    0x08005d30   0x08005d30   0x00000034   Code   RO         3114    i.SDMMC_CmdStopTransfer  stm32f4xx_ll_sdmmc.o
    0x08005d64   0x08005d64   0x00000032   Code   RO         3116    i.SDMMC_CmdWriteMultiBlock  stm32f4xx_ll_sdmmc.o
    0x08005d96   0x08005d96   0x00000032   Code   RO         3117    i.SDMMC_CmdWriteSingleBlock  stm32f4xx_ll_sdmmc.o
    0x08005dc8   0x08005dc8   0x00000120   Code   RO         3118    i.SDMMC_GetCmdResp1  stm32f4xx_ll_sdmmc.o
    0x08005ee8   0x08005ee8   0x00000050   Code   RO         3119    i.SDMMC_GetCmdResp2  stm32f4xx_ll_sdmmc.o
    0x08005f38   0x08005f38   0x00000044   Code   RO         3120    i.SDMMC_GetCmdResp3  stm32f4xx_ll_sdmmc.o
    0x08005f7c   0x08005f7c   0x00000088   Code   RO         3121    i.SDMMC_GetCmdResp6  stm32f4xx_ll_sdmmc.o
    0x08006004   0x08006004   0x00000058   Code   RO         3122    i.SDMMC_GetCmdResp7  stm32f4xx_ll_sdmmc.o
    0x0800605c   0x0800605c   0x00000020   Code   RO         5099    i.SD_CheckStatus    sd_diskio.o
    0x0800607c   0x0800607c   0x00000024   Code   RO         5100    i.SD_CheckStatusWithTimeout  sd_diskio.o
    0x080060a0   0x080060a0   0x00000064   Code   RO         3391    i.SD_DMAError       stm32f4xx_hal_sd.o
    0x08006104   0x08006104   0x00000042   Code   RO         3392    i.SD_DMAReceiveCplt  stm32f4xx_hal_sd.o
    0x08006146   0x08006146   0x00000044   Code   RO         3393    i.SD_DMARxAbort     stm32f4xx_hal_sd.o
    0x0800618a   0x0800618a   0x0000000e   Code   RO         3394    i.SD_DMATransmitCplt  stm32f4xx_hal_sd.o
    0x08006198   0x08006198   0x00000044   Code   RO         3395    i.SD_DMATxAbort     stm32f4xx_hal_sd.o
    0x080061dc   0x080061dc   0x000000e0   Code   RO         3396    i.SD_FindSCR        stm32f4xx_hal_sd.o
    0x080062bc   0x080062bc   0x000000ee   Code   RO         3397    i.SD_InitCard       stm32f4xx_hal_sd.o
    0x080063aa   0x080063aa   0x00000002   PAD
    0x080063ac   0x080063ac   0x000000b4   Code   RO         3398    i.SD_PowerON        stm32f4xx_hal_sd.o
    0x08006460   0x08006460   0x0000001c   Code   RO         5101    i.SD_initialize     sd_diskio.o
    0x0800647c   0x0800647c   0x00000050   Code   RO         5102    i.SD_ioctl          sd_diskio.o
    0x080064cc   0x080064cc   0x00000078   Code   RO         5103    i.SD_read           sd_diskio.o
    0x08006544   0x08006544   0x00000004   Code   RO         5104    i.SD_status         sd_diskio.o
    0x08006548   0x08006548   0x00000078   Code   RO         5105    i.SD_write          sd_diskio.o
    0x080065c0   0x080065c0   0x00000030   Code   RO         5912    i.STORAGE_GetCapacity_FS  usbd_storage_if.o
    0x080065f0   0x080065f0   0x00000004   Code   RO         5913    i.STORAGE_GetMaxLun_FS  usbd_storage_if.o
    0x080065f4   0x080065f4   0x00000004   Code   RO         5914    i.STORAGE_Init_FS   usbd_storage_if.o
    0x080065f8   0x080065f8   0x00000004   Code   RO         5915    i.STORAGE_IsReady_FS  usbd_storage_if.o
    0x080065fc   0x080065fc   0x00000004   Code   RO         5916    i.STORAGE_IsWriteProtected_FS  usbd_storage_if.o
    0x08006600   0x08006600   0x00000028   Code   RO         5917    i.STORAGE_Read_FS   usbd_storage_if.o
    0x08006628   0x08006628   0x00000028   Code   RO         5918    i.STORAGE_Write_FS  usbd_storage_if.o
    0x08006650   0x08006650   0x00000002   Code   RO          521    i.SVC_Handler       stm32f4xx_it.o
    0x08006652   0x08006652   0x0000000a   Code   RO         6339    i.SWAPBYTE          usbd_ctlreq.o
    0x0800665c   0x0800665c   0x00000174   Code   RO          800    i.SerialDownload    menu.o
    0x080067d0   0x080067d0   0x000000cc   Code   RO          801    i.SerialUpload      menu.o
    0x0800689c   0x0800689c   0x00000028   Code   RO          687    i.Serial_PutByte    common.o
    0x080068c4   0x080068c4   0x00000028   Code   RO          688    i.Serial_PutString  common.o
    0x080068ec   0x080068ec   0x000000b8   Code   RO          689    i.Str2Int           common.o
    0x080069a4   0x080069a4   0x00000004   Code   RO          522    i.SysTick_Handler   stm32f4xx_it.o
    0x080069a8   0x080069a8   0x0000009c   Code   RO           15    i.SystemClock_Config  main.o
    0x08006a44   0x08006a44   0x00000010   Code   RO          648    i.SystemInit        system_stm32f4xx.o
    0x08006a54   0x08006a54   0x0000000c   Code   RO          523    i.TIM1_UP_TIM10_IRQHandler  stm32f4xx_it.o
    0x08006a60   0x08006a60   0x000000d0   Code   RO         3702    i.TIM_Base_SetConfig  stm32f4xx_hal_tim.o
    0x08006b30   0x08006b30   0x00000014   Code   RO         3713    i.TIM_ETR_SetConfig  stm32f4xx_hal_tim.o
    0x08006b44   0x08006b44   0x00000010   Code   RO         3714    i.TIM_ITRx_SetConfig  stm32f4xx_hal_tim.o
    0x08006b54   0x08006b54   0x00000022   Code   RO         3720    i.TIM_TI1_ConfigInputStage  stm32f4xx_hal_tim.o
    0x08006b76   0x08006b76   0x00000024   Code   RO         3722    i.TIM_TI2_ConfigInputStage  stm32f4xx_hal_tim.o
    0x08006b9a   0x08006b9a   0x00000002   PAD
    0x08006b9c   0x08006b9c   0x0000000c   Code   RO          524    i.UART4_IRQHandler  stm32f4xx_it.o
    0x08006ba8   0x08006ba8   0x0000000e   Code   RO         4623    i.UART_DMAAbortOnError  stm32f4xx_hal_uart.o
    0x08006bb6   0x08006bb6   0x0000004e   Code   RO         4633    i.UART_EndRxTransfer  stm32f4xx_hal_uart.o
    0x08006c04   0x08006c04   0x000000c2   Code   RO         4635    i.UART_Receive_IT   stm32f4xx_hal_uart.o
    0x08006cc6   0x08006cc6   0x00000002   PAD
    0x08006cc8   0x08006cc8   0x0000010c   Code   RO         4636    i.UART_SetConfig    stm32f4xx_hal_uart.o
    0x08006dd4   0x08006dd4   0x00000072   Code   RO         4639    i.UART_WaitOnFlagUntilTimeout  stm32f4xx_hal_uart.o
    0x08006e46   0x08006e46   0x00000014   Code   RO         6180    i.USBD_ClrClassConfig  usbd_core.o
    0x08006e5a   0x08006e5a   0x00000004   Code   RO         6181    i.USBD_CoreFindEP   usbd_core.o
    0x08006e5e   0x08006e5e   0x00000004   Code   RO         6182    i.USBD_CoreFindIF   usbd_core.o
    0x08006e62   0x08006e62   0x00000010   Code   RO         6417    i.USBD_CtlContinueRx  usbd_ioreq.o
    0x08006e72   0x08006e72   0x00000010   Code   RO         6418    i.USBD_CtlContinueSendData  usbd_ioreq.o
    0x08006e82   0x08006e82   0x00000016   Code   RO         6340    i.USBD_CtlError     usbd_ctlreq.o
    0x08006e98   0x08006e98   0x00000016   Code   RO         6420    i.USBD_CtlReceiveStatus  usbd_ioreq.o
    0x08006eae   0x08006eae   0x0000001c   Code   RO         6421    i.USBD_CtlSendData  usbd_ioreq.o
    0x08006eca   0x08006eca   0x00000016   Code   RO         6422    i.USBD_CtlSendStatus  usbd_ioreq.o
    0x08006ee0   0x08006ee0   0x00000020   Code   RO         5827    i.USBD_FS_ConfigStrDescriptor  usbd_desc.o
    0x08006f00   0x08006f00   0x0000000c   Code   RO         5828    i.USBD_FS_DeviceDescriptor  usbd_desc.o
    0x08006f0c   0x08006f0c   0x00000024   Code   RO         5829    i.USBD_FS_InterfaceStrDescriptor  usbd_desc.o
    0x08006f30   0x08006f30   0x0000000c   Code   RO         5830    i.USBD_FS_LangIDStrDescriptor  usbd_desc.o
    0x08006f3c   0x08006f3c   0x00000028   Code   RO         5831    i.USBD_FS_ManufacturerStrDescriptor  usbd_desc.o
    0x08006f64   0x08006f64   0x00000028   Code   RO         5832    i.USBD_FS_ProductStrDescriptor  usbd_desc.o
    0x08006f8c   0x08006f8c   0x00000038   Code   RO         5833    i.USBD_FS_SerialStrDescriptor  usbd_desc.o
    0x08006fc4   0x08006fc4   0x000000e6   Code   RO         6341    i.USBD_GetDescriptor  usbd_ctlreq.o
    0x080070aa   0x080070aa   0x0000003a   Code   RO         6184    i.USBD_GetEpDesc    usbd_core.o
    0x080070e4   0x080070e4   0x00000014   Code   RO         6342    i.USBD_GetLen       usbd_ctlreq.o
    0x080070f8   0x080070f8   0x0000000e   Code   RO         6185    i.USBD_GetNextDesc  usbd_core.o
    0x08007106   0x08007106   0x0000004e   Code   RO         6343    i.USBD_GetString    usbd_ctlreq.o
    0x08007154   0x08007154   0x00000018   Code   RO         5986    i.USBD_Get_USB_Status  usbd_conf.o
    0x0800716c   0x0800716c   0x00000026   Code   RO         6186    i.USBD_Init         usbd_core.o
    0x08007192   0x08007192   0x00000012   Code   RO         5987    i.USBD_LL_ClearStallEP  usbd_conf.o
    0x080071a4   0x080071a4   0x00000012   Code   RO         5988    i.USBD_LL_CloseEP   usbd_conf.o
    0x080071b6   0x080071b6   0x000000b8   Code   RO         6187    i.USBD_LL_DataInStage  usbd_core.o
    0x0800726e   0x0800726e   0x00000094   Code   RO         6188    i.USBD_LL_DataOutStage  usbd_core.o
    0x08007302   0x08007302   0x00000004   Code   RO         6189    i.USBD_LL_DevConnected  usbd_core.o
    0x08007306   0x08007306   0x0000001e   Code   RO         6190    i.USBD_LL_DevDisconnected  usbd_core.o
    0x08007324   0x08007324   0x00000012   Code   RO         5991    i.USBD_LL_FlushEP   usbd_conf.o
    0x08007336   0x08007336   0x00000008   Code   RO         5992    i.USBD_LL_GetRxDataSize  usbd_conf.o
    0x0800733e   0x0800733e   0x00000002   PAD
    0x08007340   0x08007340   0x00000060   Code   RO         5993    i.USBD_LL_Init      usbd_conf.o
    0x080073a0   0x080073a0   0x0000001e   Code   RO         5994    i.USBD_LL_IsStallEP  usbd_conf.o
    0x080073be   0x080073be   0x00000028   Code   RO         6191    i.USBD_LL_IsoINIncomplete  usbd_core.o
    0x080073e6   0x080073e6   0x00000028   Code   RO         6192    i.USBD_LL_IsoOUTIncomplete  usbd_core.o
    0x0800740e   0x0800740e   0x00000018   Code   RO         5995    i.USBD_LL_OpenEP    usbd_conf.o
    0x08007426   0x08007426   0x00000012   Code   RO         5996    i.USBD_LL_PrepareReceive  usbd_conf.o
    0x08007438   0x08007438   0x0000005e   Code   RO         6193    i.USBD_LL_Reset     usbd_core.o
    0x08007496   0x08007496   0x00000014   Code   RO         6194    i.USBD_LL_Resume    usbd_core.o
    0x080074aa   0x080074aa   0x0000001a   Code   RO         6195    i.USBD_LL_SOF       usbd_core.o
    0x080074c4   0x080074c4   0x00000006   Code   RO         6196    i.USBD_LL_SetSpeed  usbd_core.o
    0x080074ca   0x080074ca   0x00000012   Code   RO         5997    i.USBD_LL_SetUSBAddress  usbd_conf.o
    0x080074dc   0x080074dc   0x00000060   Code   RO         6197    i.USBD_LL_SetupStage  usbd_core.o
    0x0800753c   0x0800753c   0x00000012   Code   RO         5998    i.USBD_LL_StallEP   usbd_conf.o
    0x0800754e   0x0800754e   0x00000012   Code   RO         5999    i.USBD_LL_Start     usbd_conf.o
    0x08007560   0x08007560   0x0000001a   Code   RO         6198    i.USBD_LL_Suspend   usbd_core.o
    0x0800757a   0x0800757a   0x00000012   Code   RO         6001    i.USBD_LL_Transmit  usbd_conf.o
    0x0800758c   0x0800758c   0x0000000a   Code   RO         6477    i.USBD_MSC_DataIn   usbd_msc.o
    0x08007596   0x08007596   0x0000000a   Code   RO         6478    i.USBD_MSC_DataOut  usbd_msc.o
    0x080075a0   0x080075a0   0x00000078   Code   RO         6479    i.USBD_MSC_DeInit   usbd_msc.o
    0x08007618   0x08007618   0x0000000c   Code   RO         6480    i.USBD_MSC_GetDeviceQualifierDescriptor  usbd_msc.o
    0x08007624   0x08007624   0x0000002c   Code   RO         6481    i.USBD_MSC_GetFSCfgDesc  usbd_msc.o
    0x08007650   0x08007650   0x00000030   Code   RO         6482    i.USBD_MSC_GetHSCfgDesc  usbd_msc.o
    0x08007680   0x08007680   0x0000002c   Code   RO         6483    i.USBD_MSC_GetOtherSpeedCfgDesc  usbd_msc.o
    0x080076ac   0x080076ac   0x000000b0   Code   RO         6484    i.USBD_MSC_Init     usbd_msc.o
    0x0800775c   0x0800775c   0x00000016   Code   RO         6485    i.USBD_MSC_RegisterStorage  usbd_msc.o
    0x08007772   0x08007772   0x000000e2   Code   RO         6486    i.USBD_MSC_Setup    usbd_msc.o
    0x08007854   0x08007854   0x0000002c   Code   RO         6344    i.USBD_ParseSetupRequest  usbd_ctlreq.o
    0x08007880   0x08007880   0x0000003a   Code   RO         6199    i.USBD_RegisterClass  usbd_core.o
    0x080078ba   0x080078ba   0x00000014   Code   RO         6201    i.USBD_SetClassConfig  usbd_core.o
    0x080078ce   0x080078ce   0x00000002   PAD
    0x080078d0   0x080078d0   0x000000b8   Code   RO         6345    i.USBD_SetConfig    usbd_ctlreq.o
    0x08007988   0x08007988   0x00000004   Code   RO         6202    i.USBD_Start        usbd_core.o
    0x0800798c   0x0800798c   0x0000012c   Code   RO         6346    i.USBD_StdDevReq    usbd_ctlreq.o
    0x08007ab8   0x08007ab8   0x00000166   Code   RO         6347    i.USBD_StdEPReq     usbd_ctlreq.o
    0x08007c1e   0x08007c1e   0x00000072   Code   RO         6348    i.USBD_StdItfReq    usbd_ctlreq.o
    0x08007c90   0x08007c90   0x00000002   Code   RO         6002    i.USBD_static_free  usbd_conf.o
    0x08007c92   0x08007c92   0x00000002   PAD
    0x08007c94   0x08007c94   0x00000008   Code   RO         6003    i.USBD_static_malloc  usbd_conf.o
    0x08007c9c   0x08007c9c   0x00000080   Code   RO         1224    i.USB_ActivateEndpoint  stm32f4xx_ll_usb.o
    0x08007d1c   0x08007d1c   0x0000001c   Code   RO         1226    i.USB_ActivateSetup  stm32f4xx_ll_usb.o
    0x08007d38   0x08007d38   0x00000084   Code   RO         1228    i.USB_CoreInit      stm32f4xx_ll_usb.o
    0x08007dbc   0x08007dbc   0x00000044   Code   RO         1229    i.USB_CoreReset     stm32f4xx_ll_usb.o
    0x08007e00   0x08007e00   0x000000cc   Code   RO         1232    i.USB_DeactivateEndpoint  stm32f4xx_ll_usb.o
    0x08007ecc   0x08007ecc   0x0000001c   Code   RO         1233    i.USB_DevConnect    stm32f4xx_ll_usb.o
    0x08007ee8   0x08007ee8   0x0000001c   Code   RO         1234    i.USB_DevDisconnect  stm32f4xx_ll_usb.o
    0x08007f04   0x08007f04   0x0000017c   Code   RO         1235    i.USB_DevInit       stm32f4xx_ll_usb.o
    0x08008080   0x08008080   0x0000000c   Code   RO         1236    i.USB_DisableGlobalInt  stm32f4xx_ll_usb.o
    0x0800808c   0x0800808c   0x00000058   Code   RO         1239    i.USB_EP0_OutStart  stm32f4xx_ll_usb.o
    0x080080e4   0x080080e4   0x00000058   Code   RO         1240    i.USB_EPClearStall  stm32f4xx_ll_usb.o
    0x0800813c   0x0800813c   0x00000058   Code   RO         1241    i.USB_EPSetStall    stm32f4xx_ll_usb.o
    0x08008194   0x08008194   0x00000238   Code   RO         1242    i.USB_EPStartXfer   stm32f4xx_ll_usb.o
    0x080083cc   0x080083cc   0x0000009e   Code   RO         1243    i.USB_EPStopXfer    stm32f4xx_ll_usb.o
    0x0800846a   0x0800846a   0x0000000c   Code   RO         1244    i.USB_EnableGlobalInt  stm32f4xx_ll_usb.o
    0x08008476   0x08008476   0x00000038   Code   RO         1245    i.USB_FlushRxFifo   stm32f4xx_ll_usb.o
    0x080084ae   0x080084ae   0x0000003c   Code   RO         1246    i.USB_FlushTxFifo   stm32f4xx_ll_usb.o
    0x080084ea   0x080084ea   0x0000001a   Code   RO         1248    i.USB_GetDevSpeed   stm32f4xx_ll_usb.o
    0x08008504   0x08008504   0x00000008   Code   RO         1250    i.USB_GetMode       stm32f4xx_ll_usb.o
    0x0800850c   0x0800850c   0x0000000e   Code   RO         1258    i.USB_ReadDevAllInEpInterrupt  stm32f4xx_ll_usb.o
    0x0800851a   0x0800851a   0x0000000e   Code   RO         1259    i.USB_ReadDevAllOutEpInterrupt  stm32f4xx_ll_usb.o
    0x08008528   0x08008528   0x00000024   Code   RO         1260    i.USB_ReadDevInEPInterrupt  stm32f4xx_ll_usb.o
    0x0800854c   0x0800854c   0x00000010   Code   RO         1261    i.USB_ReadDevOutEPInterrupt  stm32f4xx_ll_usb.o
    0x0800855c   0x0800855c   0x00000008   Code   RO         1262    i.USB_ReadInterrupts  stm32f4xx_ll_usb.o
    0x08008564   0x08008564   0x0000003e   Code   RO         1263    i.USB_ReadPacket    stm32f4xx_ll_usb.o
    0x080085a2   0x080085a2   0x0000005c   Code   RO         1265    i.USB_SetCurrentMode  stm32f4xx_ll_usb.o
    0x080085fe   0x080085fe   0x00000022   Code   RO         1266    i.USB_SetDevAddress  stm32f4xx_ll_usb.o
    0x08008620   0x08008620   0x000000e8   Code   RO         1268    i.USB_SetTurnaroundTime  stm32f4xx_ll_usb.o
    0x08008708   0x08008708   0x00000028   Code   RO         1271    i.USB_WritePacket   stm32f4xx_ll_usb.o
    0x08008730   0x08008730   0x00000020   Code   RO          855    i.UpdateCRC16       ymodem.o
    0x08008750   0x08008750   0x00000002   Code   RO          525    i.UsageFault_Handler  stm32f4xx_it.o
    0x08008752   0x08008752   0x00000002   PAD
    0x08008754   0x08008754   0x00000194   Code   RO          856    i.Ymodem_Receive    ymodem.o
    0x080088e8   0x080088e8   0x000002c8   Code   RO          857    i.Ymodem_Transmit   ymodem.o
    0x08008bb0   0x08008bb0   0x00000020   Code   RO         2288    i.__NVIC_SetPriority  stm32f4xx_hal_cortex.o
    0x08008bd0   0x08008bd0   0x00000002   Code   RO          448    i._sys_exit         usart.o
    0x08008bd2   0x08008bd2   0x00000002   PAD
    0x08008bd4   0x08008bd4   0x00000070   Code   RO         5297    i.check_fs          ff.o
    0x08008c44   0x08008c44   0x00000020   Code   RO         5300    i.clear_lock        ff.o
    0x08008c64   0x08008c64   0x0000002c   Code   RO         5242    i.disk_initialize   diskio.o
    0x08008c90   0x08008c90   0x0000001c   Code   RO         5244    i.disk_read         diskio.o
    0x08008cac   0x08008cac   0x00000018   Code   RO         5245    i.disk_status       diskio.o
    0x08008cc4   0x08008cc4   0x0000001c   Code   RO         5246    i.disk_write        diskio.o
    0x08008ce0   0x08008ce0   0x00000058   Code   RO         5320    i.f_mount           ff.o
    0x08008d38   0x08008d38   0x00000254   Code   RO         5334    i.find_volume       ff.o
    0x08008f8c   0x08008f8c   0x00000018   Code   RO          449    i.fputc             usart.o
    0x08008fa4   0x08008fa4   0x0000003c   Code   RO         5339    i.get_ldnumber      ff.o
    0x08008fe0   0x08008fe0   0x00000048   Code   RO         4943    i.jump_to_app       bootloader_core.o
    0x08009028   0x08009028   0x00000016   Code   RO         5342    i.ld_dword          ff.o
    0x0800903e   0x0800903e   0x0000000a   Code   RO         5343    i.ld_word           ff.o
    0x08009048   0x08009048   0x0000003c   Code   RO          913    i.led_control_task  led.o
    0x08009084   0x08009084   0x000001c0   Code   RO           16    i.main              main.o
    0x08009244   0x08009244   0x00000032   Code   RO         5346    i.move_window       ff.o
    0x08009276   0x08009276   0x00000052   Code   RO         5357    i.sync_window       ff.o
    0x080092c8   0x080092c8   0x0000001c   Code   RO          450    i.uart_wait_command  usart.o
    0x080092e4   0x080092e4   0x0000000a   Code   RO         7010    x$fpl$fpinit        fz_wm.l(fpinit.o)
    0x080092ee   0x080092ee   0x00000010   Data   RO          649    .constdata          system_stm32f4xx.o
    0x080092fe   0x080092fe   0x00000008   Data   RO          650    .constdata          system_stm32f4xx.o
    0x08009306   0x08009306   0x00000008   Data   RO         2002    .constdata          stm32f4xx_hal_dma.o
    0x0800930e   0x0800930e   0x00000002   PAD
    0x08009310   0x08009310   0x00000014   Data   RO         5106    .constdata          sd_diskio.o
    0x08009324   0x08009324   0x00000024   Data   RO         5919    .constdata          usbd_storage_if.o
    0x08009348   0x08009348   0x000001cd   Data   RO          803    .conststring        menu.o
    0x08009515   0x08009515   0x00000003   PAD
    0x08009518   0x08009518   0x00000020   Data   RO         7101    Region$$Table       anon$$obj.o


    Execution Region RW_IRAM1 (Exec base: 0x20000000, Load base: 0x08009538, Size: 0x000049a8, Max: 0x0001c000, ABSOLUTE, COMPRESSED[0x000000b8])

    Exec Addr    Load Addr    Size         Type   Attr      Idx    E Section Name        Object

    0x20000000   COMPRESSED   0x00000001   Data   RW          452    .data               usart.o
    0x20000001   COMPRESSED   0x00000003   PAD
    0x20000004   COMPRESSED   0x00000004   Data   RW          453    .data               usart.o
    0x20000008   COMPRESSED   0x00000004   Data   RW          651    .data               system_stm32f4xx.o
    0x2000000c   COMPRESSED   0x00000004   Data   RW          804    .data               menu.o
    0x20000010   COMPRESSED   0x00000004   Data   RW          859    .data               ymodem.o
    0x20000014   COMPRESSED   0x00000002   Data   RW          914    .data               led.o
    0x20000016   COMPRESSED   0x00000002   PAD
    0x20000018   COMPRESSED   0x00000020   Data   RW         1701    .data               stm32f4xx_hal_flash.o
    0x20000038   COMPRESSED   0x0000000c   Data   RW         2447    .data               stm32f4xx_hal.o
    0x20000044   COMPRESSED   0x000000a4   Data   RW         4944    .data               bootloader_core.o
    0x200000e8   COMPRESSED   0x0000000c   Data   RW         5107    .data               sd_diskio.o
    0x200000f4   COMPRESSED   0x00000005   Data   RW         5203    .data               fatfs.o
    0x200000f9   COMPRESSED   0x00000003   PAD
    0x200000fc   COMPRESSED   0x00000008   Data   RW         5361    .data               ff.o
    0x20000104   COMPRESSED   0x0000001c   Data   RW         5835    .data               usbd_desc.o
    0x20000120   COMPRESSED   0x00000032   Data   RW         5836    .data               usbd_desc.o
    0x20000152   COMPRESSED   0x00000002   PAD
    0x20000154   COMPRESSED   0x00000020   Data   RW         5920    .data               usbd_storage_if.o
    0x20000174   COMPRESSED   0x00000001   Data   RW         6349    .data               usbd_ctlreq.o
    0x20000175   COMPRESSED   0x00000003   PAD
    0x20000178   COMPRESSED   0x00000038   Data   RW         6487    .data               usbd_msc.o
    0x200001b0   COMPRESSED   0x0000002e   Data   RW         6488    .data               usbd_msc.o
    0x200001de   COMPRESSED   0x00000006   Data   RW         6633    .data               usbd_msc_data.o
    0x200001e4   COMPRESSED   0x00000008   Data   RW         6634    .data               usbd_msc_data.o
    0x200001ec   COMPRESSED   0x00000004   Data   RW         6635    .data               usbd_msc_data.o
    0x200001f0   COMPRESSED   0x00000008   Data   RW         6636    .data               usbd_msc_data.o
    0x200001f8   COMPRESSED   0x00000008   Data   RW         6637    .data               usbd_msc_data.o
    0x20000200        -       0x00000020   Zero   RW          316    .bss                rtc.o
    0x20000220        -       0x00000144   Zero   RW          359    .bss                sdio.o
    0x20000364        -       0x00000048   Zero   RW          406    .bss                tim.o
    0x200003ac        -       0x00000048   Zero   RW          451    .bss                usart.o
    0x200003f4        -       0x00000048   Zero   RW          690    .bss                common.o
    0x2000043c        -       0x00000040   Zero   RW          802    .bss                menu.o
    0x2000047c        -       0x00000406   Zero   RW          858    .bss                ymodem.o
    0x20000882   COMPRESSED   0x00000002   PAD
    0x20000884        -       0x00000234   Zero   RW         5201    .bss                fatfs.o
    0x20000ab8        -       0x00000020   Zero   RW         5359    .bss                ff.o
    0x20000ad8        -       0x0000000c   Zero   RW         5658    .bss                ff_gen_drv.o
    0x20000ae4        -       0x000002dc   Zero   RW         5773    .bss                usb_device.o
    0x20000dc0        -       0x00000200   Zero   RW         5834    .bss                usbd_desc.o
    0x20000fc0        -       0x0000096c   Zero   RW         6004    .bss                usbd_conf.o
    0x2000192c        -       0x00000018   Zero   RW         6679    .bss                usbd_msc_scsi.o
    0x20001944        -       0x00000060   Zero   RW         6968    .bss                c_w.l(libspace.o)
    0x200019a4   COMPRESSED   0x00000004   PAD
    0x200019a8        -       0x00001000   Zero   RW            2    HEAP                startup_stm32f407xx.o
    0x200029a8        -       0x00002000   Zero   RW            1    STACK               startup_stm32f407xx.o


    Execution Region RW_IRAM2 (Exec base: 0x2001c000, Load base: 0x080095f0, Size: 0x00000000, Max: 0x00004000, ABSOLUTE)

    **** No section assigned to this execution region ****


==============================================================================

Image component sizes


      Code (inc. data)   RO Data    RW Data    ZI Data      Debug   Object Name

        72          6          0        164          0       8363   bootloader_core.o
       192         22          0          0          0       6130   bsp_driver_sd.o
       432         28          0          0         72       5972   common.o
       124         20          0          0          0       3088   diskio.o
        60          4          0          0          0        790   dma.o
        28         10          0          5        564       1062   fatfs.o
        24          4          0          0          0        569   fatfs_platform.o
      1052         32          0          8         32      12958   ff.o
        70          6          0          0         12       1643   ff_gen_drv.o
       424         56          0          0          0       4351   flash_if.o
       160         14          0          0          0       1015   gpio.o
        60          8          0          2          0        787   led.o
       640        262          0          0          0     755120   main.o
      1608       1182        461          4         64       3582   menu.o
       184         16          0          0         32       1663   rtc.o
       444         34         20         12          0       6549   sd_diskio.o
       356         34          0          0        324       1887   sdio.o
        64         26        392          0      12288        848   startup_stm32f407xx.o
       254         46          0         12          0      10550   stm32f4xx_hal.o
       198         14          0          0          0      33863   stm32f4xx_hal_cortex.o
      1088         16          8          0          0       7973   stm32f4xx_hal_dma.o
       584         84          0         32          0       7830   stm32f4xx_hal_flash.o
       624         44          0          0          0       6244   stm32f4xx_hal_flash_ex.o
       516         46          0          0          0       2867   stm32f4xx_hal_gpio.o
        48          6          0          0          0        866   stm32f4xx_hal_msp.o
      2628         12          0          0          0      14367   stm32f4xx_hal_pcd.o
        78          0          0          0          0       2417   stm32f4xx_hal_pcd_ex.o
      1356         78          0          0          0       5768   stm32f4xx_hal_rcc.o
       624         44          0          0          0       2265   stm32f4xx_hal_rcc_ex.o
       692         24          0          0          0       6153   stm32f4xx_hal_rtc.o
      3914         78          0          0          0      20228   stm32f4xx_hal_sd.o
      1064         72          0          0          0      10365   stm32f4xx_hal_tim.o
       148         28          0          0          0       2501   stm32f4xx_hal_tim_ex.o
      1752         14          0          0          0      11747   stm32f4xx_hal_uart.o
        92         36          0          0          0       7062   stm32f4xx_it.o
      1668         48          0          0          0      23723   stm32f4xx_ll_sdmmc.o
      2708        116          0          0          0      23388   stm32f4xx_ll_usb.o
        16          4         24          4          0       1139   system_stm32f4xx.o
       168         20          0          0         72       1718   tim.o
       230         32          0          5         72       4712   usart.o
        84         18          0          0        732       5675   usb_device.o
       660         24          0          0       2412      17590   usbd_conf.o
       934          0          0          0          0      15463   usbd_core.o
      1360         28          0          1          0      15380   usbd_ctlreq.o
       284        100          0         78        512       6221   usbd_desc.o
       104          0          0          0          0       3844   usbd_ioreq.o
       712         30          0        102          0      10057   usbd_msc.o
       842         56          0          0          0       7778   usbd_msc_bot.o
         0          0          0         34          0       1009   usbd_msc_data.o
      2726         46          0          0         24      19320   usbd_msc_scsi.o
       144         18         36         32          0       4991   usbd_storage_if.o
      1376         34          0          4       1030       6928   ymodem.o

    ----------------------------------------------------------------------
     35732       2980        978        512      18244    1138379   Object Totals
         0          0         32          0          0          0   (incl. Generated)
        62          0          5         13          2          0   (incl. Padding)

    ----------------------------------------------------------------------

      Code (inc. data)   RO Data    RW Data    ZI Data      Debug   Library Member Name

        90          0          0          0          0          0   __dczerorl2.o
         8          0          0          0          0         68   __main.o
       104          0          0          0          0         84   __printf.o
         0          0          0          0          0          0   __rtentry.o
        12          0          0          0          0          0   __rtentry2.o
         6          0          0          0          0          0   __rtentry4.o
        52          8          0          0          0          0   __scatter.o
        28          0          0          0          0          0   __scatter_zi.o
        44          0          0          0          0        108   _printf_char.o
        48          6          0          0          0         96   _printf_char_common.o
        36          4          0          0          0         80   _printf_char_file.o
         6          0          0          0          0          0   _printf_d.o
       120         16          0          0          0         92   _printf_dec.o
       178          0          0          0          0         88   _printf_intcommon.o
         0          0          0          0          0          0   _printf_percent.o
         4          0          0          0          0          0   _printf_percent_end.o
         6          0          0          0          0          0   _printf_s.o
        82          0          0          0          0         80   _printf_str.o
        18          0          0          0          0         80   exit.o
         8          0          0          0          0         68   ferror.o
         6          0          0          0          0        152   heapauxi.o
         2          0          0          0          0          0   libinit.o
         6          0          0          0          0          0   libinit2.o
         2          0          0          0          0          0   libshutdown.o
         2          0          0          0          0          0   libshutdown2.o
         8          4          0          0         96         68   libspace.o
       238          0          0          0          0        100   lludivv7m.o
        24          4          0          0          0         84   noretval__2printf.o
        68          0          0          0          0         68   rt_memclr.o
        78          0          0          0          0         80   rt_memclr_w.o
       100          0          0          0          0         80   rt_memcpy_w.o
         2          0          0          0          0          0   rtexit.o
        10          0          0          0          0          0   rtexit2.o
        74          0          0          0          0         80   sys_stackheap_outer.o
        10          0          0          0          0        116   fpinit.o

    ----------------------------------------------------------------------
      1490         42          0          0        100       1672   Library Totals
        10          0          0          0          4          0   (incl. Padding)

    ----------------------------------------------------------------------

      Code (inc. data)   RO Data    RW Data    ZI Data      Debug   Library Name

      1470         42          0          0         96       1556   c_w.l
        10          0          0          0          0        116   fz_wm.l

    ----------------------------------------------------------------------
      1490         42          0          0        100       1672   Library Totals

    ----------------------------------------------------------------------

==============================================================================


      Code (inc. data)   RO Data    RW Data    ZI Data      Debug   

     37222       3022        978        512      18344    1101323   Grand Totals
     37222       3022        978        184      18344    1101323   ELF Image Totals (compressed)
     37222       3022        978        184          0          0   ROM Totals

==============================================================================

    Total RO  Size (Code + RO Data)                38200 (  37.30kB)
    Total RW  Size (RW Data + ZI Data)             18856 (  18.41kB)
    Total ROM Size (Code + RO Data + RW Data)      38384 (  37.48kB)

==============================================================================

