<!doctype html public "-//w3c//dtd html 4.0 transitional//en">
<html><head>
<title>Static Call Graph - [STM32F407VGT6_Bootloader\STM32F407VGT6_Bootloader.axf]</title></head>
<body><HR>
<H1>Static Call Graph for image STM32F407VGT6_Bootloader\STM32F407VGT6_Bootloader.axf</H1><HR>
<BR><P>#&#060CALLGRAPH&#062# ARM Linker, 6210000: Last Updated: Fri May  1 22:22:48 2026
<BR><P>
<H3>Maximum Stack Usage =       9136 bytes + Unknown(Functions without stacksize, Cycles, Untraceable Function Pointers)</H3><H3>
Call chain for Maximum Stack Depth:</H3>
cmd_onenet_ota_download &rArr; lfs_file_open &rArr; lfs_fs_forceconsistency &rArr; OUTLINED_FUNCTION_42 &rArr; lfs_dir_commit &rArr; lfs_fs_deorphan &rArr; lfs_dir_orphaningcommit &rArr; lfs_dir_relocatingcommit &rArr; OUTLINED_FUNCTION_77 &rArr; lfs_dir_split &rArr; lfs_dir_compact &rArr; lfs_alloc &rArr; lfs_fs_traverse_ &rArr; lfs_dir_fetch &rArr; lfs_dir_fetchmatch &rArr; lfs_bd_crc &rArr; OUTLINED_FUNCTION_94 &rArr; lfs_bd_read &rArr; __aeabi_assert &rArr; abort &rArr; __rt_SIGABRT &rArr; __rt_SIGABRT_inner &rArr; __default_signal_display &rArr; _ttywrch
<P>
<H3>
Functions with no stack information
</H3><UL>
 <LI><a href="#[1af]">__user_initial_stackheap</a>
</UL>
</UL>
<P>
<H3>
Mutually Recursive functions
</H3> <LI><a href="#[1d]">ADC_IRQHandler</a>&nbsp;&nbsp;&nbsp;&rArr;&nbsp;&nbsp;&nbsp;<a href="#[1d]">ADC_IRQHandler</a><BR>
 <LI><a href="#[5]">BusFault_Handler</a>&nbsp;&nbsp;&nbsp;&rArr;&nbsp;&nbsp;&nbsp;<a href="#[5]">BusFault_Handler</a><BR>
 <LI><a href="#[3]">HardFault_Handler</a>&nbsp;&nbsp;&nbsp;&rArr;&nbsp;&nbsp;&nbsp;<a href="#[3]">HardFault_Handler</a><BR>
 <LI><a href="#[4]">MemManage_Handler</a>&nbsp;&nbsp;&nbsp;&rArr;&nbsp;&nbsp;&nbsp;<a href="#[4]">MemManage_Handler</a><BR>
 <LI><a href="#[2]">NMI_Handler</a>&nbsp;&nbsp;&nbsp;&rArr;&nbsp;&nbsp;&nbsp;<a href="#[2]">NMI_Handler</a><BR>
 <LI><a href="#[1e7]">UART_EndRxTransfer</a>&nbsp;&nbsp;&nbsp;&rArr;&nbsp;&nbsp;&nbsp;<a href="#[1e7]">UART_EndRxTransfer</a><BR>
 <LI><a href="#[6]">UsageFault_Handler</a>&nbsp;&nbsp;&nbsp;&rArr;&nbsp;&nbsp;&nbsp;<a href="#[6]">UsageFault_Handler</a><BR>
 <LI><a href="#[2cb]">mem_cpy</a>&nbsp;&nbsp;&nbsp;&rArr;&nbsp;&nbsp;&nbsp;<a href="#[2cb]">mem_cpy</a><BR>
 <LI><a href="#[28d]">chk_chr</a>&nbsp;&nbsp;&nbsp;&rArr;&nbsp;&nbsp;&nbsp;<a href="#[28d]">chk_chr</a><BR>
 <LI><a href="#[272]">lfs_mlist_isopen</a>&nbsp;&nbsp;&nbsp;&rArr;&nbsp;&nbsp;&nbsp;<a href="#[272]">lfs_mlist_isopen</a><BR>
 <LI><a href="#[21f]">cJSON_Delete</a>&nbsp;&nbsp;&nbsp;&rArr;&nbsp;&nbsp;&nbsp;<a href="#[21f]">cJSON_Delete</a><BR>
 <LI><a href="#[28a]">parse_value</a>&nbsp;&nbsp;&nbsp;&rArr;&nbsp;&nbsp;&nbsp;<a href="#[28a]">parse_value</a><BR>
</UL>
<P>
<H3>
Function Pointers
</H3><UL>
 <LI><a href="#[1d]">ADC_IRQHandler</a> from startup_stm32f407xx.o(.text) referenced from startup_stm32f407xx.o(RESET)
 <LI><a href="#[5]">BusFault_Handler</a> from lto-llvm-27697e.o(.text.BusFault_Handler) referenced from startup_stm32f407xx.o(RESET)
 <LI><a href="#[1f]">CAN1_RX0_IRQHandler</a> from startup_stm32f407xx.o(.text) referenced from startup_stm32f407xx.o(RESET)
 <LI><a href="#[20]">CAN1_RX1_IRQHandler</a> from startup_stm32f407xx.o(.text) referenced from startup_stm32f407xx.o(RESET)
 <LI><a href="#[21]">CAN1_SCE_IRQHandler</a> from startup_stm32f407xx.o(.text) referenced from startup_stm32f407xx.o(RESET)
 <LI><a href="#[1e]">CAN1_TX_IRQHandler</a> from startup_stm32f407xx.o(.text) referenced from startup_stm32f407xx.o(RESET)
 <LI><a href="#[4b]">CAN2_RX0_IRQHandler</a> from startup_stm32f407xx.o(.text) referenced from startup_stm32f407xx.o(RESET)
 <LI><a href="#[4c]">CAN2_RX1_IRQHandler</a> from startup_stm32f407xx.o(.text) referenced from startup_stm32f407xx.o(RESET)
 <LI><a href="#[4d]">CAN2_SCE_IRQHandler</a> from startup_stm32f407xx.o(.text) referenced from startup_stm32f407xx.o(RESET)
 <LI><a href="#[4a]">CAN2_TX_IRQHandler</a> from startup_stm32f407xx.o(.text) referenced from startup_stm32f407xx.o(RESET)
 <LI><a href="#[59]">DCMI_IRQHandler</a> from startup_stm32f407xx.o(.text) referenced from startup_stm32f407xx.o(RESET)
 <LI><a href="#[16]">DMA1_Stream0_IRQHandler</a> from startup_stm32f407xx.o(.text) referenced from startup_stm32f407xx.o(RESET)
 <LI><a href="#[17]">DMA1_Stream1_IRQHandler</a> from startup_stm32f407xx.o(.text) referenced from startup_stm32f407xx.o(RESET)
 <LI><a href="#[18]">DMA1_Stream2_IRQHandler</a> from startup_stm32f407xx.o(.text) referenced from startup_stm32f407xx.o(RESET)
 <LI><a href="#[19]">DMA1_Stream3_IRQHandler</a> from startup_stm32f407xx.o(.text) referenced from startup_stm32f407xx.o(RESET)
 <LI><a href="#[1a]">DMA1_Stream4_IRQHandler</a> from startup_stm32f407xx.o(.text) referenced from startup_stm32f407xx.o(RESET)
 <LI><a href="#[1b]">DMA1_Stream5_IRQHandler</a> from startup_stm32f407xx.o(.text) referenced from startup_stm32f407xx.o(RESET)
 <LI><a href="#[1c]">DMA1_Stream6_IRQHandler</a> from startup_stm32f407xx.o(.text) referenced from startup_stm32f407xx.o(RESET)
 <LI><a href="#[3a]">DMA1_Stream7_IRQHandler</a> from startup_stm32f407xx.o(.text) referenced from startup_stm32f407xx.o(RESET)
 <LI><a href="#[43]">DMA2_Stream0_IRQHandler</a> from startup_stm32f407xx.o(.text) referenced from startup_stm32f407xx.o(RESET)
 <LI><a href="#[44]">DMA2_Stream1_IRQHandler</a> from startup_stm32f407xx.o(.text) referenced from startup_stm32f407xx.o(RESET)
 <LI><a href="#[45]">DMA2_Stream2_IRQHandler</a> from lto-llvm-27697e.o(.text.DMA2_Stream2_IRQHandler) referenced from startup_stm32f407xx.o(RESET)
 <LI><a href="#[46]">DMA2_Stream3_IRQHandler</a> from lto-llvm-27697e.o(.text.DMA2_Stream3_IRQHandler) referenced from startup_stm32f407xx.o(RESET)
 <LI><a href="#[47]">DMA2_Stream4_IRQHandler</a> from startup_stm32f407xx.o(.text) referenced from startup_stm32f407xx.o(RESET)
 <LI><a href="#[4f]">DMA2_Stream5_IRQHandler</a> from startup_stm32f407xx.o(.text) referenced from startup_stm32f407xx.o(RESET)
 <LI><a href="#[50]">DMA2_Stream6_IRQHandler</a> from lto-llvm-27697e.o(.text.DMA2_Stream6_IRQHandler) referenced from startup_stm32f407xx.o(RESET)
 <LI><a href="#[51]">DMA2_Stream7_IRQHandler</a> from lto-llvm-27697e.o(.text.DMA2_Stream7_IRQHandler) referenced from startup_stm32f407xx.o(RESET)
 <LI><a href="#[8]">DebugMon_Handler</a> from lto-llvm-27697e.o(.text.DebugMon_Handler) referenced from startup_stm32f407xx.o(RESET)
 <LI><a href="#[48]">ETH_IRQHandler</a> from startup_stm32f407xx.o(.text) referenced from startup_stm32f407xx.o(RESET)
 <LI><a href="#[49]">ETH_WKUP_IRQHandler</a> from startup_stm32f407xx.o(.text) referenced from startup_stm32f407xx.o(RESET)
 <LI><a href="#[11]">EXTI0_IRQHandler</a> from startup_stm32f407xx.o(.text) referenced from startup_stm32f407xx.o(RESET)
 <LI><a href="#[33]">EXTI15_10_IRQHandler</a> from startup_stm32f407xx.o(.text) referenced from startup_stm32f407xx.o(RESET)
 <LI><a href="#[12]">EXTI1_IRQHandler</a> from startup_stm32f407xx.o(.text) referenced from startup_stm32f407xx.o(RESET)
 <LI><a href="#[13]">EXTI2_IRQHandler</a> from startup_stm32f407xx.o(.text) referenced from startup_stm32f407xx.o(RESET)
 <LI><a href="#[14]">EXTI3_IRQHandler</a> from startup_stm32f407xx.o(.text) referenced from startup_stm32f407xx.o(RESET)
 <LI><a href="#[15]">EXTI4_IRQHandler</a> from startup_stm32f407xx.o(.text) referenced from startup_stm32f407xx.o(RESET)
 <LI><a href="#[22]">EXTI9_5_IRQHandler</a> from startup_stm32f407xx.o(.text) referenced from startup_stm32f407xx.o(RESET)
 <LI><a href="#[f]">FLASH_IRQHandler</a> from startup_stm32f407xx.o(.text) referenced from startup_stm32f407xx.o(RESET)
 <LI><a href="#[3b]">FMC_IRQHandler</a> from startup_stm32f407xx.o(.text) referenced from startup_stm32f407xx.o(RESET)
 <LI><a href="#[5b]">FPU_IRQHandler</a> from startup_stm32f407xx.o(.text) referenced from startup_stm32f407xx.o(RESET)
 <LI><a href="#[81]">HAL_GPIO_Init</a> from lto-llvm-27697e.o(.text.HAL_GPIO_Init) referenced from lto-llvm-27697e.o(.text.main)
 <LI><a href="#[82]">HAL_NVIC_SetPriority</a> from lto-llvm-27697e.o(.text.HAL_NVIC_SetPriority) referenced from lto-llvm-27697e.o(.text.main)
 <LI><a href="#[5a]">HASH_RNG_IRQHandler</a> from startup_stm32f407xx.o(.text) referenced from startup_stm32f407xx.o(RESET)
 <LI><a href="#[3]">HardFault_Handler</a> from lto-llvm-27697e.o(.text.HardFault_Handler) referenced from startup_stm32f407xx.o(RESET)
 <LI><a href="#[2b]">I2C1_ER_IRQHandler</a> from startup_stm32f407xx.o(.text) referenced from startup_stm32f407xx.o(RESET)
 <LI><a href="#[2a]">I2C1_EV_IRQHandler</a> from startup_stm32f407xx.o(.text) referenced from startup_stm32f407xx.o(RESET)
 <LI><a href="#[2d]">I2C2_ER_IRQHandler</a> from startup_stm32f407xx.o(.text) referenced from startup_stm32f407xx.o(RESET)
 <LI><a href="#[2c]">I2C2_EV_IRQHandler</a> from startup_stm32f407xx.o(.text) referenced from startup_stm32f407xx.o(RESET)
 <LI><a href="#[54]">I2C3_ER_IRQHandler</a> from startup_stm32f407xx.o(.text) referenced from startup_stm32f407xx.o(RESET)
 <LI><a href="#[53]">I2C3_EV_IRQHandler</a> from startup_stm32f407xx.o(.text) referenced from startup_stm32f407xx.o(RESET)
 <LI><a href="#[4]">MemManage_Handler</a> from lto-llvm-27697e.o(.text.MemManage_Handler) referenced from startup_stm32f407xx.o(RESET)
 <LI><a href="#[2]">NMI_Handler</a> from lto-llvm-27697e.o(.text.NMI_Handler) referenced from startup_stm32f407xx.o(RESET)
 <LI><a href="#[4e]">OTG_FS_IRQHandler</a> from lto-llvm-27697e.o(.text.OTG_FS_IRQHandler) referenced from startup_stm32f407xx.o(RESET)
 <LI><a href="#[35]">OTG_FS_WKUP_IRQHandler</a> from startup_stm32f407xx.o(.text) referenced from startup_stm32f407xx.o(RESET)
 <LI><a href="#[56]">OTG_HS_EP1_IN_IRQHandler</a> from startup_stm32f407xx.o(.text) referenced from startup_stm32f407xx.o(RESET)
 <LI><a href="#[55]">OTG_HS_EP1_OUT_IRQHandler</a> from startup_stm32f407xx.o(.text) referenced from startup_stm32f407xx.o(RESET)
 <LI><a href="#[58]">OTG_HS_IRQHandler</a> from startup_stm32f407xx.o(.text) referenced from startup_stm32f407xx.o(RESET)
 <LI><a href="#[57]">OTG_HS_WKUP_IRQHandler</a> from startup_stm32f407xx.o(.text) referenced from startup_stm32f407xx.o(RESET)
 <LI><a href="#[c]">PVD_IRQHandler</a> from startup_stm32f407xx.o(.text) referenced from startup_stm32f407xx.o(RESET)
 <LI><a href="#[9]">PendSV_Handler</a> from lto-llvm-27697e.o(.text.PendSV_Handler) referenced from startup_stm32f407xx.o(RESET)
 <LI><a href="#[10]">RCC_IRQHandler</a> from startup_stm32f407xx.o(.text) referenced from startup_stm32f407xx.o(RESET)
 <LI><a href="#[34]">RTC_Alarm_IRQHandler</a> from startup_stm32f407xx.o(.text) referenced from startup_stm32f407xx.o(RESET)
 <LI><a href="#[e]">RTC_WKUP_IRQHandler</a> from startup_stm32f407xx.o(.text) referenced from startup_stm32f407xx.o(RESET)
 <LI><a href="#[1]">Reset_Handler</a> from startup_stm32f407xx.o(.text) referenced from startup_stm32f407xx.o(RESET)
 <LI><a href="#[3c]">SDIO_IRQHandler</a> from lto-llvm-27697e.o(.text.SDIO_IRQHandler) referenced from startup_stm32f407xx.o(RESET)
 <LI><a href="#[67]">SD_DMAError</a> from lto-llvm-27697e.o(.text.SD_DMAError) referenced from lto-llvm-27697e.o(.text.BSP_SD_WriteBlocks_DMA)
 <LI><a href="#[66]">SD_DMAReceiveCplt</a> from lto-llvm-27697e.o(.text.SD_DMAReceiveCplt) referenced from lto-llvm-27697e.o(.text.BSP_SD_ReadBlocks_DMA)
 <LI><a href="#[6b]">SD_DMARxAbort</a> from lto-llvm-27697e.o(.text.SD_DMARxAbort) referenced from lto-llvm-27697e.o(.text.SDIO_IRQHandler)
 <LI><a href="#[68]">SD_DMATransmitCplt</a> from lto-llvm-27697e.o(.text.SD_DMATransmitCplt) referenced from lto-llvm-27697e.o(.text.BSP_SD_WriteBlocks_DMA)
 <LI><a href="#[6a]">SD_DMATxAbort</a> from lto-llvm-27697e.o(.text.SD_DMATxAbort) referenced from lto-llvm-27697e.o(.text.SDIO_IRQHandler)
 <LI><a href="#[86]">SD_initialize</a> from lto-llvm-27697e.o(.text.SD_initialize) referenced from lto-llvm-27697e.o(.rodata.SD_Driver)
 <LI><a href="#[8a]">SD_ioctl</a> from lto-llvm-27697e.o(.text.SD_ioctl) referenced from lto-llvm-27697e.o(.rodata.SD_Driver)
 <LI><a href="#[88]">SD_read</a> from lto-llvm-27697e.o(.text.SD_read) referenced from lto-llvm-27697e.o(.rodata.SD_Driver)
 <LI><a href="#[87]">SD_status</a> from lto-llvm-27697e.o(.text.SD_status) referenced from lto-llvm-27697e.o(.rodata.SD_Driver)
 <LI><a href="#[89]">SD_write</a> from lto-llvm-27697e.o(.text.SD_write) referenced from lto-llvm-27697e.o(.rodata.SD_Driver)
 <LI><a href="#[2e]">SPI1_IRQHandler</a> from startup_stm32f407xx.o(.text) referenced from startup_stm32f407xx.o(RESET)
 <LI><a href="#[2f]">SPI2_IRQHandler</a> from startup_stm32f407xx.o(.text) referenced from startup_stm32f407xx.o(RESET)
 <LI><a href="#[3e]">SPI3_IRQHandler</a> from startup_stm32f407xx.o(.text) referenced from startup_stm32f407xx.o(RESET)
 <LI><a href="#[7]">SVC_Handler</a> from lto-llvm-27697e.o(.text.SVC_Handler) referenced from startup_stm32f407xx.o(RESET)
 <LI><a href="#[a]">SysTick_Handler</a> from lto-llvm-27697e.o(.text.SysTick_Handler) referenced from startup_stm32f407xx.o(RESET)
 <LI><a href="#[5c]">SystemInit</a> from lto-llvm-27697e.o(.text.SystemInit) referenced from startup_stm32f407xx.o(.text)
 <LI><a href="#[d]">TAMP_STAMP_IRQHandler</a> from startup_stm32f407xx.o(.text) referenced from startup_stm32f407xx.o(RESET)
 <LI><a href="#[23]">TIM1_BRK_TIM9_IRQHandler</a> from startup_stm32f407xx.o(.text) referenced from startup_stm32f407xx.o(RESET)
 <LI><a href="#[26]">TIM1_CC_IRQHandler</a> from startup_stm32f407xx.o(.text) referenced from startup_stm32f407xx.o(RESET)
 <LI><a href="#[25]">TIM1_TRG_COM_TIM11_IRQHandler</a> from startup_stm32f407xx.o(.text) referenced from startup_stm32f407xx.o(RESET)
 <LI><a href="#[24]">TIM1_UP_TIM10_IRQHandler</a> from lto-llvm-27697e.o(.text.TIM1_UP_TIM10_IRQHandler) referenced from startup_stm32f407xx.o(RESET)
 <LI><a href="#[27]">TIM2_IRQHandler</a> from startup_stm32f407xx.o(.text) referenced from startup_stm32f407xx.o(RESET)
 <LI><a href="#[28]">TIM3_IRQHandler</a> from startup_stm32f407xx.o(.text) referenced from startup_stm32f407xx.o(RESET)
 <LI><a href="#[29]">TIM4_IRQHandler</a> from startup_stm32f407xx.o(.text) referenced from startup_stm32f407xx.o(RESET)
 <LI><a href="#[3d]">TIM5_IRQHandler</a> from startup_stm32f407xx.o(.text) referenced from startup_stm32f407xx.o(RESET)
 <LI><a href="#[41]">TIM6_DAC_IRQHandler</a> from startup_stm32f407xx.o(.text) referenced from startup_stm32f407xx.o(RESET)
 <LI><a href="#[42]">TIM7_IRQHandler</a> from startup_stm32f407xx.o(.text) referenced from startup_stm32f407xx.o(RESET)
 <LI><a href="#[36]">TIM8_BRK_TIM12_IRQHandler</a> from startup_stm32f407xx.o(.text) referenced from startup_stm32f407xx.o(RESET)
 <LI><a href="#[39]">TIM8_CC_IRQHandler</a> from startup_stm32f407xx.o(.text) referenced from startup_stm32f407xx.o(RESET)
 <LI><a href="#[38]">TIM8_TRG_COM_TIM14_IRQHandler</a> from startup_stm32f407xx.o(.text) referenced from startup_stm32f407xx.o(RESET)
 <LI><a href="#[37]">TIM8_UP_TIM13_IRQHandler</a> from startup_stm32f407xx.o(.text) referenced from startup_stm32f407xx.o(RESET)
 <LI><a href="#[3f]">UART4_IRQHandler</a> from lto-llvm-27697e.o(.text.UART4_IRQHandler) referenced from startup_stm32f407xx.o(RESET)
 <LI><a href="#[40]">UART5_IRQHandler</a> from startup_stm32f407xx.o(.text) referenced from startup_stm32f407xx.o(RESET)
 <LI><a href="#[69]">UART_DMAAbortOnError</a> from lto-llvm-27697e.o(.text.UART_DMAAbortOnError) referenced from lto-llvm-27697e.o(.text.HAL_UART_IRQHandler)
 <LI><a href="#[30]">USART1_IRQHandler</a> from lto-llvm-27697e.o(.text.USART1_IRQHandler) referenced from startup_stm32f407xx.o(RESET)
 <LI><a href="#[31]">USART2_IRQHandler</a> from startup_stm32f407xx.o(.text) referenced from startup_stm32f407xx.o(RESET)
 <LI><a href="#[32]">USART3_IRQHandler</a> from startup_stm32f407xx.o(.text) referenced from startup_stm32f407xx.o(RESET)
 <LI><a href="#[52]">USART6_IRQHandler</a> from startup_stm32f407xx.o(.text) referenced from startup_stm32f407xx.o(RESET)
 <LI><a href="#[6]">UsageFault_Handler</a> from lto-llvm-27697e.o(.text.UsageFault_Handler) referenced from startup_stm32f407xx.o(RESET)
 <LI><a href="#[b]">WWDG_IRQHandler</a> from startup_stm32f407xx.o(.text) referenced from startup_stm32f407xx.o(RESET)
 <LI><a href="#[79]">__2printf</a> from __2printf.o(.text) referenced from lto-llvm-27697e.o(.text.cmd_onenet_ota_download)
 <LI><a href="#[75]">__2snprintf</a> from __2snprintf.o(.text) referenced from lto-llvm-27697e.o(.text.cmd_mqtt_listen)
 <LI><a href="#[5d]">__main</a> from __main.o(!!!main) referenced from startup_stm32f407xx.o(.text)
 <LI><a href="#[74]">_cache_unpackUInt</a> from lto-llvm-27697e.o(.text._cache_unpackUInt) referenced from lto-llvm-27697e.o(.text.cmd_hpatch_workflow)
 <LI><a href="#[60]">_get_lc_ctype</a> from lc_ctype_c.o(locale$$code) referenced from rt_ctype_table.o(.text)
 <LI><a href="#[61]">_printf_input_char</a> from _printf_char_common.o(.text) referenced from _printf_char_common.o(.text)
 <LI><a href="#[64]">_sbackspace</a> from _sgetc.o(.text) referenced from strtod.o(.text)
 <LI><a href="#[63]">_sgetc</a> from _sgetc.o(.text) referenced from strtod.o(.text)
 <LI><a href="#[5f]">_snputc</a> from _snputc.o(.text) referenced 2 times from vsnprintf.o(.text)
 <LI><a href="#[5e]">_sputc</a> from _sputc.o(.text) referenced from vsprintf.o(.text)
 <LI><a href="#[78]">cJSON_GetObjectItemCaseSensitive</a> from lto-llvm-27697e.o(.text.cJSON_GetObjectItemCaseSensitive) referenced from lto-llvm-27697e.o(.text.cmd_onenet_ota_download)
 <LI><a href="#[8b]">cmd_decrypt_download_sdcard</a> from lto-llvm-27697e.o(.text.cmd_decrypt_download_sdcard) referenced from lto-llvm-27697e.o(.rodata.decrypt_menu)
 <LI><a href="#[8c]">cmd_decrypt_download_spi</a> from lto-llvm-27697e.o(.text.cmd_decrypt_download_spi) referenced from lto-llvm-27697e.o(.rodata.decrypt_menu)
 <LI><a href="#[f5]">cmd_decrypt_sdcard</a> from lto-llvm-27697e.o(.text.cmd_decrypt_sdcard) referenced from lto-llvm-27697e.o(.rodata.main_menu)
 <LI><a href="#[10e]">cmd_delete_fs</a> from lto-llvm-27697e.o(.text.cmd_delete_fs) referenced from lto-llvm-27697e.o(.rodata.store_menu)
 <LI><a href="#[10d]">cmd_delete_stored</a> from lto-llvm-27697e.o(.text.cmd_delete_stored) referenced from lto-llvm-27697e.o(.rodata.store_menu)
 <LI><a href="#[91]">cmd_esp8266_at_test</a> from lto-llvm-27697e.o(.text.cmd_esp8266_at_test) referenced from lto-llvm-27697e.o(.rodata.esp8266_menu)
 <LI><a href="#[90]">cmd_esp8266_init</a> from lto-llvm-27697e.o(.text.cmd_esp8266_init) referenced from lto-llvm-27697e.o(.rodata.esp8266_menu)
 <LI><a href="#[92]">cmd_esp8266_tcp_connect</a> from lto-llvm-27697e.o(.text.cmd_esp8266_tcp_connect) referenced from lto-llvm-27697e.o(.rodata.esp8266_menu)
 <LI><a href="#[93]">cmd_esp8266_transparent_enter</a> from lto-llvm-27697e.o(.text.cmd_esp8266_transparent_enter) referenced from lto-llvm-27697e.o(.rodata.esp8266_menu)
 <LI><a href="#[94]">cmd_esp8266_transparent_exit</a> from lto-llvm-27697e.o(.text.cmd_esp8266_transparent_exit) referenced from lto-llvm-27697e.o(.rodata.esp8266_menu)
 <LI><a href="#[f3]">cmd_execute_app</a> from lto-llvm-27697e.o(.text.cmd_execute_app) referenced from lto-llvm-27697e.o(.rodata.main_menu)
 <LI><a href="#[f4]">cmd_flash_protection</a> from lto-llvm-27697e.o(.text.cmd_flash_protection) referenced from lto-llvm-27697e.o(.rodata.main_menu)
 <LI><a href="#[ca]">cmd_hpatch_sdcard</a> from lto-llvm-27697e.o(.text.cmd_hpatch_sdcard) referenced from lto-llvm-27697e.o(.rodata.hpatch_menu)
 <LI><a href="#[cb]">cmd_hpatch_spi</a> from lto-llvm-27697e.o(.text.cmd_hpatch_spi) referenced from lto-llvm-27697e.o(.rodata.hpatch_menu)
 <LI><a href="#[f7]">cmd_mqtt_check_status</a> from lto-llvm-27697e.o(.text.cmd_mqtt_check_status) referenced from lto-llvm-27697e.o(.rodata.mqtt_menu)
 <LI><a href="#[f8]">cmd_mqtt_configure</a> from lto-llvm-27697e.o(.text.cmd_mqtt_configure) referenced from lto-llvm-27697e.o(.rodata.mqtt_menu)
 <LI><a href="#[f9]">cmd_mqtt_connect</a> from lto-llvm-27697e.o(.text.cmd_mqtt_connect) referenced from lto-llvm-27697e.o(.rodata.mqtt_menu)
 <LI><a href="#[fd]">cmd_mqtt_disconnect</a> from lto-llvm-27697e.o(.text.cmd_mqtt_disconnect) referenced from lto-llvm-27697e.o(.rodata.mqtt_menu)
 <LI><a href="#[fc]">cmd_mqtt_listen</a> from lto-llvm-27697e.o(.text.cmd_mqtt_listen) referenced from lto-llvm-27697e.o(.rodata.mqtt_menu)
 <LI><a href="#[fb]">cmd_mqtt_publish</a> from lto-llvm-27697e.o(.text.cmd_mqtt_publish) referenced from lto-llvm-27697e.o(.rodata.mqtt_menu)
 <LI><a href="#[ff]">cmd_mqtt_publish_rtc</a> from lto-llvm-27697e.o(.text.cmd_mqtt_publish_rtc) referenced from lto-llvm-27697e.o(.rodata.mqtt_menu)
 <LI><a href="#[fa]">cmd_mqtt_subscribe</a> from lto-llvm-27697e.o(.text.cmd_mqtt_subscribe) referenced from lto-llvm-27697e.o(.rodata.mqtt_menu)
 <LI><a href="#[fe]">cmd_mqtt_sync_time</a> from lto-llvm-27697e.o(.text.cmd_mqtt_sync_time) referenced from lto-llvm-27697e.o(.rodata.mqtt_menu)
 <LI><a href="#[98]">cmd_onenet_ota_download</a> from lto-llvm-27697e.o(.text.cmd_onenet_ota_download) referenced from lto-llvm-27697e.o(.rodata.esp8266_menu)
 <LI><a href="#[95]">cmd_ota_target_internal</a> from lto-llvm-27697e.o(.text.cmd_ota_target_internal) referenced from lto-llvm-27697e.o(.rodata.esp8266_menu)
 <LI><a href="#[96]">cmd_ota_target_sdcard</a> from lto-llvm-27697e.o(.text.cmd_ota_target_sdcard) referenced from lto-llvm-27697e.o(.rodata.esp8266_menu)
 <LI><a href="#[97]">cmd_ota_target_spi</a> from lto-llvm-27697e.o(.text.cmd_ota_target_spi) referenced from lto-llvm-27697e.o(.rodata.esp8266_menu)
 <LI><a href="#[8e]">cmd_sdcard_download</a> from lto-llvm-27697e.o(.text.cmd_sdcard_download) referenced from lto-llvm-27697e.o(.rodata.download_menu)
 <LI><a href="#[8d]">cmd_serial_download</a> from lto-llvm-27697e.o(.text.cmd_serial_download) referenced from lto-llvm-27697e.o(.rodata.download_menu)
 <LI><a href="#[f2]">cmd_serial_upload</a> from lto-llvm-27697e.o(.text.cmd_serial_upload) referenced from lto-llvm-27697e.o(.rodata.main_menu)
 <LI><a href="#[10c]">cmd_show_stored</a> from lto-llvm-27697e.o(.text.cmd_show_stored) referenced from lto-llvm-27697e.o(.rodata.store_menu)
 <LI><a href="#[99]">cmd_show_time</a> from lto-llvm-27697e.o(.text.cmd_show_time) referenced from lto-llvm-27697e.o(.rodata.esp8266_menu)
 <LI><a href="#[8f]">cmd_spi_flash_download</a> from lto-llvm-27697e.o(.text.cmd_spi_flash_download) referenced from lto-llvm-27697e.o(.rodata.download_menu)
 <LI><a href="#[10b]">cmd_store_from_flash</a> from lto-llvm-27697e.o(.text.cmd_store_from_flash) referenced from lto-llvm-27697e.o(.rodata.store_menu)
 <LI><a href="#[10a]">cmd_store_from_tf</a> from lto-llvm-27697e.o(.text.cmd_store_from_tf) referenced from lto-llvm-27697e.o(.rodata.store_menu)
 <LI><a href="#[f6]">cmd_uart_passthrough</a> from lto-llvm-27697e.o(.text.cmd_uart_passthrough) referenced from lto-llvm-27697e.o(.rodata.main_menu)
 <LI><a href="#[a7]">esp8266_at_test</a> from lto-llvm-27697e.o(.text.esp8266_at_test) referenced from lto-llvm-27697e.o(.rodata.esp8266_wifi_ops)
 <LI><a href="#[ab]">esp8266_connect_tcp</a> from lto-llvm-27697e.o(.text.esp8266_connect_tcp) referenced from lto-llvm-27697e.o(.rodata.esp8266_wifi_ops)
 <LI><a href="#[ac]">esp8266_disconnect_tcp</a> from lto-llvm-27697e.o(.text.esp8266_disconnect_tcp) referenced from lto-llvm-27697e.o(.rodata.esp8266_wifi_ops)
 <LI><a href="#[ad]">esp8266_enter_transparent</a> from lto-llvm-27697e.o(.text.esp8266_enter_transparent) referenced from lto-llvm-27697e.o(.rodata.esp8266_wifi_ops)
 <LI><a href="#[ae]">esp8266_exit_transparent</a> from lto-llvm-27697e.o(.text.esp8266_exit_transparent) referenced from lto-llvm-27697e.o(.rodata.esp8266_wifi_ops)
 <LI><a href="#[aa]">esp8266_get_ip</a> from lto-llvm-27697e.o(.text.esp8266_get_ip) referenced from lto-llvm-27697e.o(.rodata.esp8266_wifi_ops)
 <LI><a href="#[b1]">esp8266_hw_reset</a> from lto-llvm-27697e.o(.text.esp8266_hw_reset) referenced from lto-llvm-27697e.o(.rodata.esp8266_wifi_ops)
 <LI><a href="#[a9]">esp8266_join_ap</a> from lto-llvm-27697e.o(.text.esp8266_join_ap) referenced from lto-llvm-27697e.o(.rodata.esp8266_wifi_ops)
 <LI><a href="#[a2]">esp8266_mqtt_check_connected</a> from lto-llvm-27697e.o(.text.esp8266_mqtt_check_connected) referenced from lto-llvm-27697e.o(.rodata.esp8266_mqtt_ops)
 <LI><a href="#[a4]">esp8266_mqtt_check_property_set_recv</a> from lto-llvm-27697e.o(.text.esp8266_mqtt_check_property_set_recv) referenced from lto-llvm-27697e.o(.rodata.esp8266_mqtt_ops)
 <LI><a href="#[9b]">esp8266_mqtt_connect</a> from lto-llvm-27697e.o(.text.esp8266_mqtt_connect) referenced from lto-llvm-27697e.o(.rodata.esp8266_mqtt_ops)
 <LI><a href="#[9c]">esp8266_mqtt_disconnect</a> from lto-llvm-27697e.o(.text.esp8266_mqtt_disconnect) referenced from lto-llvm-27697e.o(.rodata.esp8266_mqtt_ops)
 <LI><a href="#[a0]">esp8266_mqtt_publish_property</a> from lto-llvm-27697e.o(.text.esp8266_mqtt_publish_property) referenced from lto-llvm-27697e.o(.rodata.esp8266_mqtt_ops)
 <LI><a href="#[9f]">esp8266_mqtt_publish_raw</a> from lto-llvm-27697e.o(.text.esp8266_mqtt_publish_raw) referenced from lto-llvm-27697e.o(.rodata.esp8266_mqtt_ops)
 <LI><a href="#[a1]">esp8266_mqtt_publish_set_reply</a> from lto-llvm-27697e.o(.text.esp8266_mqtt_publish_set_reply) referenced from lto-llvm-27697e.o(.rodata.esp8266_mqtt_ops)
 <LI><a href="#[a3]">esp8266_mqtt_recv_property_set</a> from lto-llvm-27697e.o(.text.esp8266_mqtt_recv_property_set) referenced from lto-llvm-27697e.o(.rodata.esp8266_mqtt_ops)
 <LI><a href="#[9d]">esp8266_mqtt_subscribe</a> from lto-llvm-27697e.o(.text.esp8266_mqtt_subscribe) referenced from lto-llvm-27697e.o(.rodata.esp8266_mqtt_ops)
 <LI><a href="#[9e]">esp8266_mqtt_unsubscribe</a> from lto-llvm-27697e.o(.text.esp8266_mqtt_unsubscribe) referenced from lto-llvm-27697e.o(.rodata.esp8266_mqtt_ops)
 <LI><a href="#[9a]">esp8266_mqtt_usercfg</a> from lto-llvm-27697e.o(.text.esp8266_mqtt_usercfg) referenced from lto-llvm-27697e.o(.rodata.esp8266_mqtt_ops)
 <LI><a href="#[af]">esp8266_send_at_cmd_ops</a> from lto-llvm-27697e.o(.text.esp8266_send_at_cmd_ops) referenced from lto-llvm-27697e.o(.rodata.esp8266_wifi_ops)
 <LI><a href="#[a8]">esp8266_set_mode</a> from lto-llvm-27697e.o(.text.esp8266_set_mode) referenced from lto-llvm-27697e.o(.rodata.esp8266_wifi_ops)
 <LI><a href="#[b0]">esp8266_sw_reset</a> from lto-llvm-27697e.o(.text.esp8266_sw_reset) referenced from lto-llvm-27697e.o(.rodata.esp8266_wifi_ops)
 <LI><a href="#[a6]">esp8266_wifi_deinit</a> from lto-llvm-27697e.o(.text.esp8266_wifi_deinit) referenced from lto-llvm-27697e.o(.rodata.esp8266_wifi_ops)
 <LI><a href="#[a5]">esp8266_wifi_init</a> from lto-llvm-27697e.o(.text.esp8266_wifi_init) referenced from lto-llvm-27697e.o(.rodata.esp8266_wifi_ops)
 <LI><a href="#[b6]">fatfs_close</a> from lto-llvm-27697e.o(.text.fatfs_close) referenced from lto-llvm-27697e.o(.rodata.fatfs_ops)
 <LI><a href="#[b3]">fatfs_dir_close</a> from lto-llvm-27697e.o(.text.fatfs_dir_close) referenced from lto-llvm-27697e.o(.rodata.fatfs_dir_ops)
 <LI><a href="#[b2]">fatfs_dir_open</a> from lto-llvm-27697e.o(.text.fatfs_dir_open) referenced from lto-llvm-27697e.o(.rodata.fatfs_dir_ops)
 <LI><a href="#[b4]">fatfs_dir_read</a> from lto-llvm-27697e.o(.text.fatfs_dir_read) referenced from lto-llvm-27697e.o(.rodata.fatfs_dir_ops)
 <LI><a href="#[be]">fatfs_exists</a> from lto-llvm-27697e.o(.text.fatfs_exists) referenced from lto-llvm-27697e.o(.rodata.fatfs_ops)
 <LI><a href="#[bf]">fatfs_mkdir</a> from lto-llvm-27697e.o(.text.fatfs_mkdir) referenced from lto-llvm-27697e.o(.rodata.fatfs_ops)
 <LI><a href="#[b5]">fatfs_open</a> from lto-llvm-27697e.o(.text.fatfs_open) referenced from lto-llvm-27697e.o(.rodata.fatfs_ops)
 <LI><a href="#[b7]">fatfs_read</a> from lto-llvm-27697e.o(.text.fatfs_read) referenced from lto-llvm-27697e.o(.rodata.fatfs_ops)
 <LI><a href="#[bd]">fatfs_remove</a> from lto-llvm-27697e.o(.text.fatfs_remove) referenced from lto-llvm-27697e.o(.rodata.fatfs_ops)
 <LI><a href="#[b9]">fatfs_seek</a> from lto-llvm-27697e.o(.text.fatfs_seek) referenced from lto-llvm-27697e.o(.rodata.fatfs_ops)
 <LI><a href="#[bb]">fatfs_size</a> from lto-llvm-27697e.o(.text.fatfs_size) referenced from lto-llvm-27697e.o(.rodata.fatfs_ops)
 <LI><a href="#[c2]">fatfs_src_close</a> from lto-llvm-27697e.o(.text.fatfs_src_close) referenced from lto-llvm-27697e.o(.rodata.fatfs_source_ops)
 <LI><a href="#[c0]">fatfs_src_open</a> from lto-llvm-27697e.o(.text.fatfs_src_open) referenced from lto-llvm-27697e.o(.rodata.fatfs_source_ops)
 <LI><a href="#[c1]">fatfs_src_read</a> from lto-llvm-27697e.o(.text.fatfs_src_read) referenced from lto-llvm-27697e.o(.rodata.fatfs_source_ops)
 <LI><a href="#[bc]">fatfs_sync</a> from lto-llvm-27697e.o(.text.fatfs_sync) referenced from lto-llvm-27697e.o(.rodata.fatfs_ops)
 <LI><a href="#[ba]">fatfs_tell</a> from lto-llvm-27697e.o(.text.fatfs_tell) referenced from lto-llvm-27697e.o(.rodata.fatfs_ops)
 <LI><a href="#[c5]">fatfs_tgt_close</a> from lto-llvm-27697e.o(.text.fatfs_tgt_close) referenced from lto-llvm-27697e.o(.rodata.fatfs_target_ops)
 <LI><a href="#[c3]">fatfs_tgt_open</a> from lto-llvm-27697e.o(.text.fatfs_tgt_open) referenced from lto-llvm-27697e.o(.rodata.fatfs_target_ops)
 <LI><a href="#[c4]">fatfs_tgt_write</a> from lto-llvm-27697e.o(.text.fatfs_tgt_write) referenced from lto-llvm-27697e.o(.rodata.fatfs_target_ops)
 <LI><a href="#[b8]">fatfs_write</a> from lto-llvm-27697e.o(.text.fatfs_write) referenced from lto-llvm-27697e.o(.rodata.fatfs_ops)
 <LI><a href="#[62]">fputc</a> from lto-llvm-27697e.o(.text.fputc) referenced from _printf_char_file.o(.text)
 <LI><a href="#[6d]">free</a> from h1_free.o(.text) referenced from lto-llvm-27697e.o(.text.cJSON_Parse)
 <LI><a href="#[de]">fs_lfs_close</a> from lto-llvm-27697e.o(.text.fs_lfs_close) referenced from lto-llvm-27697e.o(.rodata.lfs_ops)
 <LI><a href="#[db]">fs_lfs_dir_close</a> from lto-llvm-27697e.o(.text.fs_lfs_dir_close) referenced from lto-llvm-27697e.o(.rodata.lfs_dir_ops)
 <LI><a href="#[da]">fs_lfs_dir_open</a> from lto-llvm-27697e.o(.text.fs_lfs_dir_open) referenced from lto-llvm-27697e.o(.rodata.lfs_dir_ops)
 <LI><a href="#[dc]">fs_lfs_dir_read</a> from lto-llvm-27697e.o(.text.fs_lfs_dir_read) referenced from lto-llvm-27697e.o(.rodata.lfs_dir_ops)
 <LI><a href="#[e6]">fs_lfs_exists</a> from lto-llvm-27697e.o(.text.fs_lfs_exists) referenced from lto-llvm-27697e.o(.rodata.lfs_ops)
 <LI><a href="#[e7]">fs_lfs_mkdir</a> from lto-llvm-27697e.o(.text.fs_lfs_mkdir) referenced from lto-llvm-27697e.o(.rodata.lfs_ops)
 <LI><a href="#[dd]">fs_lfs_open</a> from lto-llvm-27697e.o(.text.fs_lfs_open) referenced from lto-llvm-27697e.o(.rodata.lfs_ops)
 <LI><a href="#[df]">fs_lfs_read</a> from lto-llvm-27697e.o(.text.fs_lfs_read) referenced from lto-llvm-27697e.o(.rodata.lfs_ops)
 <LI><a href="#[e5]">fs_lfs_remove</a> from lto-llvm-27697e.o(.text.fs_lfs_remove) referenced from lto-llvm-27697e.o(.rodata.lfs_ops)
 <LI><a href="#[e1]">fs_lfs_seek</a> from lto-llvm-27697e.o(.text.fs_lfs_seek) referenced from lto-llvm-27697e.o(.rodata.lfs_ops)
 <LI><a href="#[e3]">fs_lfs_size</a> from lto-llvm-27697e.o(.text.fs_lfs_size) referenced from lto-llvm-27697e.o(.rodata.lfs_ops)
 <LI><a href="#[e4]">fs_lfs_sync</a> from lto-llvm-27697e.o(.text.fs_lfs_sync) referenced from lto-llvm-27697e.o(.rodata.lfs_ops)
 <LI><a href="#[e2]">fs_lfs_tell</a> from lto-llvm-27697e.o(.text.fs_lfs_tell) referenced from lto-llvm-27697e.o(.rodata.lfs_ops)
 <LI><a href="#[e0]">fs_lfs_write</a> from lto-llvm-27697e.o(.text.fs_lfs_write) referenced from lto-llvm-27697e.o(.rodata.lfs_ops)
 <LI><a href="#[70]">fs_read_old</a> from lto-llvm-27697e.o(.text.fs_read_old) referenced from lto-llvm-27697e.o(.text.cmd_hpatch_workflow)
 <LI><a href="#[71]">fs_read_raw</a> from lto-llvm-27697e.o(.text.fs_read_raw) referenced from lto-llvm-27697e.o(.text.cmd_hpatch_workflow)
 <LI><a href="#[6f]">fs_write_new</a> from lto-llvm-27697e.o(.text.fs_write_new) referenced from lto-llvm-27697e.o(.text.cmd_hpatch_workflow)
 <LI><a href="#[c9]">gpio_led_get_state</a> from lto-llvm-27697e.o(.text.gpio_led_get_state) referenced from lto-llvm-27697e.o(.rodata.gpio_led_ops)
 <LI><a href="#[c7]">gpio_led_off</a> from lto-llvm-27697e.o(.text.gpio_led_off) referenced from lto-llvm-27697e.o(.rodata.gpio_led_ops)
 <LI><a href="#[c6]">gpio_led_on</a> from lto-llvm-27697e.o(.text.gpio_led_on) referenced from lto-llvm-27697e.o(.rodata.gpio_led_ops)
 <LI><a href="#[c8]">gpio_led_toggle</a> from lto-llvm-27697e.o(.text.gpio_led_toggle) referenced from lto-llvm-27697e.o(.rodata.gpio_led_ops)
 <LI><a href="#[cd]">internal_flash_deinit</a> from lto-llvm-27697e.o(.text.internal_flash_deinit) referenced from lto-llvm-27697e.o(.rodata.internal_flash_ops)
 <LI><a href="#[d0]">internal_flash_erase</a> from lto-llvm-27697e.o(.text.internal_flash_erase) referenced from lto-llvm-27697e.o(.rodata.internal_flash_ops)
 <LI><a href="#[d1]">internal_flash_erase_sector</a> from lto-llvm-27697e.o(.text.internal_flash_erase_sector) referenced from lto-llvm-27697e.o(.rodata.internal_flash_ops)
 <LI><a href="#[d5]">internal_flash_get_protection_status_impl</a> from lto-llvm-27697e.o(.text.internal_flash_get_protection_status_impl) referenced from lto-llvm-27697e.o(.rodata.internal_flash_ops)
 <LI><a href="#[d2]">internal_flash_get_sector_impl</a> from lto-llvm-27697e.o(.text.internal_flash_get_sector_impl) referenced from lto-llvm-27697e.o(.rodata.internal_flash_ops)
 <LI><a href="#[d3]">internal_flash_get_sector_size_impl</a> from lto-llvm-27697e.o(.text.internal_flash_get_sector_size_impl) referenced from lto-llvm-27697e.o(.rodata.internal_flash_ops)
 <LI><a href="#[d4]">internal_flash_get_total_size_impl</a> from lto-llvm-27697e.o(.text.internal_flash_get_total_size_impl) referenced from lto-llvm-27697e.o(.rodata.internal_flash_ops)
 <LI><a href="#[cc]">internal_flash_init</a> from lto-llvm-27697e.o(.text.internal_flash_init) referenced from lto-llvm-27697e.o(.rodata.internal_flash_ops)
 <LI><a href="#[ce]">internal_flash_read</a> from lto-llvm-27697e.o(.text.internal_flash_read) referenced from lto-llvm-27697e.o(.rodata.internal_flash_ops)
 <LI><a href="#[d6]">internal_flash_set_protection_impl</a> from lto-llvm-27697e.o(.text.internal_flash_set_protection_impl) referenced from lto-llvm-27697e.o(.rodata.internal_flash_ops)
 <LI><a href="#[d9]">internal_flash_tgt_close</a> from lto-llvm-27697e.o(.text.internal_flash_tgt_close) referenced from lto-llvm-27697e.o(.rodata.internal_flash_target_ops)
 <LI><a href="#[d7]">internal_flash_tgt_open</a> from lto-llvm-27697e.o(.text.internal_flash_tgt_open) referenced from lto-llvm-27697e.o(.rodata.internal_flash_target_ops)
 <LI><a href="#[d8]">internal_flash_tgt_write</a> from lto-llvm-27697e.o(.text.internal_flash_tgt_write) referenced from lto-llvm-27697e.o(.rodata.internal_flash_target_ops)
 <LI><a href="#[cf]">internal_flash_write</a> from lto-llvm-27697e.o(.text.internal_flash_write) referenced from lto-llvm-27697e.o(.rodata.internal_flash_ops)
 <LI><a href="#[65]">isspace</a> from isspace.o(.text) referenced from strtod.o(.text)
 <LI><a href="#[0]">jump_to_app</a> from lto-llvm-27697e.o(.text.jump_to_app) referenced 2 times from lto-llvm-27697e.o(.data.bootloader_ctx)
 <LI><a href="#[7a]">lfs_alloc_lookahead</a> from lto-llvm-27697e.o(.text.lfs_alloc_lookahead) referenced from lto-llvm-27697e.o(.text.lfs_alloc)
 <LI><a href="#[7b]">lfs_dir_commit_commit</a> from lto-llvm-27697e.o(.text.lfs_dir_commit_commit) referenced from lto-llvm-27697e.o(.text.lfs_dir_compact)
 <LI><a href="#[7b]">lfs_dir_commit_commit</a> from lto-llvm-27697e.o(.text.lfs_dir_commit_commit) referenced from lto-llvm-27697e.o(.text.lfs_dir_relocatingcommit)
 <LI><a href="#[7d]">lfs_dir_commit_size</a> from lto-llvm-27697e.o(.text.lfs_dir_commit_size) referenced from lto-llvm-27697e.o(.text.lfs_dir_relocatingcommit)
 <LI><a href="#[7c]">lfs_dir_find_match</a> from lto-llvm-27697e.o(.text.lfs_dir_find_match) referenced from lto-llvm-27697e.o(.text.lfs_dir_find)
 <LI><a href="#[7c]">lfs_dir_find_match</a> from lto-llvm-27697e.o(.text.lfs_dir_find_match) referenced from lto-llvm-27697e.o(.text.lfs_mount)
 <LI><a href="#[7f]">lfs_dir_traverse_filter</a> from lto-llvm-27697e.o(.text.lfs_dir_traverse_filter) referenced from lto-llvm-27697e.o(.text.lfs_dir_traverse)
 <LI><a href="#[80]">lfs_fs_parent_match</a> from lto-llvm-27697e.o(.text.lfs_fs_parent_match) referenced from lto-llvm-27697e.o(.text.lfs_fs_parent)
 <LI><a href="#[7e]">lfs_fs_size_count</a> from lto-llvm-27697e.o(.text.lfs_fs_size_count) referenced from lto-llvm-27697e.o(.text.lfs_dir_relocatingcommit)
 <LI><a href="#[ed]">lfs_spi_flash_erase</a> from lto-llvm-27697e.o(.text.lfs_spi_flash_erase) referenced from lto-llvm-27697e.o(.rodata.lfs_spi_flash_cfg)
 <LI><a href="#[ec]">lfs_spi_flash_prog</a> from lto-llvm-27697e.o(.text.lfs_spi_flash_prog) referenced from lto-llvm-27697e.o(.rodata.lfs_spi_flash_cfg)
 <LI><a href="#[eb]">lfs_spi_flash_read</a> from lto-llvm-27697e.o(.text.lfs_spi_flash_read) referenced from lto-llvm-27697e.o(.rodata.lfs_spi_flash_cfg)
 <LI><a href="#[ee]">lfs_spi_flash_sync</a> from lto-llvm-27697e.o(.text.lfs_spi_flash_sync) referenced from lto-llvm-27697e.o(.rodata.lfs_spi_flash_cfg)
 <LI><a href="#[ea]">lfs_src_close</a> from lto-llvm-27697e.o(.text.lfs_src_close) referenced from lto-llvm-27697e.o(.rodata.lfs_source_ops)
 <LI><a href="#[e8]">lfs_src_open</a> from lto-llvm-27697e.o(.text.lfs_src_open) referenced from lto-llvm-27697e.o(.rodata.lfs_source_ops)
 <LI><a href="#[e9]">lfs_src_read</a> from lto-llvm-27697e.o(.text.lfs_src_read) referenced from lto-llvm-27697e.o(.rodata.lfs_source_ops)
 <LI><a href="#[f1]">lfs_tgt_close</a> from lto-llvm-27697e.o(.text.lfs_tgt_close) referenced from lto-llvm-27697e.o(.rodata.lfs_target_ops)
 <LI><a href="#[ef]">lfs_tgt_open</a> from lto-llvm-27697e.o(.text.lfs_tgt_open) referenced from lto-llvm-27697e.o(.rodata.lfs_target_ops)
 <LI><a href="#[f0]">lfs_tgt_write</a> from lto-llvm-27697e.o(.text.lfs_tgt_write) referenced from lto-llvm-27697e.o(.rodata.lfs_target_ops)
 <LI><a href="#[6c]">malloc</a> from h1_alloc.o(.text) referenced from lto-llvm-27697e.o(.text.cJSON_Parse)
 <LI><a href="#[84]">menu_service_print</a> from lto-llvm-27697e.o(.text.menu_service_print) referenced from lto-llvm-27697e.o(.text.ota_menu_progress_cb)
 <LI><a href="#[76]">menu_service_println</a> from lto-llvm-27697e.o(.text.menu_service_println) referenced from lto-llvm-27697e.o(.text.cmd_mqtt_listen)
 <LI><a href="#[76]">menu_service_println</a> from lto-llvm-27697e.o(.text.menu_service_println) referenced from lto-llvm-27697e.o(.text.cmd_uart_passthrough)
 <LI><a href="#[76]">menu_service_println</a> from lto-llvm-27697e.o(.text.menu_service_println) referenced from lto-llvm-27697e.o(.text.menu_service_show_help)
 <LI><a href="#[77]">ota_menu_progress_cb</a> from lto-llvm-27697e.o(.text.ota_menu_progress_cb) referenced from lto-llvm-27697e.o(.text.cmd_onenet_ota_download)
 <LI><a href="#[6e]">realloc</a> from h1_realloc.o(.text) referenced from lto-llvm-27697e.o(.text.cJSON_Parse)
 <LI><a href="#[101]">rtc_stm32_deinit</a> from lto-llvm-27697e.o(.text.rtc_stm32_deinit) referenced from lto-llvm-27697e.o(.rodata.rtc_stm32_ops)
 <LI><a href="#[103]">rtc_stm32_get_date</a> from lto-llvm-27697e.o(.text.rtc_stm32_get_date) referenced from lto-llvm-27697e.o(.rodata.rtc_stm32_ops)
 <LI><a href="#[102]">rtc_stm32_get_time</a> from lto-llvm-27697e.o(.text.rtc_stm32_get_time) referenced from lto-llvm-27697e.o(.rodata.rtc_stm32_ops)
 <LI><a href="#[106]">rtc_stm32_get_timestamp</a> from lto-llvm-27697e.o(.text.rtc_stm32_get_timestamp) referenced from lto-llvm-27697e.o(.rodata.rtc_stm32_ops)
 <LI><a href="#[100]">rtc_stm32_init</a> from lto-llvm-27697e.o(.text.rtc_stm32_init) referenced from lto-llvm-27697e.o(.rodata.rtc_stm32_ops)
 <LI><a href="#[105]">rtc_stm32_set_date</a> from lto-llvm-27697e.o(.text.rtc_stm32_set_date) referenced from lto-llvm-27697e.o(.rodata.rtc_stm32_ops)
 <LI><a href="#[104]">rtc_stm32_set_time</a> from lto-llvm-27697e.o(.text.rtc_stm32_set_time) referenced from lto-llvm-27697e.o(.rodata.rtc_stm32_ops)
 <LI><a href="#[107]">rtc_stm32_set_timestamp</a> from lto-llvm-27697e.o(.text.rtc_stm32_set_timestamp) referenced from lto-llvm-27697e.o(.rodata.rtc_stm32_ops)
 <LI><a href="#[83]">sha1_update</a> from lto-llvm-27697e.o(.text.sha1_update) referenced from lto-llvm-27697e.o(.text.onenet_ota_build_auth)
 <LI><a href="#[85]">spi_read_write_byte</a> from lto-llvm-27697e.o(.text.spi_read_write_byte) referenced from lto-llvm-27697e.o(.text.w25q128_write)
 <LI><a href="#[108]">stm32_tick_delay_ms</a> from lto-llvm-27697e.o(.text.stm32_tick_delay_ms) referenced from lto-llvm-27697e.o(.rodata.s_stm32_tick_ops)
 <LI><a href="#[109]">stm32_tick_get_tick</a> from lto-llvm-27697e.o(.text.stm32_tick_get_tick) referenced from lto-llvm-27697e.o(.rodata.s_stm32_tick_ops)
 <LI><a href="#[73]">stream_read_diff</a> from lto-llvm-27697e.o(.text.stream_read_diff) referenced from lto-llvm-27697e.o(.text.cmd_hpatch_workflow)
 <LI><a href="#[72]">tuz_fs_read_code</a> from lto-llvm-27697e.o(.text.tuz_fs_read_code) referenced from lto-llvm-27697e.o(.text.cmd_hpatch_workflow)
 <LI><a href="#[116]">uart_stm32_abort</a> from lto-llvm-27697e.o(.text.uart_stm32_abort) referenced from lto-llvm-27697e.o(.rodata.uart_stm32_ops)
 <LI><a href="#[118]">uart_stm32_clear_flag</a> from lto-llvm-27697e.o(.text.uart_stm32_clear_flag) referenced from lto-llvm-27697e.o(.rodata.uart_stm32_ops)
 <LI><a href="#[110]">uart_stm32_deinit</a> from lto-llvm-27697e.o(.text.uart_stm32_deinit) referenced from lto-llvm-27697e.o(.rodata.uart_stm32_ops)
 <LI><a href="#[11a]">uart_stm32_disable_it</a> from lto-llvm-27697e.o(.text.uart_stm32_disable_it) referenced from lto-llvm-27697e.o(.rodata.uart_stm32_ops)
 <LI><a href="#[119]">uart_stm32_enable_it</a> from lto-llvm-27697e.o(.text.uart_stm32_enable_it) referenced from lto-llvm-27697e.o(.rodata.uart_stm32_ops)
 <LI><a href="#[115]">uart_stm32_flush</a> from lto-llvm-27697e.o(.text.uart_stm32_flush) referenced from lto-llvm-27697e.o(.rodata.uart_stm32_ops)
 <LI><a href="#[117]">uart_stm32_get_flag</a> from lto-llvm-27697e.o(.text.uart_stm32_get_flag) referenced from lto-llvm-27697e.o(.rodata.uart_stm32_ops)
 <LI><a href="#[10f]">uart_stm32_init</a> from lto-llvm-27697e.o(.text.uart_stm32_init) referenced from lto-llvm-27697e.o(.rodata.uart_stm32_ops)
 <LI><a href="#[11b]">uart_stm32_read_byte</a> from lto-llvm-27697e.o(.text.uart_stm32_read_byte) referenced from lto-llvm-27697e.o(.rodata.uart_stm32_ops)
 <LI><a href="#[112]">uart_stm32_receive</a> from lto-llvm-27697e.o(.text.uart_stm32_receive) referenced from lto-llvm-27697e.o(.rodata.uart_stm32_ops)
 <LI><a href="#[114]">uart_stm32_receive_it</a> from lto-llvm-27697e.o(.text.uart_stm32_receive_it) referenced from lto-llvm-27697e.o(.rodata.uart_stm32_ops)
 <LI><a href="#[111]">uart_stm32_transmit</a> from lto-llvm-27697e.o(.text.uart_stm32_transmit) referenced from lto-llvm-27697e.o(.rodata.uart_stm32_ops)
 <LI><a href="#[113]">uart_stm32_transmit_it</a> from lto-llvm-27697e.o(.text.uart_stm32_transmit_it) referenced from lto-llvm-27697e.o(.rodata.uart_stm32_ops)
 <LI><a href="#[11c]">uart_stm32_write_byte</a> from lto-llvm-27697e.o(.text.uart_stm32_write_byte) referenced from lto-llvm-27697e.o(.rodata.uart_stm32_ops)
 <LI><a href="#[11e]">w25q128_deinit</a> from lto-llvm-27697e.o(.text.w25q128_deinit) referenced from lto-llvm-27697e.o(.rodata.w25q128_ops)
 <LI><a href="#[122]">w25q128_erase_block</a> from lto-llvm-27697e.o(.text.w25q128_erase_block) referenced from lto-llvm-27697e.o(.rodata.w25q128_ops)
 <LI><a href="#[123]">w25q128_erase_chip</a> from lto-llvm-27697e.o(.text.w25q128_erase_chip) referenced from lto-llvm-27697e.o(.rodata.w25q128_ops)
 <LI><a href="#[121]">w25q128_erase_sector</a> from lto-llvm-27697e.o(.text.w25q128_erase_sector) referenced from lto-llvm-27697e.o(.rodata.w25q128_ops)
 <LI><a href="#[126]">w25q128_get_block_size</a> from lto-llvm-27697e.o(.text.w25q128_get_block_size) referenced from lto-llvm-27697e.o(.rodata.w25q128_ops)
 <LI><a href="#[128]">w25q128_get_page_size</a> from lto-llvm-27697e.o(.text.w25q128_get_page_size) referenced from lto-llvm-27697e.o(.rodata.w25q128_ops)
 <LI><a href="#[125]">w25q128_get_sector_size</a> from lto-llvm-27697e.o(.text.w25q128_get_sector_size) referenced from lto-llvm-27697e.o(.rodata.w25q128_ops)
 <LI><a href="#[127]">w25q128_get_total_size</a> from lto-llvm-27697e.o(.text.w25q128_get_total_size) referenced from lto-llvm-27697e.o(.rodata.w25q128_ops)
 <LI><a href="#[11d]">w25q128_init</a> from lto-llvm-27697e.o(.text.w25q128_init) referenced from lto-llvm-27697e.o(.rodata.w25q128_ops)
 <LI><a href="#[11f]">w25q128_read</a> from lto-llvm-27697e.o(.text.w25q128_read) referenced from lto-llvm-27697e.o(.rodata.w25q128_ops)
 <LI><a href="#[129]">w25q128_read_id</a> from lto-llvm-27697e.o(.text.w25q128_read_id) referenced from lto-llvm-27697e.o(.rodata.w25q128_ops)
 <LI><a href="#[124]">w25q128_sync</a> from lto-llvm-27697e.o(.text.w25q128_sync) referenced from lto-llvm-27697e.o(.rodata.w25q128_ops)
 <LI><a href="#[12a]">w25q128_wait_busy</a> from lto-llvm-27697e.o(.text.w25q128_wait_busy) referenced from lto-llvm-27697e.o(.rodata.w25q128_ops)
 <LI><a href="#[120]">w25q128_write</a> from lto-llvm-27697e.o(.text.w25q128_write) referenced from lto-llvm-27697e.o(.rodata.w25q128_ops)
</UL>
<P>
<H3>
Global Symbols
</H3>
<P><STRONG><a name="[5d]"></a>__main</STRONG> (Thumb, 8 bytes, Stack size 0 bytes, __main.o(!!!main))
<BR><BR>[Calls]<UL><LI><a href="#[12c]">&gt;&gt;</a>&nbsp;&nbsp;&nbsp;__rt_entry
<LI><a href="#[12b]">&gt;&gt;</a>&nbsp;&nbsp;&nbsp;__scatterload
</UL>
<BR>[Address Reference Count : 1]<UL><LI> startup_stm32f407xx.o(.text)
</UL>
<P><STRONG><a name="[12b]"></a>__scatterload</STRONG> (Thumb, 0 bytes, Stack size unknown bytes, __scatter.o(!!!scatter))
<BR><BR>[Called By]<UL><LI><a href="#[5d]">&gt;&gt;</a>&nbsp;&nbsp;&nbsp;__main
</UL>

<P><STRONG><a name="[12d]"></a>__scatterload_rt2</STRONG> (Thumb, 84 bytes, Stack size unknown bytes, __scatter.o(!!!scatter), UNUSED)
<BR><BR>[Calls]<UL><LI><a href="#[12c]">&gt;&gt;</a>&nbsp;&nbsp;&nbsp;__rt_entry
</UL>

<P><STRONG><a name="[366]"></a>__scatterload_rt2_thumb_only</STRONG> (Thumb, 0 bytes, Stack size unknown bytes, __scatter.o(!!!scatter), UNUSED)

<P><STRONG><a name="[367]"></a>__scatterload_loop</STRONG> (Thumb, 0 bytes, Stack size unknown bytes, __scatter.o(!!!scatter), UNUSED)

<P><STRONG><a name="[368]"></a>__decompress</STRONG> (Thumb, 58 bytes, Stack size unknown bytes, __dczerorl.o(!!dczerorl), UNUSED)

<P><STRONG><a name="[369]"></a>__decompress0</STRONG> (Thumb, 0 bytes, Stack size unknown bytes, __dczerorl.o(!!dczerorl), UNUSED)

<P><STRONG><a name="[12e]"></a>__scatterload_copy</STRONG> (Thumb, 26 bytes, Stack size unknown bytes, __scatter_copy.o(!!handler_copy), UNUSED)
<BR><BR>[Calls]<UL><LI><a href="#[12e]">&gt;&gt;</a>&nbsp;&nbsp;&nbsp;__scatterload_copy
</UL>
<BR>[Called By]<UL><LI><a href="#[12e]">&gt;&gt;</a>&nbsp;&nbsp;&nbsp;__scatterload_copy
</UL>

<P><STRONG><a name="[36a]"></a>__scatterload_null</STRONG> (Thumb, 2 bytes, Stack size unknown bytes, __scatter.o(!!handler_null), UNUSED)

<P><STRONG><a name="[36b]"></a>__scatterload_zeroinit</STRONG> (Thumb, 28 bytes, Stack size unknown bytes, __scatter_zi.o(!!handler_zi), UNUSED)

<P><STRONG><a name="[12f]"></a>_printf_n</STRONG> (Thumb, 0 bytes, Stack size unknown bytes, _printf_n.o(.ARM.Collect$$_printf_percent$$00000001))
<BR><BR>[Calls]<UL><LI><a href="#[130]">&gt;&gt;</a>&nbsp;&nbsp;&nbsp;_printf_charcount
</UL>

<P><STRONG><a name="[176]"></a>_printf_percent</STRONG> (Thumb, 0 bytes, Stack size unknown bytes, _printf_percent.o(.ARM.Collect$$_printf_percent$$00000000))
<BR><BR>[Called By]<UL><LI><a href="#[174]">&gt;&gt;</a>&nbsp;&nbsp;&nbsp;__printf
</UL>

<P><STRONG><a name="[131]"></a>_printf_p</STRONG> (Thumb, 0 bytes, Stack size unknown bytes, _printf_p.o(.ARM.Collect$$_printf_percent$$00000002))
<BR><BR>[Stack]<UL><LI>Max Depth = 64 + Unknown Stack Size
<LI>Call Chain = _printf_p &rArr; _printf_hex_ptr &rArr; _printf_longlong_hex &rArr; _printf_int_common &rArr; _printf_post_padding
</UL>
<BR>[Calls]<UL><LI><a href="#[132]">&gt;&gt;</a>&nbsp;&nbsp;&nbsp;_printf_hex_ptr
</UL>

<P><STRONG><a name="[133]"></a>_printf_f</STRONG> (Thumb, 0 bytes, Stack size unknown bytes, _printf_f.o(.ARM.Collect$$_printf_percent$$00000003))
<BR><BR>[Stack]<UL><LI>Max Depth = 324 + Unknown Stack Size
<LI>Call Chain = _printf_f &rArr; _printf_fp_dec &rArr; _printf_fp_dec_real &rArr; _fp_digits &rArr; _btod_etento &rArr; _btod_emul &rArr; _e2e
</UL>
<BR>[Calls]<UL><LI><a href="#[134]">&gt;&gt;</a>&nbsp;&nbsp;&nbsp;_printf_fp_dec
</UL>

<P><STRONG><a name="[135]"></a>_printf_e</STRONG> (Thumb, 0 bytes, Stack size unknown bytes, _printf_e.o(.ARM.Collect$$_printf_percent$$00000004))
<BR><BR>[Stack]<UL><LI>Max Depth = 324 + Unknown Stack Size
<LI>Call Chain = _printf_e &rArr; _printf_fp_dec &rArr; _printf_fp_dec_real &rArr; _fp_digits &rArr; _btod_etento &rArr; _btod_emul &rArr; _e2e
</UL>
<BR>[Calls]<UL><LI><a href="#[134]">&gt;&gt;</a>&nbsp;&nbsp;&nbsp;_printf_fp_dec
</UL>

<P><STRONG><a name="[136]"></a>_printf_g</STRONG> (Thumb, 0 bytes, Stack size unknown bytes, _printf_g.o(.ARM.Collect$$_printf_percent$$00000005))
<BR><BR>[Stack]<UL><LI>Max Depth = 324 + Unknown Stack Size
<LI>Call Chain = _printf_g &rArr; _printf_fp_dec &rArr; _printf_fp_dec_real &rArr; _fp_digits &rArr; _btod_etento &rArr; _btod_emul &rArr; _e2e
</UL>
<BR>[Calls]<UL><LI><a href="#[134]">&gt;&gt;</a>&nbsp;&nbsp;&nbsp;_printf_fp_dec
</UL>

<P><STRONG><a name="[137]"></a>_printf_a</STRONG> (Thumb, 0 bytes, Stack size unknown bytes, _printf_a.o(.ARM.Collect$$_printf_percent$$00000006))
<BR><BR>[Stack]<UL><LI>Max Depth = 112 + Unknown Stack Size
<LI>Call Chain = _printf_a &rArr; _printf_fp_hex &rArr; _printf_fp_hex_real &rArr; _printf_fp_infnan &rArr; _printf_post_padding
</UL>
<BR>[Calls]<UL><LI><a href="#[138]">&gt;&gt;</a>&nbsp;&nbsp;&nbsp;_printf_fp_hex
</UL>

<P><STRONG><a name="[36c]"></a>_printf_ll</STRONG> (Thumb, 0 bytes, Stack size unknown bytes, _printf_ll.o(.ARM.Collect$$_printf_percent$$00000007))

<P><STRONG><a name="[139]"></a>_printf_i</STRONG> (Thumb, 0 bytes, Stack size unknown bytes, _printf_i.o(.ARM.Collect$$_printf_percent$$00000008))
<BR><BR>[Stack]<UL><LI>Max Depth = 72 + Unknown Stack Size
<LI>Call Chain = _printf_i &rArr; _printf_int_dec &rArr; _printf_int_common &rArr; _printf_post_padding
</UL>
<BR>[Calls]<UL><LI><a href="#[13a]">&gt;&gt;</a>&nbsp;&nbsp;&nbsp;_printf_int_dec
</UL>

<P><STRONG><a name="[13b]"></a>_printf_d</STRONG> (Thumb, 0 bytes, Stack size unknown bytes, _printf_d.o(.ARM.Collect$$_printf_percent$$00000009))
<BR><BR>[Stack]<UL><LI>Max Depth = 72 + Unknown Stack Size
<LI>Call Chain = _printf_d &rArr; _printf_int_dec &rArr; _printf_int_common &rArr; _printf_post_padding
</UL>
<BR>[Calls]<UL><LI><a href="#[13a]">&gt;&gt;</a>&nbsp;&nbsp;&nbsp;_printf_int_dec
</UL>

<P><STRONG><a name="[13c]"></a>_printf_u</STRONG> (Thumb, 0 bytes, Stack size unknown bytes, _printf_u.o(.ARM.Collect$$_printf_percent$$0000000A))
<BR><BR>[Stack]<UL><LI>Max Depth = 72 + Unknown Stack Size
<LI>Call Chain = _printf_u &rArr; _printf_int_dec &rArr; _printf_int_common &rArr; _printf_post_padding
</UL>
<BR>[Calls]<UL><LI><a href="#[13a]">&gt;&gt;</a>&nbsp;&nbsp;&nbsp;_printf_int_dec
</UL>

<P><STRONG><a name="[13d]"></a>_printf_o</STRONG> (Thumb, 0 bytes, Stack size unknown bytes, _printf_o.o(.ARM.Collect$$_printf_percent$$0000000B))
<BR><BR>[Stack]<UL><LI>Max Depth = 64 + Unknown Stack Size
<LI>Call Chain = _printf_o &rArr; _printf_int_oct &rArr; _printf_longlong_oct &rArr; _printf_int_common &rArr; _printf_post_padding
</UL>
<BR>[Calls]<UL><LI><a href="#[13e]">&gt;&gt;</a>&nbsp;&nbsp;&nbsp;_printf_int_oct
</UL>

<P><STRONG><a name="[13f]"></a>_printf_x</STRONG> (Thumb, 0 bytes, Stack size unknown bytes, _printf_x.o(.ARM.Collect$$_printf_percent$$0000000C))
<BR><BR>[Stack]<UL><LI>Max Depth = 80 + Unknown Stack Size
<LI>Call Chain = _printf_x &rArr; _printf_int_hex &rArr; _printf_longlong_hex &rArr; _printf_int_common &rArr; _printf_post_padding
</UL>
<BR>[Calls]<UL><LI><a href="#[140]">&gt;&gt;</a>&nbsp;&nbsp;&nbsp;_printf_int_hex
</UL>

<P><STRONG><a name="[141]"></a>_printf_lli</STRONG> (Thumb, 0 bytes, Stack size unknown bytes, _printf_lli.o(.ARM.Collect$$_printf_percent$$0000000D))
<BR><BR>[Stack]<UL><LI>Max Depth = 72 + Unknown Stack Size
<LI>Call Chain = _printf_lli &rArr; _printf_longlong_dec &rArr; _printf_int_common &rArr; _printf_post_padding
</UL>
<BR>[Calls]<UL><LI><a href="#[142]">&gt;&gt;</a>&nbsp;&nbsp;&nbsp;_printf_longlong_dec
</UL>

<P><STRONG><a name="[143]"></a>_printf_lld</STRONG> (Thumb, 0 bytes, Stack size unknown bytes, _printf_lld.o(.ARM.Collect$$_printf_percent$$0000000E))
<BR><BR>[Stack]<UL><LI>Max Depth = 72 + Unknown Stack Size
<LI>Call Chain = _printf_lld &rArr; _printf_longlong_dec &rArr; _printf_int_common &rArr; _printf_post_padding
</UL>
<BR>[Calls]<UL><LI><a href="#[142]">&gt;&gt;</a>&nbsp;&nbsp;&nbsp;_printf_longlong_dec
</UL>

<P><STRONG><a name="[144]"></a>_printf_llu</STRONG> (Thumb, 0 bytes, Stack size unknown bytes, _printf_llu.o(.ARM.Collect$$_printf_percent$$0000000F))
<BR><BR>[Stack]<UL><LI>Max Depth = 72 + Unknown Stack Size
<LI>Call Chain = _printf_llu &rArr; _printf_longlong_dec &rArr; _printf_int_common &rArr; _printf_post_padding
</UL>
<BR>[Calls]<UL><LI><a href="#[142]">&gt;&gt;</a>&nbsp;&nbsp;&nbsp;_printf_longlong_dec
</UL>

<P><STRONG><a name="[145]"></a>_printf_llo</STRONG> (Thumb, 0 bytes, Stack size unknown bytes, _printf_llo.o(.ARM.Collect$$_printf_percent$$00000010))
<BR><BR>[Stack]<UL><LI>Max Depth = 56 + Unknown Stack Size
<LI>Call Chain = _printf_llo &rArr; _printf_ll_oct &rArr; _printf_longlong_oct &rArr; _printf_int_common &rArr; _printf_post_padding
</UL>
<BR>[Calls]<UL><LI><a href="#[146]">&gt;&gt;</a>&nbsp;&nbsp;&nbsp;_printf_ll_oct
</UL>

<P><STRONG><a name="[147]"></a>_printf_llx</STRONG> (Thumb, 0 bytes, Stack size unknown bytes, _printf_llx.o(.ARM.Collect$$_printf_percent$$00000011))
<BR><BR>[Stack]<UL><LI>Max Depth = 64 + Unknown Stack Size
<LI>Call Chain = _printf_llx &rArr; _printf_ll_hex &rArr; _printf_longlong_hex &rArr; _printf_int_common &rArr; _printf_post_padding
</UL>
<BR>[Calls]<UL><LI><a href="#[148]">&gt;&gt;</a>&nbsp;&nbsp;&nbsp;_printf_ll_hex
</UL>

<P><STRONG><a name="[36d]"></a>_printf_l</STRONG> (Thumb, 0 bytes, Stack size unknown bytes, _printf_l.o(.ARM.Collect$$_printf_percent$$00000012))

<P><STRONG><a name="[149]"></a>_printf_c</STRONG> (Thumb, 0 bytes, Stack size unknown bytes, _printf_c.o(.ARM.Collect$$_printf_percent$$00000013))
<BR><BR>[Stack]<UL><LI>Max Depth = 40 + Unknown Stack Size
<LI>Call Chain = _printf_c &rArr; _printf_char &rArr; _printf_cs_common &rArr; _printf_str &rArr; _printf_post_padding
</UL>
<BR>[Calls]<UL><LI><a href="#[14a]">&gt;&gt;</a>&nbsp;&nbsp;&nbsp;_printf_char
</UL>

<P><STRONG><a name="[14b]"></a>_printf_s</STRONG> (Thumb, 0 bytes, Stack size unknown bytes, _printf_s.o(.ARM.Collect$$_printf_percent$$00000014))
<BR><BR>[Stack]<UL><LI>Max Depth = 40 + Unknown Stack Size
<LI>Call Chain = _printf_s &rArr; _printf_string &rArr; _printf_cs_common &rArr; _printf_str &rArr; _printf_post_padding
</UL>
<BR>[Calls]<UL><LI><a href="#[14c]">&gt;&gt;</a>&nbsp;&nbsp;&nbsp;_printf_string
</UL>

<P><STRONG><a name="[14d]"></a>_printf_lc</STRONG> (Thumb, 0 bytes, Stack size unknown bytes, _printf_lc.o(.ARM.Collect$$_printf_percent$$00000015))
<BR><BR>[Stack]<UL><LI>Max Depth = 88 + Unknown Stack Size
<LI>Call Chain = _printf_lc &rArr; _printf_wchar &rArr; _printf_lcs_common &rArr; _printf_wctomb &rArr; _wcrtomb
</UL>
<BR>[Calls]<UL><LI><a href="#[14e]">&gt;&gt;</a>&nbsp;&nbsp;&nbsp;_printf_wchar
</UL>

<P><STRONG><a name="[14f]"></a>_printf_ls</STRONG> (Thumb, 0 bytes, Stack size unknown bytes, _printf_ls.o(.ARM.Collect$$_printf_percent$$00000016))
<BR><BR>[Stack]<UL><LI>Max Depth = 88 + Unknown Stack Size
<LI>Call Chain = _printf_ls &rArr; _printf_wstring &rArr; _printf_lcs_common &rArr; _printf_wctomb &rArr; _wcrtomb
</UL>
<BR>[Calls]<UL><LI><a href="#[150]">&gt;&gt;</a>&nbsp;&nbsp;&nbsp;_printf_wstring
</UL>

<P><STRONG><a name="[36e]"></a>_printf_percent_end</STRONG> (Thumb, 0 bytes, Stack size unknown bytes, _printf_percent_end.o(.ARM.Collect$$_printf_percent$$00000017))

<P><STRONG><a name="[15d]"></a>__rt_lib_init</STRONG> (Thumb, 0 bytes, Stack size unknown bytes, libinit.o(.ARM.Collect$$libinit$$00000000))
<BR><BR>[Called By]<UL><LI><a href="#[15c]">&gt;&gt;</a>&nbsp;&nbsp;&nbsp;__rt_entry_li
</UL>

<P><STRONG><a name="[151]"></a>__rt_lib_init_fp_1</STRONG> (Thumb, 0 bytes, Stack size unknown bytes, libinit2.o(.ARM.Collect$$libinit$$00000001))
<BR><BR>[Calls]<UL><LI><a href="#[152]">&gt;&gt;</a>&nbsp;&nbsp;&nbsp;_fp_init
</UL>

<P><STRONG><a name="[153]"></a>__rt_lib_init_heap_2</STRONG> (Thumb, 0 bytes, Stack size unknown bytes, libinit2.o(.ARM.Collect$$libinit$$00000007))
<BR><BR>[Stack]<UL><LI>Max Depth = 64 + Unknown Stack Size
<LI>Call Chain = __rt_lib_init_heap_2 &rArr; _init_alloc &rArr; __rt_SIGRTMEM &rArr; __rt_SIGRTMEM_inner &rArr; __default_signal_display &rArr; _ttywrch
</UL>
<BR>[Calls]<UL><LI><a href="#[154]">&gt;&gt;</a>&nbsp;&nbsp;&nbsp;_init_alloc
</UL>

<P><STRONG><a name="[36f]"></a>__rt_lib_init_preinit_1</STRONG> (Thumb, 0 bytes, Stack size unknown bytes, libinit2.o(.ARM.Collect$$libinit$$00000006))

<P><STRONG><a name="[370]"></a>__rt_lib_init_relocate_pie_1</STRONG> (Thumb, 0 bytes, Stack size unknown bytes, libinit2.o(.ARM.Collect$$libinit$$00000004))

<P><STRONG><a name="[371]"></a>__rt_lib_init_heap_1</STRONG> (Thumb, 0 bytes, Stack size unknown bytes, libinit2.o(.ARM.Collect$$libinit$$0000000C))

<P><STRONG><a name="[155]"></a>__rt_lib_init_lc_common</STRONG> (Thumb, 0 bytes, Stack size unknown bytes, libinit2.o(.ARM.Collect$$libinit$$00000011))
<BR><BR>[Calls]<UL><LI><a href="#[156]">&gt;&gt;</a>&nbsp;&nbsp;&nbsp;__rt_locale
</UL>

<P><STRONG><a name="[372]"></a>__rt_lib_init_rand_1</STRONG> (Thumb, 0 bytes, Stack size unknown bytes, libinit2.o(.ARM.Collect$$libinit$$00000010))

<P><STRONG><a name="[373]"></a>__rt_lib_init_user_alloc_1</STRONG> (Thumb, 0 bytes, Stack size unknown bytes, libinit2.o(.ARM.Collect$$libinit$$0000000E))

<P><STRONG><a name="[374]"></a>__rt_lib_init_lc_collate_1</STRONG> (Thumb, 0 bytes, Stack size unknown bytes, libinit2.o(.ARM.Collect$$libinit$$00000013))

<P><STRONG><a name="[157]"></a>__rt_lib_init_lc_ctype_2</STRONG> (Thumb, 0 bytes, Stack size unknown bytes, libinit2.o(.ARM.Collect$$libinit$$00000014))
<BR><BR>[Stack]<UL><LI>Max Depth = 16 + Unknown Stack Size
<LI>Call Chain = __rt_lib_init_lc_ctype_2 &rArr; _get_lc_ctype &rArr; strcmp
</UL>
<BR>[Calls]<UL><LI><a href="#[60]">&gt;&gt;</a>&nbsp;&nbsp;&nbsp;_get_lc_ctype
</UL>

<P><STRONG><a name="[375]"></a>__rt_lib_init_lc_ctype_1</STRONG> (Thumb, 0 bytes, Stack size unknown bytes, libinit2.o(.ARM.Collect$$libinit$$00000015))

<P><STRONG><a name="[376]"></a>__rt_lib_init_lc_monetary_1</STRONG> (Thumb, 0 bytes, Stack size unknown bytes, libinit2.o(.ARM.Collect$$libinit$$00000017))

<P><STRONG><a name="[158]"></a>__rt_lib_init_lc_numeric_2</STRONG> (Thumb, 0 bytes, Stack size unknown bytes, libinit2.o(.ARM.Collect$$libinit$$00000018))
<BR><BR>[Stack]<UL><LI>Max Depth = 16 + Unknown Stack Size
<LI>Call Chain = __rt_lib_init_lc_numeric_2 &rArr; _get_lc_numeric &rArr; strcmp
</UL>
<BR>[Calls]<UL><LI><a href="#[159]">&gt;&gt;</a>&nbsp;&nbsp;&nbsp;_get_lc_numeric
</UL>

<P><STRONG><a name="[377]"></a>__rt_lib_init_alloca_1</STRONG> (Thumb, 0 bytes, Stack size unknown bytes, libinit2.o(.ARM.Collect$$libinit$$00000030))

<P><STRONG><a name="[378]"></a>__rt_lib_init_argv_1</STRONG> (Thumb, 0 bytes, Stack size unknown bytes, libinit2.o(.ARM.Collect$$libinit$$0000002E))

<P><STRONG><a name="[379]"></a>__rt_lib_init_atexit_1</STRONG> (Thumb, 0 bytes, Stack size unknown bytes, libinit2.o(.ARM.Collect$$libinit$$0000001D))

<P><STRONG><a name="[37a]"></a>__rt_lib_init_clock_1</STRONG> (Thumb, 0 bytes, Stack size unknown bytes, libinit2.o(.ARM.Collect$$libinit$$00000023))

<P><STRONG><a name="[37b]"></a>__rt_lib_init_cpp_1</STRONG> (Thumb, 0 bytes, Stack size unknown bytes, libinit2.o(.ARM.Collect$$libinit$$00000034))

<P><STRONG><a name="[37c]"></a>__rt_lib_init_exceptions_1</STRONG> (Thumb, 0 bytes, Stack size unknown bytes, libinit2.o(.ARM.Collect$$libinit$$00000032))

<P><STRONG><a name="[37d]"></a>__rt_lib_init_fp_trap_1</STRONG> (Thumb, 0 bytes, Stack size unknown bytes, libinit2.o(.ARM.Collect$$libinit$$00000021))

<P><STRONG><a name="[37e]"></a>__rt_lib_init_getenv_1</STRONG> (Thumb, 0 bytes, Stack size unknown bytes, libinit2.o(.ARM.Collect$$libinit$$00000025))

<P><STRONG><a name="[37f]"></a>__rt_lib_init_lc_numeric_1</STRONG> (Thumb, 0 bytes, Stack size unknown bytes, libinit2.o(.ARM.Collect$$libinit$$00000019))

<P><STRONG><a name="[380]"></a>__rt_lib_init_lc_time_1</STRONG> (Thumb, 0 bytes, Stack size unknown bytes, libinit2.o(.ARM.Collect$$libinit$$0000001B))

<P><STRONG><a name="[381]"></a>__rt_lib_init_return</STRONG> (Thumb, 0 bytes, Stack size unknown bytes, libinit2.o(.ARM.Collect$$libinit$$00000035))

<P><STRONG><a name="[382]"></a>__rt_lib_init_signal_1</STRONG> (Thumb, 0 bytes, Stack size unknown bytes, libinit2.o(.ARM.Collect$$libinit$$0000001F))

<P><STRONG><a name="[383]"></a>__rt_lib_init_stdio_1</STRONG> (Thumb, 0 bytes, Stack size unknown bytes, libinit2.o(.ARM.Collect$$libinit$$00000027))

<P><STRONG><a name="[162]"></a>__rt_lib_shutdown</STRONG> (Thumb, 0 bytes, Stack size unknown bytes, libshutdown.o(.ARM.Collect$$libshutdown$$00000000))
<BR><BR>[Called By]<UL><LI><a href="#[161]">&gt;&gt;</a>&nbsp;&nbsp;&nbsp;__rt_exit_ls
<LI><a href="#[17d]">&gt;&gt;</a>&nbsp;&nbsp;&nbsp;abort
</UL>

<P><STRONG><a name="[384]"></a>__rt_lib_shutdown_cpp_1</STRONG> (Thumb, 0 bytes, Stack size unknown bytes, libshutdown2.o(.ARM.Collect$$libshutdown$$00000002))

<P><STRONG><a name="[385]"></a>__rt_lib_shutdown_fp_trap_1</STRONG> (Thumb, 0 bytes, Stack size unknown bytes, libshutdown2.o(.ARM.Collect$$libshutdown$$00000007))

<P><STRONG><a name="[386]"></a>__rt_lib_shutdown_heap_1</STRONG> (Thumb, 0 bytes, Stack size unknown bytes, libshutdown2.o(.ARM.Collect$$libshutdown$$0000000F))

<P><STRONG><a name="[387]"></a>__rt_lib_shutdown_return</STRONG> (Thumb, 0 bytes, Stack size unknown bytes, libshutdown2.o(.ARM.Collect$$libshutdown$$00000010))

<P><STRONG><a name="[388]"></a>__rt_lib_shutdown_signal_1</STRONG> (Thumb, 0 bytes, Stack size unknown bytes, libshutdown2.o(.ARM.Collect$$libshutdown$$0000000A))

<P><STRONG><a name="[389]"></a>__rt_lib_shutdown_stdio_1</STRONG> (Thumb, 0 bytes, Stack size unknown bytes, libshutdown2.o(.ARM.Collect$$libshutdown$$00000004))

<P><STRONG><a name="[38a]"></a>__rt_lib_shutdown_user_alloc_1</STRONG> (Thumb, 0 bytes, Stack size unknown bytes, libshutdown2.o(.ARM.Collect$$libshutdown$$0000000C))

<P><STRONG><a name="[12c]"></a>__rt_entry</STRONG> (Thumb, 0 bytes, Stack size unknown bytes, __rtentry.o(.ARM.Collect$$rtentry$$00000000))
<BR><BR>[Called By]<UL><LI><a href="#[5d]">&gt;&gt;</a>&nbsp;&nbsp;&nbsp;__main
<LI><a href="#[12d]">&gt;&gt;</a>&nbsp;&nbsp;&nbsp;__scatterload_rt2
</UL>

<P><STRONG><a name="[38b]"></a>__rt_entry_presh_1</STRONG> (Thumb, 0 bytes, Stack size unknown bytes, __rtentry2.o(.ARM.Collect$$rtentry$$00000002))

<P><STRONG><a name="[15a]"></a>__rt_entry_sh</STRONG> (Thumb, 0 bytes, Stack size unknown bytes, __rtentry4.o(.ARM.Collect$$rtentry$$00000004))
<BR><BR>[Stack]<UL><LI>Max Depth = 8 + Unknown Stack Size
<LI>Call Chain = __rt_entry_sh &rArr; __user_setup_stackheap
</UL>
<BR>[Calls]<UL><LI><a href="#[15b]">&gt;&gt;</a>&nbsp;&nbsp;&nbsp;__user_setup_stackheap
</UL>

<P><STRONG><a name="[15c]"></a>__rt_entry_li</STRONG> (Thumb, 0 bytes, Stack size unknown bytes, __rtentry2.o(.ARM.Collect$$rtentry$$0000000A))
<BR><BR>[Calls]<UL><LI><a href="#[15d]">&gt;&gt;</a>&nbsp;&nbsp;&nbsp;__rt_lib_init
</UL>

<P><STRONG><a name="[38c]"></a>__rt_entry_postsh_1</STRONG> (Thumb, 0 bytes, Stack size unknown bytes, __rtentry2.o(.ARM.Collect$$rtentry$$00000009))

<P><STRONG><a name="[15e]"></a>__rt_entry_main</STRONG> (Thumb, 0 bytes, Stack size unknown bytes, __rtentry2.o(.ARM.Collect$$rtentry$$0000000D))
<BR><BR>[Stack]<UL><LI>Max Depth = 560 + Unknown Stack Size
<LI>Call Chain = __rt_entry_main &rArr; main &rArr; Main_Menu &rArr; menu_service_navigate &rArr; menu_service_printf &rArr; vsnprintf &rArr; _printf_char_common &rArr; __printf
</UL>
<BR>[Calls]<UL><LI><a href="#[160]">&gt;&gt;</a>&nbsp;&nbsp;&nbsp;exit
<LI><a href="#[15f]">&gt;&gt;</a>&nbsp;&nbsp;&nbsp;main
</UL>

<P><STRONG><a name="[38d]"></a>__rt_entry_postli_1</STRONG> (Thumb, 0 bytes, Stack size unknown bytes, __rtentry2.o(.ARM.Collect$$rtentry$$0000000C))

<P><STRONG><a name="[1b3]"></a>__rt_exit</STRONG> (Thumb, 0 bytes, Stack size unknown bytes, rtexit.o(.ARM.Collect$$rtexit$$00000000))
<BR><BR>[Called By]<UL><LI><a href="#[160]">&gt;&gt;</a>&nbsp;&nbsp;&nbsp;exit
</UL>

<P><STRONG><a name="[161]"></a>__rt_exit_ls</STRONG> (Thumb, 0 bytes, Stack size unknown bytes, rtexit2.o(.ARM.Collect$$rtexit$$00000003))
<BR><BR>[Calls]<UL><LI><a href="#[162]">&gt;&gt;</a>&nbsp;&nbsp;&nbsp;__rt_lib_shutdown
</UL>

<P><STRONG><a name="[38e]"></a>__rt_exit_prels_1</STRONG> (Thumb, 0 bytes, Stack size unknown bytes, rtexit2.o(.ARM.Collect$$rtexit$$00000002))

<P><STRONG><a name="[38f]"></a>__rt_exit_exit</STRONG> (Thumb, 0 bytes, Stack size unknown bytes, rtexit2.o(.ARM.Collect$$rtexit$$00000004))

<P><STRONG><a name="[1]"></a>Reset_Handler</STRONG> (Thumb, 8 bytes, Stack size 0 bytes, startup_stm32f407xx.o(.text))
<BR>[Address Reference Count : 1]<UL><LI> startup_stm32f407xx.o(RESET)
</UL>
<P><STRONG><a name="[1d]"></a>ADC_IRQHandler</STRONG> (Thumb, 0 bytes, Stack size 0 bytes, startup_stm32f407xx.o(.text))
<BR><BR>[Calls]<UL><LI><a href="#[1d]">&gt;&gt;</a>&nbsp;&nbsp;&nbsp;ADC_IRQHandler
</UL>
<BR>[Called By]<UL><LI><a href="#[1d]">&gt;&gt;</a>&nbsp;&nbsp;&nbsp;ADC_IRQHandler
</UL>
<BR>[Address Reference Count : 1]<UL><LI> startup_stm32f407xx.o(RESET)
</UL>
<P><STRONG><a name="[1f]"></a>CAN1_RX0_IRQHandler</STRONG> (Thumb, 0 bytes, Stack size 0 bytes, startup_stm32f407xx.o(.text))
<BR>[Address Reference Count : 1]<UL><LI> startup_stm32f407xx.o(RESET)
</UL>
<P><STRONG><a name="[20]"></a>CAN1_RX1_IRQHandler</STRONG> (Thumb, 0 bytes, Stack size 0 bytes, startup_stm32f407xx.o(.text))
<BR>[Address Reference Count : 1]<UL><LI> startup_stm32f407xx.o(RESET)
</UL>
<P><STRONG><a name="[21]"></a>CAN1_SCE_IRQHandler</STRONG> (Thumb, 0 bytes, Stack size 0 bytes, startup_stm32f407xx.o(.text))
<BR>[Address Reference Count : 1]<UL><LI> startup_stm32f407xx.o(RESET)
</UL>
<P><STRONG><a name="[1e]"></a>CAN1_TX_IRQHandler</STRONG> (Thumb, 0 bytes, Stack size 0 bytes, startup_stm32f407xx.o(.text))
<BR>[Address Reference Count : 1]<UL><LI> startup_stm32f407xx.o(RESET)
</UL>
<P><STRONG><a name="[4b]"></a>CAN2_RX0_IRQHandler</STRONG> (Thumb, 0 bytes, Stack size 0 bytes, startup_stm32f407xx.o(.text))
<BR>[Address Reference Count : 1]<UL><LI> startup_stm32f407xx.o(RESET)
</UL>
<P><STRONG><a name="[4c]"></a>CAN2_RX1_IRQHandler</STRONG> (Thumb, 0 bytes, Stack size 0 bytes, startup_stm32f407xx.o(.text))
<BR>[Address Reference Count : 1]<UL><LI> startup_stm32f407xx.o(RESET)
</UL>
<P><STRONG><a name="[4d]"></a>CAN2_SCE_IRQHandler</STRONG> (Thumb, 0 bytes, Stack size 0 bytes, startup_stm32f407xx.o(.text))
<BR>[Address Reference Count : 1]<UL><LI> startup_stm32f407xx.o(RESET)
</UL>
<P><STRONG><a name="[4a]"></a>CAN2_TX_IRQHandler</STRONG> (Thumb, 0 bytes, Stack size 0 bytes, startup_stm32f407xx.o(.text))
<BR>[Address Reference Count : 1]<UL><LI> startup_stm32f407xx.o(RESET)
</UL>
<P><STRONG><a name="[59]"></a>DCMI_IRQHandler</STRONG> (Thumb, 0 bytes, Stack size 0 bytes, startup_stm32f407xx.o(.text))
<BR>[Address Reference Count : 1]<UL><LI> startup_stm32f407xx.o(RESET)
</UL>
<P><STRONG><a name="[16]"></a>DMA1_Stream0_IRQHandler</STRONG> (Thumb, 0 bytes, Stack size 0 bytes, startup_stm32f407xx.o(.text))
<BR>[Address Reference Count : 1]<UL><LI> startup_stm32f407xx.o(RESET)
</UL>
<P><STRONG><a name="[17]"></a>DMA1_Stream1_IRQHandler</STRONG> (Thumb, 0 bytes, Stack size 0 bytes, startup_stm32f407xx.o(.text))
<BR>[Address Reference Count : 1]<UL><LI> startup_stm32f407xx.o(RESET)
</UL>
<P><STRONG><a name="[18]"></a>DMA1_Stream2_IRQHandler</STRONG> (Thumb, 0 bytes, Stack size 0 bytes, startup_stm32f407xx.o(.text))
<BR>[Address Reference Count : 1]<UL><LI> startup_stm32f407xx.o(RESET)
</UL>
<P><STRONG><a name="[19]"></a>DMA1_Stream3_IRQHandler</STRONG> (Thumb, 0 bytes, Stack size 0 bytes, startup_stm32f407xx.o(.text))
<BR>[Address Reference Count : 1]<UL><LI> startup_stm32f407xx.o(RESET)
</UL>
<P><STRONG><a name="[1a]"></a>DMA1_Stream4_IRQHandler</STRONG> (Thumb, 0 bytes, Stack size 0 bytes, startup_stm32f407xx.o(.text))
<BR>[Address Reference Count : 1]<UL><LI> startup_stm32f407xx.o(RESET)
</UL>
<P><STRONG><a name="[1b]"></a>DMA1_Stream5_IRQHandler</STRONG> (Thumb, 0 bytes, Stack size 0 bytes, startup_stm32f407xx.o(.text))
<BR>[Address Reference Count : 1]<UL><LI> startup_stm32f407xx.o(RESET)
</UL>
<P><STRONG><a name="[1c]"></a>DMA1_Stream6_IRQHandler</STRONG> (Thumb, 0 bytes, Stack size 0 bytes, startup_stm32f407xx.o(.text))
<BR>[Address Reference Count : 1]<UL><LI> startup_stm32f407xx.o(RESET)
</UL>
<P><STRONG><a name="[3a]"></a>DMA1_Stream7_IRQHandler</STRONG> (Thumb, 0 bytes, Stack size 0 bytes, startup_stm32f407xx.o(.text))
<BR>[Address Reference Count : 1]<UL><LI> startup_stm32f407xx.o(RESET)
</UL>
<P><STRONG><a name="[43]"></a>DMA2_Stream0_IRQHandler</STRONG> (Thumb, 0 bytes, Stack size 0 bytes, startup_stm32f407xx.o(.text))
<BR>[Address Reference Count : 1]<UL><LI> startup_stm32f407xx.o(RESET)
</UL>
<P><STRONG><a name="[44]"></a>DMA2_Stream1_IRQHandler</STRONG> (Thumb, 0 bytes, Stack size 0 bytes, startup_stm32f407xx.o(.text))
<BR>[Address Reference Count : 1]<UL><LI> startup_stm32f407xx.o(RESET)
</UL>
<P><STRONG><a name="[47]"></a>DMA2_Stream4_IRQHandler</STRONG> (Thumb, 0 bytes, Stack size 0 bytes, startup_stm32f407xx.o(.text))
<BR>[Address Reference Count : 1]<UL><LI> startup_stm32f407xx.o(RESET)
</UL>
<P><STRONG><a name="[4f]"></a>DMA2_Stream5_IRQHandler</STRONG> (Thumb, 0 bytes, Stack size 0 bytes, startup_stm32f407xx.o(.text))
<BR>[Address Reference Count : 1]<UL><LI> startup_stm32f407xx.o(RESET)
</UL>
<P><STRONG><a name="[48]"></a>ETH_IRQHandler</STRONG> (Thumb, 0 bytes, Stack size 0 bytes, startup_stm32f407xx.o(.text))
<BR>[Address Reference Count : 1]<UL><LI> startup_stm32f407xx.o(RESET)
</UL>
<P><STRONG><a name="[49]"></a>ETH_WKUP_IRQHandler</STRONG> (Thumb, 0 bytes, Stack size 0 bytes, startup_stm32f407xx.o(.text))
<BR>[Address Reference Count : 1]<UL><LI> startup_stm32f407xx.o(RESET)
</UL>
<P><STRONG><a name="[11]"></a>EXTI0_IRQHandler</STRONG> (Thumb, 0 bytes, Stack size 0 bytes, startup_stm32f407xx.o(.text))
<BR>[Address Reference Count : 1]<UL><LI> startup_stm32f407xx.o(RESET)
</UL>
<P><STRONG><a name="[33]"></a>EXTI15_10_IRQHandler</STRONG> (Thumb, 0 bytes, Stack size 0 bytes, startup_stm32f407xx.o(.text))
<BR>[Address Reference Count : 1]<UL><LI> startup_stm32f407xx.o(RESET)
</UL>
<P><STRONG><a name="[12]"></a>EXTI1_IRQHandler</STRONG> (Thumb, 0 bytes, Stack size 0 bytes, startup_stm32f407xx.o(.text))
<BR>[Address Reference Count : 1]<UL><LI> startup_stm32f407xx.o(RESET)
</UL>
<P><STRONG><a name="[13]"></a>EXTI2_IRQHandler</STRONG> (Thumb, 0 bytes, Stack size 0 bytes, startup_stm32f407xx.o(.text))
<BR>[Address Reference Count : 1]<UL><LI> startup_stm32f407xx.o(RESET)
</UL>
<P><STRONG><a name="[14]"></a>EXTI3_IRQHandler</STRONG> (Thumb, 0 bytes, Stack size 0 bytes, startup_stm32f407xx.o(.text))
<BR>[Address Reference Count : 1]<UL><LI> startup_stm32f407xx.o(RESET)
</UL>
<P><STRONG><a name="[15]"></a>EXTI4_IRQHandler</STRONG> (Thumb, 0 bytes, Stack size 0 bytes, startup_stm32f407xx.o(.text))
<BR>[Address Reference Count : 1]<UL><LI> startup_stm32f407xx.o(RESET)
</UL>
<P><STRONG><a name="[22]"></a>EXTI9_5_IRQHandler</STRONG> (Thumb, 0 bytes, Stack size 0 bytes, startup_stm32f407xx.o(.text))
<BR>[Address Reference Count : 1]<UL><LI> startup_stm32f407xx.o(RESET)
</UL>
<P><STRONG><a name="[f]"></a>FLASH_IRQHandler</STRONG> (Thumb, 0 bytes, Stack size 0 bytes, startup_stm32f407xx.o(.text))
<BR>[Address Reference Count : 1]<UL><LI> startup_stm32f407xx.o(RESET)
</UL>
<P><STRONG><a name="[3b]"></a>FMC_IRQHandler</STRONG> (Thumb, 0 bytes, Stack size 0 bytes, startup_stm32f407xx.o(.text))
<BR>[Address Reference Count : 1]<UL><LI> startup_stm32f407xx.o(RESET)
</UL>
<P><STRONG><a name="[5b]"></a>FPU_IRQHandler</STRONG> (Thumb, 0 bytes, Stack size 0 bytes, startup_stm32f407xx.o(.text))
<BR>[Address Reference Count : 1]<UL><LI> startup_stm32f407xx.o(RESET)
</UL>
<P><STRONG><a name="[5a]"></a>HASH_RNG_IRQHandler</STRONG> (Thumb, 0 bytes, Stack size 0 bytes, startup_stm32f407xx.o(.text))
<BR>[Address Reference Count : 1]<UL><LI> startup_stm32f407xx.o(RESET)
</UL>
<P><STRONG><a name="[2b]"></a>I2C1_ER_IRQHandler</STRONG> (Thumb, 0 bytes, Stack size 0 bytes, startup_stm32f407xx.o(.text))
<BR>[Address Reference Count : 1]<UL><LI> startup_stm32f407xx.o(RESET)
</UL>
<P><STRONG><a name="[2a]"></a>I2C1_EV_IRQHandler</STRONG> (Thumb, 0 bytes, Stack size 0 bytes, startup_stm32f407xx.o(.text))
<BR>[Address Reference Count : 1]<UL><LI> startup_stm32f407xx.o(RESET)
</UL>
<P><STRONG><a name="[2d]"></a>I2C2_ER_IRQHandler</STRONG> (Thumb, 0 bytes, Stack size 0 bytes, startup_stm32f407xx.o(.text))
<BR>[Address Reference Count : 1]<UL><LI> startup_stm32f407xx.o(RESET)
</UL>
<P><STRONG><a name="[2c]"></a>I2C2_EV_IRQHandler</STRONG> (Thumb, 0 bytes, Stack size 0 bytes, startup_stm32f407xx.o(.text))
<BR>[Address Reference Count : 1]<UL><LI> startup_stm32f407xx.o(RESET)
</UL>
<P><STRONG><a name="[54]"></a>I2C3_ER_IRQHandler</STRONG> (Thumb, 0 bytes, Stack size 0 bytes, startup_stm32f407xx.o(.text))
<BR>[Address Reference Count : 1]<UL><LI> startup_stm32f407xx.o(RESET)
</UL>
<P><STRONG><a name="[53]"></a>I2C3_EV_IRQHandler</STRONG> (Thumb, 0 bytes, Stack size 0 bytes, startup_stm32f407xx.o(.text))
<BR>[Address Reference Count : 1]<UL><LI> startup_stm32f407xx.o(RESET)
</UL>
<P><STRONG><a name="[35]"></a>OTG_FS_WKUP_IRQHandler</STRONG> (Thumb, 0 bytes, Stack size 0 bytes, startup_stm32f407xx.o(.text))
<BR>[Address Reference Count : 1]<UL><LI> startup_stm32f407xx.o(RESET)
</UL>
<P><STRONG><a name="[56]"></a>OTG_HS_EP1_IN_IRQHandler</STRONG> (Thumb, 0 bytes, Stack size 0 bytes, startup_stm32f407xx.o(.text))
<BR>[Address Reference Count : 1]<UL><LI> startup_stm32f407xx.o(RESET)
</UL>
<P><STRONG><a name="[55]"></a>OTG_HS_EP1_OUT_IRQHandler</STRONG> (Thumb, 0 bytes, Stack size 0 bytes, startup_stm32f407xx.o(.text))
<BR>[Address Reference Count : 1]<UL><LI> startup_stm32f407xx.o(RESET)
</UL>
<P><STRONG><a name="[58]"></a>OTG_HS_IRQHandler</STRONG> (Thumb, 0 bytes, Stack size 0 bytes, startup_stm32f407xx.o(.text))
<BR>[Address Reference Count : 1]<UL><LI> startup_stm32f407xx.o(RESET)
</UL>
<P><STRONG><a name="[57]"></a>OTG_HS_WKUP_IRQHandler</STRONG> (Thumb, 0 bytes, Stack size 0 bytes, startup_stm32f407xx.o(.text))
<BR>[Address Reference Count : 1]<UL><LI> startup_stm32f407xx.o(RESET)
</UL>
<P><STRONG><a name="[c]"></a>PVD_IRQHandler</STRONG> (Thumb, 0 bytes, Stack size 0 bytes, startup_stm32f407xx.o(.text))
<BR>[Address Reference Count : 1]<UL><LI> startup_stm32f407xx.o(RESET)
</UL>
<P><STRONG><a name="[10]"></a>RCC_IRQHandler</STRONG> (Thumb, 0 bytes, Stack size 0 bytes, startup_stm32f407xx.o(.text))
<BR>[Address Reference Count : 1]<UL><LI> startup_stm32f407xx.o(RESET)
</UL>
<P><STRONG><a name="[34]"></a>RTC_Alarm_IRQHandler</STRONG> (Thumb, 0 bytes, Stack size 0 bytes, startup_stm32f407xx.o(.text))
<BR>[Address Reference Count : 1]<UL><LI> startup_stm32f407xx.o(RESET)
</UL>
<P><STRONG><a name="[e]"></a>RTC_WKUP_IRQHandler</STRONG> (Thumb, 0 bytes, Stack size 0 bytes, startup_stm32f407xx.o(.text))
<BR>[Address Reference Count : 1]<UL><LI> startup_stm32f407xx.o(RESET)
</UL>
<P><STRONG><a name="[2e]"></a>SPI1_IRQHandler</STRONG> (Thumb, 0 bytes, Stack size 0 bytes, startup_stm32f407xx.o(.text))
<BR>[Address Reference Count : 1]<UL><LI> startup_stm32f407xx.o(RESET)
</UL>
<P><STRONG><a name="[2f]"></a>SPI2_IRQHandler</STRONG> (Thumb, 0 bytes, Stack size 0 bytes, startup_stm32f407xx.o(.text))
<BR>[Address Reference Count : 1]<UL><LI> startup_stm32f407xx.o(RESET)
</UL>
<P><STRONG><a name="[3e]"></a>SPI3_IRQHandler</STRONG> (Thumb, 0 bytes, Stack size 0 bytes, startup_stm32f407xx.o(.text))
<BR>[Address Reference Count : 1]<UL><LI> startup_stm32f407xx.o(RESET)
</UL>
<P><STRONG><a name="[d]"></a>TAMP_STAMP_IRQHandler</STRONG> (Thumb, 0 bytes, Stack size 0 bytes, startup_stm32f407xx.o(.text))
<BR>[Address Reference Count : 1]<UL><LI> startup_stm32f407xx.o(RESET)
</UL>
<P><STRONG><a name="[23]"></a>TIM1_BRK_TIM9_IRQHandler</STRONG> (Thumb, 0 bytes, Stack size 0 bytes, startup_stm32f407xx.o(.text))
<BR>[Address Reference Count : 1]<UL><LI> startup_stm32f407xx.o(RESET)
</UL>
<P><STRONG><a name="[26]"></a>TIM1_CC_IRQHandler</STRONG> (Thumb, 0 bytes, Stack size 0 bytes, startup_stm32f407xx.o(.text))
<BR>[Address Reference Count : 1]<UL><LI> startup_stm32f407xx.o(RESET)
</UL>
<P><STRONG><a name="[25]"></a>TIM1_TRG_COM_TIM11_IRQHandler</STRONG> (Thumb, 0 bytes, Stack size 0 bytes, startup_stm32f407xx.o(.text))
<BR>[Address Reference Count : 1]<UL><LI> startup_stm32f407xx.o(RESET)
</UL>
<P><STRONG><a name="[27]"></a>TIM2_IRQHandler</STRONG> (Thumb, 0 bytes, Stack size 0 bytes, startup_stm32f407xx.o(.text))
<BR>[Address Reference Count : 1]<UL><LI> startup_stm32f407xx.o(RESET)
</UL>
<P><STRONG><a name="[28]"></a>TIM3_IRQHandler</STRONG> (Thumb, 0 bytes, Stack size 0 bytes, startup_stm32f407xx.o(.text))
<BR>[Address Reference Count : 1]<UL><LI> startup_stm32f407xx.o(RESET)
</UL>
<P><STRONG><a name="[29]"></a>TIM4_IRQHandler</STRONG> (Thumb, 0 bytes, Stack size 0 bytes, startup_stm32f407xx.o(.text))
<BR>[Address Reference Count : 1]<UL><LI> startup_stm32f407xx.o(RESET)
</UL>
<P><STRONG><a name="[3d]"></a>TIM5_IRQHandler</STRONG> (Thumb, 0 bytes, Stack size 0 bytes, startup_stm32f407xx.o(.text))
<BR>[Address Reference Count : 1]<UL><LI> startup_stm32f407xx.o(RESET)
</UL>
<P><STRONG><a name="[41]"></a>TIM6_DAC_IRQHandler</STRONG> (Thumb, 0 bytes, Stack size 0 bytes, startup_stm32f407xx.o(.text))
<BR>[Address Reference Count : 1]<UL><LI> startup_stm32f407xx.o(RESET)
</UL>
<P><STRONG><a name="[42]"></a>TIM7_IRQHandler</STRONG> (Thumb, 0 bytes, Stack size 0 bytes, startup_stm32f407xx.o(.text))
<BR>[Address Reference Count : 1]<UL><LI> startup_stm32f407xx.o(RESET)
</UL>
<P><STRONG><a name="[36]"></a>TIM8_BRK_TIM12_IRQHandler</STRONG> (Thumb, 0 bytes, Stack size 0 bytes, startup_stm32f407xx.o(.text))
<BR>[Address Reference Count : 1]<UL><LI> startup_stm32f407xx.o(RESET)
</UL>
<P><STRONG><a name="[39]"></a>TIM8_CC_IRQHandler</STRONG> (Thumb, 0 bytes, Stack size 0 bytes, startup_stm32f407xx.o(.text))
<BR>[Address Reference Count : 1]<UL><LI> startup_stm32f407xx.o(RESET)
</UL>
<P><STRONG><a name="[38]"></a>TIM8_TRG_COM_TIM14_IRQHandler</STRONG> (Thumb, 0 bytes, Stack size 0 bytes, startup_stm32f407xx.o(.text))
<BR>[Address Reference Count : 1]<UL><LI> startup_stm32f407xx.o(RESET)
</UL>
<P><STRONG><a name="[37]"></a>TIM8_UP_TIM13_IRQHandler</STRONG> (Thumb, 0 bytes, Stack size 0 bytes, startup_stm32f407xx.o(.text))
<BR>[Address Reference Count : 1]<UL><LI> startup_stm32f407xx.o(RESET)
</UL>
<P><STRONG><a name="[40]"></a>UART5_IRQHandler</STRONG> (Thumb, 0 bytes, Stack size 0 bytes, startup_stm32f407xx.o(.text))
<BR>[Address Reference Count : 1]<UL><LI> startup_stm32f407xx.o(RESET)
</UL>
<P><STRONG><a name="[31]"></a>USART2_IRQHandler</STRONG> (Thumb, 0 bytes, Stack size 0 bytes, startup_stm32f407xx.o(.text))
<BR>[Address Reference Count : 1]<UL><LI> startup_stm32f407xx.o(RESET)
</UL>
[...]
<BR><BR>[Calls]<UL><LI><a href="#[1c9]">&gt;&gt;</a>&nbsp;&nbsp;&nbsp;OUTLINED_FUNCTION_136
</UL>
<BR>[Address Reference Count : 1]<UL><LI> lto-llvm-27697e.o(.text.lfs_dir_relocatingcommit)
</UL>
<P><STRONG><a name="[7e]"></a>lfs_fs_size_count</STRONG> (Thumb, 8 bytes, Stack size 0 bytes, lto-llvm-27697e.o(.text.lfs_fs_size_count))
<BR><BR>[Calls]<UL><LI><a href="#[1c9]">&gt;&gt;</a>&nbsp;&nbsp;&nbsp;OUTLINED_FUNCTION_136
</UL>
<BR>[Address Reference Count : 1]<UL><LI> lto-llvm-27697e.o(.text.lfs_dir_relocatingcommit)
</UL>
<P><STRONG><a name="[7f]"></a>lfs_dir_traverse_filter</STRONG> (Thumb, 104 bytes, Stack size 16 bytes, lto-llvm-27697e.o(.text.lfs_dir_traverse_filter))
<BR><BR>[Stack]<UL><LI>Max Depth = 16<LI>Call Chain = lfs_dir_traverse_filter
</UL>
<BR>[Address Reference Count : 1]<UL><LI> lto-llvm-27697e.o(.text.lfs_dir_traverse)
</UL>
<P><STRONG><a name="[30a]"></a>lfs_dir_commitprog</STRONG> (Thumb, 60 bytes, Stack size 40 bytes, lto-llvm-27697e.o(.text.lfs_dir_commitprog))
<BR><BR>[Stack]<UL><LI>Max Depth = 336 + Unknown Stack Size
<LI>Call Chain = lfs_dir_commitprog &rArr; lfs_bd_prog &rArr; lfs_bd_flush &rArr; lfs_bd_cmp &rArr; lfs_bd_read &rArr; __aeabi_assert &rArr; abort &rArr; __rt_SIGABRT &rArr; __rt_SIGABRT_inner &rArr; __default_signal_display &rArr; _ttywrch
</UL>
<BR>[Calls]<UL><LI><a href="#[303]">&gt;&gt;</a>&nbsp;&nbsp;&nbsp;lfs_bd_prog
<LI><a href="#[300]">&gt;&gt;</a>&nbsp;&nbsp;&nbsp;lfs_crc
</UL>
<BR>[Called By]<UL><LI><a href="#[30c]">&gt;&gt;</a>&nbsp;&nbsp;&nbsp;lfs_dir_compact
<LI><a href="#[309]">&gt;&gt;</a>&nbsp;&nbsp;&nbsp;lfs_dir_commitattr
</UL>

<P><STRONG><a name="[303]"></a>lfs_bd_prog</STRONG> (Thumb, 224 bytes, Stack size 48 bytes, lto-llvm-27697e.o(.text.lfs_bd_prog))
<BR><BR>[Stack]<UL><LI>Max Depth = 296 + Unknown Stack Size
<LI>Call Chain = lfs_bd_prog &rArr; lfs_bd_flush &rArr; lfs_bd_cmp &rArr; lfs_bd_read &rArr; __aeabi_assert &rArr; abort &rArr; __rt_SIGABRT &rArr; __rt_SIGABRT_inner &rArr; __default_signal_display &rArr; _ttywrch
</UL>
<BR>[Calls]<UL><LI><a href="#[17b]">&gt;&gt;</a>&nbsp;&nbsp;&nbsp;__aeabi_assert
<LI><a href="#[21a]">&gt;&gt;</a>&nbsp;&nbsp;&nbsp;OUTLINED_FUNCTION_103
<LI><a href="#[302]">&gt;&gt;</a>&nbsp;&nbsp;&nbsp;lfs_bd_flush
</UL>
<BR>[Called By]<UL><LI><a href="#[30a]">&gt;&gt;</a>&nbsp;&nbsp;&nbsp;lfs_dir_commitprog
<LI><a href="#[30b]">&gt;&gt;</a>&nbsp;&nbsp;&nbsp;lfs_dir_commitcrc
<LI><a href="#[321]">&gt;&gt;</a>&nbsp;&nbsp;&nbsp;lfs_file_flushedwrite
<LI><a href="#[322]">&gt;&gt;</a>&nbsp;&nbsp;&nbsp;lfs_file_relocate
</UL>

<P><STRONG><a name="[304]"></a>lfs_bd_sync</STRONG> (Thumb, 44 bytes, Stack size 8 bytes, lto-llvm-27697e.o(.text.lfs_bd_sync))
<BR><BR>[Stack]<UL><LI>Max Depth = 256 + Unknown Stack Size
<LI>Call Chain = lfs_bd_sync &rArr; lfs_bd_flush &rArr; lfs_bd_cmp &rArr; lfs_bd_read &rArr; __aeabi_assert &rArr; abort &rArr; __rt_SIGABRT &rArr; __rt_SIGABRT_inner &rArr; __default_signal_display &rArr; _ttywrch
</UL>
<BR>[Calls]<UL><LI><a href="#[17b]">&gt;&gt;</a>&nbsp;&nbsp;&nbsp;__aeabi_assert
<LI><a href="#[302]">&gt;&gt;</a>&nbsp;&nbsp;&nbsp;lfs_bd_flush
</UL>
<BR>[Called By]<UL><LI><a href="#[30b]">&gt;&gt;</a>&nbsp;&nbsp;&nbsp;lfs_dir_commitcrc
<LI><a href="#[31f]">&gt;&gt;</a>&nbsp;&nbsp;&nbsp;lfs_file_sync_
</UL>

<P><STRONG><a name="[260]"></a>lfs_dir_split</STRONG> (Thumb, 110 bytes, Stack size 72 bytes, lto-llvm-27697e.o(.text.lfs_dir_split))
<BR><BR>[Stack]<UL><LI>Max Depth = 728 + Unknown Stack Size
<LI>Call Chain = lfs_dir_split &rArr; lfs_dir_compact &rArr; lfs_alloc &rArr; lfs_fs_traverse_ &rArr; lfs_dir_fetch &rArr; lfs_dir_fetchmatch &rArr; lfs_bd_crc &rArr; OUTLINED_FUNCTION_94 &rArr; lfs_bd_read &rArr; __aeabi_assert &rArr; abort &rArr; __rt_SIGABRT &rArr; __rt_SIGABRT_inner &rArr; __default_signal_display &rArr; _ttywrch
</UL>
<BR>[Calls]<UL><LI><a href="#[30c]">&gt;&gt;</a>&nbsp;&nbsp;&nbsp;lfs_dir_compact
<LI><a href="#[30e]">&gt;&gt;</a>&nbsp;&nbsp;&nbsp;lfs_pair_cmp
<LI><a href="#[2f3]">&gt;&gt;</a>&nbsp;&nbsp;&nbsp;lfs_dir_alloc
</UL>
<BR>[Called By]<UL><LI><a href="#[25f]">&gt;&gt;</a>&nbsp;&nbsp;&nbsp;OUTLINED_FUNCTION_77
</UL>

<P><STRONG><a name="[301]"></a>lfs_bd_erase</STRONG> (Thumb, 44 bytes, Stack size 8 bytes, lto-llvm-27697e.o(.text.lfs_bd_erase))
<BR><BR>[Stack]<UL><LI>Max Depth = 72 + Unknown Stack Size
<LI>Call Chain = lfs_bd_erase &rArr; __aeabi_assert &rArr; abort &rArr; __rt_SIGABRT &rArr; __rt_SIGABRT_inner &rArr; __default_signal_display &rArr; _ttywrch
</UL>
<BR>[Calls]<UL><LI><a href="#[17b]">&gt;&gt;</a>&nbsp;&nbsp;&nbsp;__aeabi_assert
</UL>
<BR>[Called By]<UL><LI><a href="#[30c]">&gt;&gt;</a>&nbsp;&nbsp;&nbsp;lfs_dir_compact
<LI><a href="#[321]">&gt;&gt;</a>&nbsp;&nbsp;&nbsp;lfs_file_flushedwrite
<LI><a href="#[322]">&gt;&gt;</a>&nbsp;&nbsp;&nbsp;lfs_file_relocate
</UL>

<P><STRONG><a name="[7a]"></a>lfs_alloc_lookahead</STRONG> (Thumb, 48 bytes, Stack size 8 bytes, lto-llvm-27697e.o(.text.lfs_alloc_lookahead))
<BR><BR>[Stack]<UL><LI>Max Depth = 8<LI>Call Chain = lfs_alloc_lookahead
</UL>
<BR>[Address Reference Count : 1]<UL><LI> lto-llvm-27697e.o(.text.lfs_alloc)
</UL>
<P><STRONG><a name="[235]"></a>OUTLINED_FUNCTION_22</STRONG> (Thumb, 14 bytes, Stack size 0 bytes, lto-llvm-27697e.o(.text.OUTLINED_FUNCTION_22))
<BR><BR>[Stack]<UL><LI>Max Depth = 208 + Unknown Stack Size
<LI>Call Chain = OUTLINED_FUNCTION_22 &rArr; lfs_ctz_traverse &rArr; lfs_bd_read &rArr; __aeabi_assert &rArr; abort &rArr; __rt_SIGABRT &rArr; __rt_SIGABRT_inner &rArr; __default_signal_display &rArr; _ttywrch
</UL>
<BR>[Calls]<UL><LI><a href="#[236]">&gt;&gt;</a>&nbsp;&nbsp;&nbsp;lfs_ctz_traverse
</UL>
<BR>[Called By]<UL><LI><a href="#[2fd]">&gt;&gt;</a>&nbsp;&nbsp;&nbsp;lfs_fs_traverse_
</UL>

<P><STRONG><a name="[236]"></a>lfs_ctz_traverse</STRONG> (Thumb, 138 bytes, Stack size 72 bytes, lto-llvm-27697e.o(.text.lfs_ctz_traverse))
<BR><BR>[Stack]<UL><LI>Max Depth = 208 + Unknown Stack Size
<LI>Call Chain = lfs_ctz_traverse &rArr; lfs_bd_read &rArr; __aeabi_assert &rArr; abort &rArr; __rt_SIGABRT &rArr; __rt_SIGABRT_inner &rArr; __default_signal_display &rArr; _ttywrch
</UL>
<BR>[Calls]<UL><LI><a href="#[306]">&gt;&gt;</a>&nbsp;&nbsp;&nbsp;lfs_ctz_index
<LI><a href="#[252]">&gt;&gt;</a>&nbsp;&nbsp;&nbsp;lfs_bd_read
<LI><a href="#[2ed]">&gt;&gt;</a>&nbsp;&nbsp;&nbsp;OUTLINED_FUNCTION_78
</UL>
<BR>[Called By]<UL><LI><a href="#[235]">&gt;&gt;</a>&nbsp;&nbsp;&nbsp;OUTLINED_FUNCTION_22
</UL>

<P><STRONG><a name="[306]"></a>lfs_ctz_index</STRONG> (Thumb, 116 bytes, Stack size 20 bytes, lto-llvm-27697e.o(.text.lfs_ctz_index))
<BR><BR>[Stack]<UL><LI>Max Depth = 20<LI>Call Chain = lfs_ctz_index
</UL>
<BR>[Called By]<UL><LI><a href="#[305]">&gt;&gt;</a>&nbsp;&nbsp;&nbsp;lfs_ctz_find
<LI><a href="#[236]">&gt;&gt;</a>&nbsp;&nbsp;&nbsp;lfs_ctz_traverse
<LI><a href="#[321]">&gt;&gt;</a>&nbsp;&nbsp;&nbsp;lfs_file_flushedwrite
<LI><a href="#[2f5]">&gt;&gt;</a>&nbsp;&nbsp;&nbsp;lfs_file_seek
</UL>

<P><STRONG><a name="[26c]"></a>OUTLINED_FUNCTION_91</STRONG> (Thumb, 8 bytes, Stack size 0 bytes, lto-llvm-27697e.o(.text.OUTLINED_FUNCTION_91))
<BR><BR>[Stack]<UL><LI>Max Depth = 4<LI>Call Chain = OUTLINED_FUNCTION_91 &rArr; __aeabi_memset &rArr; _memset &rArr; _memset_w
</UL>
<BR>[Calls]<UL><LI><a href="#[1b7]">&gt;&gt;</a>&nbsp;&nbsp;&nbsp;__aeabi_memset
</UL>
<BR>[Called By]<UL><LI><a href="#[302]">&gt;&gt;</a>&nbsp;&nbsp;&nbsp;lfs_bd_flush
<LI><a href="#[321]">&gt;&gt;</a>&nbsp;&nbsp;&nbsp;lfs_file_flushedwrite
<LI><a href="#[322]">&gt;&gt;</a>&nbsp;&nbsp;&nbsp;lfs_file_relocate
</UL>

<P><STRONG><a name="[305]"></a>lfs_ctz_find</STRONG> (Thumb, 150 bytes, Stack size 64 bytes, lto-llvm-27697e.o(.text.lfs_ctz_find))
<BR><BR>[Stack]<UL><LI>Max Depth = 200 + Unknown Stack Size
<LI>Call Chain = lfs_ctz_find &rArr; lfs_bd_read &rArr; __aeabi_assert &rArr; abort &rArr; __rt_SIGABRT &rArr; __rt_SIGABRT_inner &rArr; __default_signal_display &rArr; _ttywrch
</UL>
<BR>[Calls]<UL><LI><a href="#[306]">&gt;&gt;</a>&nbsp;&nbsp;&nbsp;lfs_ctz_index
<LI><a href="#[252]">&gt;&gt;</a>&nbsp;&nbsp;&nbsp;lfs_bd_read
<LI><a href="#[1ef]">&gt;&gt;</a>&nbsp;&nbsp;&nbsp;OUTLINED_FUNCTION_36
</UL>
<BR>[Called By]<UL><LI><a href="#[321]">&gt;&gt;</a>&nbsp;&nbsp;&nbsp;lfs_file_flushedwrite
<LI><a href="#[320]">&gt;&gt;</a>&nbsp;&nbsp;&nbsp;lfs_file_flushedread
</UL>

<P><STRONG><a name="[318]"></a>lfs_dir_getread</STRONG> (Thumb, 188 bytes, Stack size 64 bytes, lto-llvm-27697e.o(.text.lfs_dir_getread))
<BR><BR>[Stack]<UL><LI>Max Depth = 264 + Unknown Stack Size
<LI>Call Chain = lfs_dir_getread &rArr; lfs_dir_getslice &rArr; OUTLINED_FUNCTION_94 &rArr; lfs_bd_read &rArr; __aeabi_assert &rArr; abort &rArr; __rt_SIGABRT &rArr; __rt_SIGABRT_inner &rArr; __default_signal_display &rArr; _ttywrch
</UL>
<BR>[Calls]<UL><LI><a href="#[21a]">&gt;&gt;</a>&nbsp;&nbsp;&nbsp;OUTLINED_FUNCTION_103
<LI><a href="#[316]">&gt;&gt;</a>&nbsp;&nbsp;&nbsp;lfs_dir_getslice
<LI><a href="#[1ef]">&gt;&gt;</a>&nbsp;&nbsp;&nbsp;OUTLINED_FUNCTION_36
</UL>
<BR>[Called By]<UL><LI><a href="#[320]">&gt;&gt;</a>&nbsp;&nbsp;&nbsp;lfs_file_flushedread
<LI><a href="#[322]">&gt;&gt;</a>&nbsp;&nbsp;&nbsp;lfs_file_relocate
</UL>

<P><STRONG><a name="[317]"></a>lfs_dir_getinfo</STRONG> (Thumb, 132 bytes, Stack size 40 bytes, lto-llvm-27697e.o(.text.lfs_dir_getinfo))
<BR><BR>[Stack]<UL><LI>Max Depth = 264 + Unknown Stack Size
<LI>Call Chain = lfs_dir_getinfo &rArr; lfs_dir_get &rArr; lfs_dir_getslice &rArr; OUTLINED_FUNCTION_94 &rArr; lfs_bd_read &rArr; __aeabi_assert &rArr; abort &rArr; __rt_SIGABRT &rArr; __rt_SIGABRT_inner &rArr; __default_signal_display &rArr; _ttywrch
</UL>
<BR>[Calls]<UL><LI><a href="#[315]">&gt;&gt;</a>&nbsp;&nbsp;&nbsp;lfs_dir_get
</UL>
<BR>[Called By]<UL><LI><a href="#[2bb]">&gt;&gt;</a>&nbsp;&nbsp;&nbsp;lfs_dir_read
<LI><a href="#[2ee]">&gt;&gt;</a>&nbsp;&nbsp;&nbsp;lfs_stat
</UL>

<P><STRONG><a name="[271]"></a>OUTLINED_FUNCTION_97</STRONG> (Thumb, 18 bytes, Stack size 8 bytes, lto-llvm-27697e.o(.text.OUTLINED_FUNCTION_97))
<BR><BR>[Stack]<UL><LI>Max Depth = 8<LI>Call Chain = OUTLINED_FUNCTION_97
</UL>
<BR>[Calls]<UL><LI><a href="#[272]">&gt;&gt;</a>&nbsp;&nbsp;&nbsp;lfs_mlist_isopen
</UL>
<BR>[Called By]<UL><LI><a href="#[2bd]">&gt;&gt;</a>&nbsp;&nbsp;&nbsp;lfs_file_write
<LI><a href="#[2ba]">&gt;&gt;</a>&nbsp;&nbsp;&nbsp;lfs_dir_open
<LI><a href="#[2b0]">&gt;&gt;</a>&nbsp;&nbsp;&nbsp;lfs_file_close
<LI><a href="#[2ac]">&gt;&gt;</a>&nbsp;&nbsp;&nbsp;lfs_file_open
<LI><a href="#[2f6]">&gt;&gt;</a>&nbsp;&nbsp;&nbsp;lfs_file_sync
</UL>

<P><STRONG><a name="[31e]"></a>lfs_file_close_</STRONG> (Thumb, 36 bytes, Stack size 16 bytes, lto-llvm-27697e.o(.text.lfs_file_close_))
<BR><BR>[Stack]<UL><LI>Max Depth = 1320 + Unknown Stack Size
<LI>Call Chain = lfs_file_close_ &rArr; lfs_file_sync_ &rArr; lfs_dir_commit &rArr; lfs_fs_deorphan &rArr; lfs_dir_orphaningcommit &rArr; lfs_dir_relocatingcommit &rArr; OUTLINED_FUNCTION_77 &rArr; lfs_dir_split &rArr; lfs_dir_compact &rArr; lfs_alloc &rArr; lfs_fs_traverse_ &rArr; lfs_dir_fetch &rArr; lfs_dir_fetchmatch &rArr; lfs_bd_crc &rArr; OUTLINED_FUNCTION_94 &rArr; lfs_bd_read &rArr; __aeabi_assert &rArr; abort &rArr; __rt_SIGABRT &rArr; __rt_SIGABRT_inner &rArr; __default_signal_display &rArr; _ttywrch
</UL>
<BR>[Calls]<UL><LI><a href="#[6d]">&gt;&gt;</a>&nbsp;&nbsp;&nbsp;free
<LI><a href="#[2bc]">&gt;&gt;</a>&nbsp;&nbsp;&nbsp;lfs_mlist_remove
<LI><a href="#[31f]">&gt;&gt;</a>&nbsp;&nbsp;&nbsp;lfs_file_sync_
</UL>
<BR>[Called By]<UL><LI><a href="#[2b0]">&gt;&gt;</a>&nbsp;&nbsp;&nbsp;lfs_file_close
<LI><a href="#[2ac]">&gt;&gt;</a>&nbsp;&nbsp;&nbsp;lfs_file_open
</UL>

<P><STRONG><a name="[31f]"></a>lfs_file_sync_</STRONG> (Thumb, 160 bytes, Stack size 40 bytes, lto-llvm-27697e.o(.text.lfs_file_sync_))
<BR><BR>[Stack]<UL><LI>Max Depth = 1304 + Unknown Stack Size
<LI>Call Chain = lfs_file_sync_ &rArr; lfs_dir_commit &rArr; lfs_fs_deorphan &rArr; lfs_dir_orphaningcommit &rArr; lfs_dir_relocatingcommit &rArr; OUTLINED_FUNCTION_77 &rArr; lfs_dir_split &rArr; lfs_dir_compact &rArr; lfs_alloc &rArr; lfs_fs_traverse_ &rArr; lfs_dir_fetch &rArr; lfs_dir_fetchmatch &rArr; lfs_bd_crc &rArr; OUTLINED_FUNCTION_94 &rArr; lfs_bd_read &rArr; __aeabi_assert &rArr; abort &rArr; __rt_SIGABRT &rArr; __rt_SIGABRT_inner &rArr; __default_signal_display &rArr; _ttywrch
</UL>
<BR>[Calls]<UL><LI><a href="#[304]">&gt;&gt;</a>&nbsp;&nbsp;&nbsp;lfs_bd_sync
<LI><a href="#[31a]">&gt;&gt;</a>&nbsp;&nbsp;&nbsp;lfs_file_flush
<LI><a href="#[245]">&gt;&gt;</a>&nbsp;&nbsp;&nbsp;lfs_dir_commit
</UL>
<BR>[Called By]<UL><LI><a href="#[2f6]">&gt;&gt;</a>&nbsp;&nbsp;&nbsp;lfs_file_sync
<LI><a href="#[31e]">&gt;&gt;</a>&nbsp;&nbsp;&nbsp;lfs_file_close_
</UL>

<P><STRONG><a name="[1db]"></a>USBD_CtlError</STRONG> (Thumb, 28 bytes, Stack size 8 bytes, lto-llvm-27697e.o(.text.USBD_CtlError))
<BR><BR>[Stack]<UL><LI>Max Depth = 24<LI>Call Chain = USBD_CtlError &rArr; USBD_LL_StallEP &rArr; USB_EP0_OutStart
</UL>
<BR>[Calls]<UL><LI><a href="#[1dc]">&gt;&gt;</a>&nbsp;&nbsp;&nbsp;USBD_LL_StallEP
</UL>
<BR>[Called By]<UL><LI><a href="#[1da]">&gt;&gt;</a>&nbsp;&nbsp;&nbsp;HAL_PCD_SetupStageCallback
<LI><a href="#[1de]">&gt;&gt;</a>&nbsp;&nbsp;&nbsp;OUTLINED_FUNCTION_111
</UL>

<P><STRONG><a name="[1dd]"></a>OUTLINED_FUNCTION_112</STRONG> (Thumb, 6 bytes, Stack size 0 bytes, lto-llvm-27697e.o(.text.OUTLINED_FUNCTION_112))
<BR><BR>[Stack]<UL><LI>Max Depth = 40<LI>Call Chain = OUTLINED_FUNCTION_112 &rArr; USBD_CtlSendStatus &rArr; USBD_LL_Transmit &rArr; USB_EPStartXfer &rArr; USB_WritePacket
</UL>
<BR>[Calls]<UL><LI><a href="#[1d7]">&gt;&gt;</a>&nbsp;&nbsp;&nbsp;USBD_CtlSendStatus
</UL>
<BR>[Called By]<UL><LI><a href="#[1da]">&gt;&gt;</a>&nbsp;&nbsp;&nbsp;HAL_PCD_SetupStageCallback
</UL>

<P><STRONG><a name="[1de]"></a>OUTLINED_FUNCTION_111</STRONG> (Thumb, 6 bytes, Stack size 0 bytes, lto-llvm-27697e.o(.text.OUTLINED_FUNCTION_111))
<BR><BR>[Stack]<UL><LI>Max Depth = 24<LI>Call Chain = OUTLINED_FUNCTION_111 &rArr; USBD_CtlError &rArr; USBD_LL_StallEP &rArr; USB_EP0_OutStart
</UL>
<BR>[Calls]<UL><LI><a href="#[1db]">&gt;&gt;</a>&nbsp;&nbsp;&nbsp;USBD_CtlError
</UL>
<BR>[Called By]<UL><LI><a href="#[1da]">&gt;&gt;</a>&nbsp;&nbsp;&nbsp;HAL_PCD_SetupStageCallback
</UL>

<P><STRONG><a name="[1d7]"></a>USBD_CtlSendStatus</STRONG> (Thumb, 18 bytes, Stack size 0 bytes, lto-llvm-27697e.o(.text.USBD_CtlSendStatus))
<BR><BR>[Stack]<UL><LI>Max Depth = 40<LI>Call Chain = USBD_CtlSendStatus &rArr; USBD_LL_Transmit &rArr; USB_EPStartXfer &rArr; USB_WritePacket
</UL>
<BR>[Calls]<UL><LI><a href="#[213]">&gt;&gt;</a>&nbsp;&nbsp;&nbsp;USBD_LL_Transmit
</UL>
<BR>[Called By]<UL><LI><a href="#[1da]">&gt;&gt;</a>&nbsp;&nbsp;&nbsp;HAL_PCD_SetupStageCallback
<LI><a href="#[1d5]">&gt;&gt;</a>&nbsp;&nbsp;&nbsp;HAL_PCD_DataOutStageCallback
<LI><a href="#[1dd]">&gt;&gt;</a>&nbsp;&nbsp;&nbsp;OUTLINED_FUNCTION_112
</UL>

<P><STRONG><a name="[1df]"></a>USBD_CtlSendData</STRONG> (Thumb, 20 bytes, Stack size 0 bytes, lto-llvm-27697e.o(.text.USBD_CtlSendData))
<BR><BR>[Stack]<UL><LI>Max Depth = 40<LI>Call Chain = USBD_CtlSendData &rArr; USBD_LL_Transmit &rArr; USB_EPStartXfer &rArr; USB_WritePacket
</UL>
<BR>[Calls]<UL><LI><a href="#[213]">&gt;&gt;</a>&nbsp;&nbsp;&nbsp;USBD_LL_Transmit
</UL>
<BR>[Called By]<UL><LI><a href="#[1da]">&gt;&gt;</a>&nbsp;&nbsp;&nbsp;HAL_PCD_SetupStageCallback
</UL>

<P><STRONG><a name="[1ba]"></a>AddRoundKey</STRONG> (Thumb, 40 bytes, Stack size 16 bytes, lto-llvm-27697e.o(.text.AddRoundKey))
<BR><BR>[Stack]<UL><LI>Max Depth = 16<LI>Call Chain = AddRoundKey
</UL>
<BR>[Called By]<UL><LI><a href="#[1b8]">&gt;&gt;</a>&nbsp;&nbsp;&nbsp;AES_CBC_decrypt_buffer
</UL>

<P><STRONG><a name="[287]"></a>OUTLINED_FUNCTION_86</STRONG> (Thumb, 8 bytes, Stack size 0 bytes, lto-llvm-27697e.o(.text.OUTLINED_FUNCTION_86))
<BR><BR>[Called By]<UL><LI><a href="#[286]">&gt;&gt;</a>&nbsp;&nbsp;&nbsp;aes_decrypt_to_flash
</UL>

<P><STRONG><a name="[230]"></a>buffer_skip_whitespace</STRONG> (Thumb, 46 bytes, Stack size 8 bytes, lto-llvm-27697e.o(.text.buffer_skip_whitespace))
<BR><BR>[Stack]<UL><LI>Max Depth = 8<LI>Call Chain = buffer_skip_whitespace
</UL>
<BR>[Called By]<UL><LI><a href="#[289]">&gt;&gt;</a>&nbsp;&nbsp;&nbsp;cJSON_Parse
<LI><a href="#[22f]">&gt;&gt;</a>&nbsp;&nbsp;&nbsp;OUTLINED_FUNCTION_16
<LI><a href="#[28a]">&gt;&gt;</a>&nbsp;&nbsp;&nbsp;parse_value
</UL>

<P><STRONG><a name="[28a]"></a>parse_value</STRONG> (Thumb, 728 bytes, Stack size 104 bytes, lto-llvm-27697e.o(.text.parse_value))
<BR><BR>[Stack]<UL><LI>Max Depth = 564 + Unknown Stack Size
 + In Cycle
<LI>Call Chain = parse_value &rArr;  parse_value (Cycle)
</UL>
<BR>[Calls]<UL><LI><a href="#[32f]">&gt;&gt;</a>&nbsp;&nbsp;&nbsp;__hardfp_strtod
<LI><a href="#[32e]">&gt;&gt;</a>&nbsp;&nbsp;&nbsp;strncmp
<LI><a href="#[329]">&gt;&gt;</a>&nbsp;&nbsp;&nbsp;__aeabi_memclr8
<LI><a href="#[21f]">&gt;&gt;</a>&nbsp;&nbsp;&nbsp;cJSON_Delete
<LI><a href="#[332]">&gt;&gt;</a>&nbsp;&nbsp;&nbsp;__aeabi_d2iz
<LI><a href="#[331]">&gt;&gt;</a>&nbsp;&nbsp;&nbsp;__aeabi_dcmple
<LI><a href="#[330]">&gt;&gt;</a>&nbsp;&nbsp;&nbsp;__aeabi_dcmpge
<LI><a href="#[335]">&gt;&gt;</a>&nbsp;&nbsp;&nbsp;OUTLINED_FUNCTION_100
<LI><a href="#[334]">&gt;&gt;</a>&nbsp;&nbsp;&nbsp;OUTLINED_FUNCTION_99
<LI><a href="#[333]">&gt;&gt;</a>&nbsp;&nbsp;&nbsp;OUTLINED_FUNCTION_96
<LI><a href="#[22f]">&gt;&gt;</a>&nbsp;&nbsp;&nbsp;OUTLINED_FUNCTION_16
<LI><a href="#[32c]">&gt;&gt;</a>&nbsp;&nbsp;&nbsp;parse_string
<LI><a href="#[28a]">&gt;&gt;</a>&nbsp;&nbsp;&nbsp;parse_value
<LI><a href="#[230]">&gt;&gt;</a>&nbsp;&nbsp;&nbsp;buffer_skip_whitespace
</UL>
<BR>[Called By]<UL><LI><a href="#[289]">&gt;&gt;</a>&nbsp;&nbsp;&nbsp;cJSON_Parse
<LI><a href="#[28a]">&gt;&gt;</a>&nbsp;&nbsp;&nbsp;parse_value
</UL>

<P><STRONG><a name="[32c]"></a>parse_string</STRONG> (Thumb, 436 bytes, Stack size 40 bytes, lto-llvm-27697e.o(.text.parse_string))
<BR><BR>[Stack]<UL><LI>Max Depth = 48<LI>Call Chain = parse_string &rArr; parse_hex4
</UL>
<BR>[Calls]<UL><LI><a href="#[32d]">&gt;&gt;</a>&nbsp;&nbsp;&nbsp;parse_hex4
</UL>
<BR>[Called By]<UL><LI><a href="#[28a]">&gt;&gt;</a>&nbsp;&nbsp;&nbsp;parse_value
</UL>

<P><STRONG><a name="[22f]"></a>OUTLINED_FUNCTION_16</STRONG> (Thumb, 10 bytes, Stack size 0 bytes, lto-llvm-27697e.o(.text.OUTLINED_FUNCTION_16))
<BR><BR>[Stack]<UL><LI>Max Depth = 8<LI>Call Chain = OUTLINED_FUNCTION_16 &rArr; buffer_skip_whitespace
</UL>
<BR>[Calls]<UL><LI><a href="#[230]">&gt;&gt;</a>&nbsp;&nbsp;&nbsp;buffer_skip_whitespace
</UL>
<BR>[Called By]<UL><LI><a href="#[28a]">&gt;&gt;</a>&nbsp;&nbsp;&nbsp;parse_value
</UL>

<P><STRONG><a name="[333]"></a>OUTLINED_FUNCTION_96</STRONG> (Thumb, 8 bytes, Stack size 0 bytes, lto-llvm-27697e.o(.text.OUTLINED_FUNCTION_96))
<BR><BR>[Called By]<UL><LI><a href="#[28a]">&gt;&gt;</a>&nbsp;&nbsp;&nbsp;parse_value
</UL>

<P><STRONG><a name="[334]"></a>OUTLINED_FUNCTION_99</STRONG> (Thumb, 14 bytes, Stack size 0 bytes, lto-llvm-27697e.o(.text.OUTLINED_FUNCTION_99))
<BR><BR>[Called By]<UL><LI><a href="#[28a]">&gt;&gt;</a>&nbsp;&nbsp;&nbsp;parse_value
</UL>

<P><STRONG><a name="[335]"></a>OUTLINED_FUNCTION_100</STRONG> (Thumb, 14 bytes, Stack size 0 bytes, lto-llvm-27697e.o(.text.OUTLINED_FUNCTION_100))
<BR><BR>[Called By]<UL><LI><a href="#[28a]">&gt;&gt;</a>&nbsp;&nbsp;&nbsp;parse_value
</UL>

<P><STRONG><a name="[32d]"></a>parse_hex4</STRONG> (Thumb, 72 bytes, Stack size 8 bytes, lto-llvm-27697e.o(.text.parse_hex4))
<BR><BR>[Stack]<UL><LI>Max Depth = 8<LI>Call Chain = parse_hex4
</UL>
<BR>[Called By]<UL><LI><a href="#[32c]">&gt;&gt;</a>&nbsp;&nbsp;&nbsp;parse_string
</UL>

<P><STRONG><a name="[1f4]"></a>MD5Transform</STRONG> (Thumb, 1608 bytes, Stack size 376 bytes, lto-llvm-27697e.o(.text.MD5Transform))
<BR><BR>[Stack]<UL><LI>Max Depth = 376<LI>Call Chain = MD5Transform
</UL>
<BR>[Called By]<UL><LI><a href="#[1f3]">&gt;&gt;</a>&nbsp;&nbsp;&nbsp;MD5Update
</UL>
<P>
<H3>
Undefined Global Symbols
</H3><HR></body></html>
