<html>
<body>
<pre>
<h1>µVision Build Log</h1>
<h2>Tool Versions:</h2>
IDE-Version: ¦ÌVision V5.39.0.0
Copyright (C) 2023 ARM Ltd and ARM Germany GmbH. All rights reserved.
License Information: 1 3125497423@qq.com, 1, LIC=ZB4EI-TT5VM-TGU7T-RKW2R-DMA3Q-69905
 
Tool Versions:
Toolchain:       MDK-ARM Plus  Version: 5.39.0.0
Toolchain Path:  C:\Keil_v5\ARM\ARMCLANG\Bin
C Compiler:      ArmClang.exe V6.21
Assembler:       Armasm.exe V6.21
Linker/Locator:  ArmLink.exe V6.21
Library Manager: ArmAr.exe V6.21
Hex Converter:   FromElf.exe V6.21
CPU DLL:         SARMCM3.DLL V5.39.0.0
Dialog DLL:      DCM.DLL V1.17.5.0
Target DLL:      Segger\JL2CM3.dll V2.99.43.0
Dialog DLL:      TCM.DLL V1.56.4.0
 
<h2>Project:</h2>
d:\edgedownload\STM32F407VGT6_Bootloader\MDK-ARM\STM32F407VGT6_Bootloader.uvprojx
Project File Date:  04/29/2026

<h2>Output:</h2>
*** Using Compiler 'V6.21', folder: 'C:\Keil_v5\ARM\ARMCLANG\Bin'
Rebuild target 'STM32F407VGT6_Bootloader'
assembling startup_stm32f407xx.s...
compiling system_stm32f4xx.c...
compiling main.c...
compiling flash_if.c...
compiling common.c...
compiling stm32f4xx_hal_msp.c...
compiling gpio.c...
compiling tim.c...
compiling dma.c...
compiling rtc.c...
compiling sdio.c...
compiling usart.c...
compiling stm32f4xx_it.c...
compiling spi.c...
compiling hpatch_upgrade.c...
compiling led.c...
compiling platform_gpio_led_stm32_impl.c...
compiling platform_pwm_led_stm32_impl.c...
compiling ymodem.c...
compiling menu.c...
compiling service_notify.c...
compiling stm32f4xx_hal_pcd_ex.c...
compiling stm32f4xx_hal_rcc_ex.c...
compiling stm32f4xx_hal_pcd.c...
compiling stm32f4xx_hal_flash_ex.c...
compiling stm32f4xx_hal_flash.c...
compiling stm32f4xx_hal_rcc.c...
compiling stm32f4xx_hal_gpio.c...
compiling stm32f4xx_hal_flash_ramfunc.c...
compiling stm32f4xx_hal_pwr.c...
compiling stm32f4xx_hal_dma_ex.c...
compiling stm32f4xx_hal_pwr_ex.c...
compiling stm32f4xx_hal_dma.c...
compiling stm32f4xx_ll_usb.c...
compiling stm32f4xx_hal.c...
compiling stm32f4xx_hal_cortex.c...
compiling stm32f4xx_hal_exti.c...
compiling stm32f4xx_hal_rtc.c...
compiling stm32f4xx_hal_rtc_ex.c...
compiling stm32f4xx_ll_sdmmc.c...
compiling stm32f4xx_hal_mmc.c...
compiling fatfs_platform.c...
compiling bsp_driver_sd.c...
compiling fatfs.c...
compiling diskio.c...
compiling sd_diskio.c...
compiling bootloader_core.c...
compiling ff_gen_drv.c...
compiling stm32f4xx_hal_sd.c...
compiling stm32f4xx_hal_spi.c...
compiling stm32f4xx_hal_tim_ex.c...
compiling syscall.c...
compiling stm32f4xx_hal_uart.c...
compiling ccsbcs.c...
compiling stm32f4xx_hal_tim.c...
compiling lfs_util.c...
compiling lfs_spi_flash_adapter.c...
compiling w25q128.c...
compiling usbd_storage_if.c...
compiling usb_device.c...
compiling usbd_desc.c...
compiling usbd_conf.c...
compiling usbd_ioreq.c...
compiling usbd_msc.c...
compiling ff.c...
compiling usbd_core.c...
compiling usbd_msc_data.c...
compiling usbd_msc_bot.c...
compiling usbd_ctlreq.c...
compiling aes.c...
compiling usbd_msc_scsi.c...
compiling bspatch.c...
compiling bsdiff.c...
compiling aes_decrypt.c...
compiling hkdf.c...
compiling tuz_dec.c...
compiling hpatch_lite.c...
compiling lfs.c...
compiling md5.c...
compiling esp8266_driver.c...
compiling esp8266_uart.c...
compiling esp8266_ota_api.c...
compiling onenet_http_source.c...
compiling transport.c...
compiling esp8266_mqtt.c...
compiling cJSON.c...
compiling onenet_ota.c...
linking...
Program Size: Code=102640 RO-data=20784 RW-data=664 ZI-data=98392  
FromELF: creating hex file...
"STM32F407VGT6_Bootloader\STM32F407VGT6_Bootloader.axf" - 0 Error(s), 0 Warning(s).

<h2>Software Packages used:</h2>

Package Vendor: ARM
                https://www.keil.com/pack/ARM.CMSIS.6.1.0.pack
                ARM::CMSIS@6.1.0
                CMSIS (Common Microcontroller Software Interface Standard)
   * Component: CORE Version: 6.1.0

Package Vendor: Keil
                https://www.keil.com/pack/Keil.STM32F4xx_DFP.3.1.0.pack
                Keil::STM32F4xx_DFP@3.1.0
                STMicroelectronics STM32F4 Series Device Support

<h2>Collection of Component include folders:</h2>
  ./RTE/_STM32F407VGT6_Bootloader
  C:/Users/31254/AppData/Local/Arm/Packs/ARM/CMSIS/6.1.0/CMSIS/Core/Include

<h2>Collection of Component Files used:</h2>

   * Component: ARM::CMSIS:CORE@6.1.0
      Include file:  CMSIS/Core/Include/tz_context.h
Build Time Elapsed:  00:00:05
</pre>
</body>
</html>
