Component: ARM Compiler 5.06 update 7 (build 960) Tool: armlink [4d3601]

==============================================================================

Section Cross References

    startup_stm32f407xx.o(STACK) refers (Special) to heapauxi.o(.text) for __use_two_region_memory
    startup_stm32f407xx.o(HEAP) refers (Special) to heapauxi.o(.text) for __use_two_region_memory
    startup_stm32f407xx.o(CCMRAM) refers (Special) to heapauxi.o(.text) for __use_two_region_memory
    startup_stm32f407xx.o(RESET) refers (Special) to heapauxi.o(.text) for __use_two_region_memory
    startup_stm32f407xx.o(RESET) refers to startup_stm32f407xx.o(STACK) for __initial_sp
    startup_stm32f407xx.o(RESET) refers to startup_stm32f407xx.o(.text) for Reset_Handler
    startup_stm32f407xx.o(RESET) refers to stm32f4xx_it.o(i.NMI_Handler) for NMI_Handler
    startup_stm32f407xx.o(RESET) refers to stm32f4xx_it.o(i.HardFault_Handler) for HardFault_Handler
    startup_stm32f407xx.o(RESET) refers to stm32f4xx_it.o(i.MemManage_Handler) for MemManage_Handler
    startup_stm32f407xx.o(RESET) refers to stm32f4xx_it.o(i.BusFault_Handler) for BusFault_Handler
    startup_stm32f407xx.o(RESET) refers to stm32f4xx_it.o(i.UsageFault_Handler) for UsageFault_Handler
    startup_stm32f407xx.o(RESET) refers to stm32f4xx_it.o(i.SVC_Handler) for SVC_Handler
    startup_stm32f407xx.o(RESET) refers to stm32f4xx_it.o(i.DebugMon_Handler) for DebugMon_Handler
    startup_stm32f407xx.o(RESET) refers to stm32f4xx_it.o(i.PendSV_Handler) for PendSV_Handler
    startup_stm32f407xx.o(RESET) refers to stm32f4xx_it.o(i.SysTick_Handler) for SysTick_Handler
    startup_stm32f407xx.o(RESET) refers to stm32f4xx_it.o(i.TIM1_UP_TIM10_IRQHandler) for TIM1_UP_TIM10_IRQHandler
    startup_stm32f407xx.o(RESET) refers to stm32f4xx_it.o(i.USART1_IRQHandler) for USART1_IRQHandler
    startup_stm32f407xx.o(RESET) refers to stm32f4xx_it.o(i.SDIO_IRQHandler) for SDIO_IRQHandler
    startup_stm32f407xx.o(RESET) refers to stm32f4xx_it.o(i.UART4_IRQHandler) for UART4_IRQHandler
    startup_stm32f407xx.o(RESET) refers to stm32f4xx_it.o(i.DMA2_Stream2_IRQHandler) for DMA2_Stream2_IRQHandler
    startup_stm32f407xx.o(RESET) refers to stm32f4xx_it.o(i.DMA2_Stream3_IRQHandler) for DMA2_Stream3_IRQHandler
    startup_stm32f407xx.o(RESET) refers to stm32f4xx_it.o(i.OTG_FS_IRQHandler) for OTG_FS_IRQHandler
    startup_stm32f407xx.o(RESET) refers to stm32f4xx_it.o(i.DMA2_Stream6_IRQHandler) for DMA2_Stream6_IRQHandler
    startup_stm32f407xx.o(RESET) refers to stm32f4xx_it.o(i.DMA2_Stream7_IRQHandler) for DMA2_Stream7_IRQHandler
    startup_stm32f407xx.o(.text) refers (Special) to heapauxi.o(.text) for __use_two_region_memory
    startup_stm32f407xx.o(.text) refers to system_stm32f4xx.o(i.SystemInit) for SystemInit
    startup_stm32f407xx.o(.text) refers to __main.o(!!!main) for __main
    startup_stm32f407xx.o(.text) refers to startup_stm32f407xx.o(HEAP) for Heap_Mem
    startup_stm32f407xx.o(.text) refers to startup_stm32f407xx.o(STACK) for Stack_Mem
    main.o(i.HAL_TIM_PeriodElapsedCallback) refers to led.o(i.led_control_task) for led_control_task
    main.o(i.HAL_TIM_PeriodElapsedCallback) refers to led.o(.data) for led_timer_counter
    main.o(i.SystemClock_Config) refers to rt_memclr_w.o(.text) for __aeabi_memclr4
    main.o(i.SystemClock_Config) refers to stm32f4xx_hal_rcc.o(i.HAL_RCC_OscConfig) for HAL_RCC_OscConfig
    main.o(i.SystemClock_Config) refers to stm32f4xx_hal_rcc.o(i.HAL_RCC_ClockConfig) for HAL_RCC_ClockConfig
    main.o(i.main) refers to _printf_percent.o(.ARM.Collect$$_printf_percent$$00000000) for _printf_percent
    main.o(i.main) refers to _printf_s.o(.ARM.Collect$$_printf_percent$$00000014) for _printf_s
    main.o(i.main) refers to _printf_str.o(.text) for _printf_str
    main.o(i.main) refers to _printf_d.o(.ARM.Collect$$_printf_percent$$00000009) for _printf_d
    main.o(i.main) refers to _printf_dec.o(.text) for _printf_int_dec
    main.o(i.main) refers to stm32f4xx_hal.o(i.HAL_Init) for HAL_Init
    main.o(i.main) refers to main.o(i.SystemClock_Config) for SystemClock_Config
    main.o(i.main) refers to gpio.o(i.MX_GPIO_Init) for MX_GPIO_Init
    main.o(i.main) refers to dma.o(i.MX_DMA_Init) for MX_DMA_Init
    main.o(i.main) refers to usart.o(i.MX_UART4_Init) for MX_UART4_Init
    main.o(i.main) refers to tim.o(i.MX_TIM1_Init) for MX_TIM1_Init
    main.o(i.main) refers to fatfs.o(i.MX_FATFS_Init) for MX_FATFS_Init
    main.o(i.main) refers to rtc.o(i.MX_RTC_Init) for MX_RTC_Init
    main.o(i.main) refers to spi.o(i.MX_SPI1_Init) for MX_SPI1_Init
    main.o(i.main) refers to usart.o(i.MX_USART1_UART_Init) for MX_USART1_UART_Init
    main.o(i.main) refers to sdio.o(i.MX_SDIO_SD_Init_Fix) for MX_SDIO_SD_Init_Fix
    main.o(i.main) refers to common.o(i.Common_Init) for Common_Init
    main.o(i.main) refers to w25q128.o(i.w25q128_init) for w25q128_init
    main.o(i.main) refers to stm32f4xx_hal_tim.o(i.HAL_TIM_Base_Start_IT) for HAL_TIM_Base_Start_IT
[...]
    0x08008820   0x08008820   0x00000758   Code   RO          905    i.HPatchUpgradeLFS  menu.o
    0x08008f78   0x08008f78   0x00000188   Code   RO          906    i.HPatchUpgradeMenu  menu.o
    0x08009100   0x08009100   0x00000780   Code   RO          907    i.HPatchUpgradeSDCard  menu.o
    0x08009880   0x08009880   0x00000002   Code   RO          595    i.HardFault_Handler  stm32f4xx_it.o
    0x08009882   0x08009882   0x00000002   PAD
    0x08009884   0x08009884   0x00000250   Code   RO          908    i.ImageDownloadMenu  menu.o
    0x08009ad4   0x08009ad4   0x00000040   Code   RO          785    i.Int2Str           common.o
    0x08009b14   0x08009b14   0x00000038   Code   RO         7524    i.IntToUnicode      usbd_desc.o
    0x08009b4c   0x08009b4c   0x00000088   Code   RO         8478    i.InvCipher         aes.o
    0x08009bd4   0x08009bd4   0x000003a4   Code   RO         8479    i.InvMixColumns     aes.o
    0x08009f78   0x08009f78   0x000000d8   Code   RO         8480    i.KeyExpansion      aes.o
    0x0800a050   0x0800a050   0x00000026   Code   RO         9518    i.MD5Decode         md5.o
    0x0800a076   0x0800a076   0x00000032   Code   RO         9519    i.MD5Encode         md5.o
    0x0800a0a8   0x0800a0a8   0x0000004c   Code   RO         9520    i.MD5Final          md5.o
    0x0800a0f4   0x0800a0f4   0x00000024   Code   RO         9521    i.MD5Init           md5.o
    0x0800a118   0x0800a118   0x000006b4   Code   RO         9522    i.MD5Transform      md5.o
    0x0800a7cc   0x0800a7cc   0x00000076   Code   RO         9523    i.MD5Update         md5.o
    0x0800a842   0x0800a842   0x00000002   PAD
    0x0800a844   0x0800a844   0x00000060   Code   RO         8260    i.MSC_BOT_Abort     usbd_msc_bot.o
    0x0800a8a4   0x0800a8a4   0x000000f0   Code   RO         8261    i.MSC_BOT_CBW_Decode  usbd_msc_bot.o
    0x0800a994   0x0800a994   0x00000050   Code   RO         8262    i.MSC_BOT_CplClrFeature  usbd_msc_bot.o
    0x0800a9e4   0x0800a9e4   0x00000046   Code   RO         8263    i.MSC_BOT_DataIn    usbd_msc_bot.o
    0x0800aa2a   0x0800aa2a   0x00000046   Code   RO         8264    i.MSC_BOT_DataOut   usbd_msc_bot.o
    0x0800aa70   0x0800aa70   0x00000016   Code   RO         8265    i.MSC_BOT_DeInit    usbd_msc_bot.o
    0x0800aa86   0x0800aa86   0x00000002   PAD
    0x0800aa88   0x0800aa88   0x00000068   Code   RO         8266    i.MSC_BOT_Init      usbd_msc_bot.o
    0x0800aaf0   0x0800aaf0   0x0000004c   Code   RO         8267    i.MSC_BOT_Reset     usbd_msc_bot.o
    0x0800ab3c   0x0800ab3c   0x00000054   Code   RO         8268    i.MSC_BOT_SendCSW   usbd_msc_bot.o
    0x0800ab90   0x0800ab90   0x0000005c   Code   RO          319    i.MX_DMA_Init       dma.o
    0x0800abec   0x0800abec   0x0000001c   Code   RO         5957    i.MX_FATFS_Init     fatfs.o
    0x0800ac08   0x0800ac08   0x000000c4   Code   RO          295    i.MX_GPIO_Init      gpio.o
    0x0800accc   0x0800accc   0x00000080   Code   RO          345    i.MX_RTC_Init       rtc.o
    0x0800ad4c   0x0800ad4c   0x00000020   Code   RO          388    i.MX_SDIO_SD_Init_Fix  sdio.o
    0x0800ad6c   0x0800ad6c   0x00000048   Code   RO          435    i.MX_SPI1_Init      spi.o
    0x0800adb4   0x0800adb4   0x0000006c   Code   RO          477    i.MX_TIM1_Init      tim.o
    0x0800ae20   0x0800ae20   0x00000038   Code   RO          519    i.MX_UART4_Init     usart.o
    0x0800ae58   0x0800ae58   0x00000048   Code   RO          520    i.MX_USART1_UART_Init  usart.o
    0x0800aea0   0x0800aea0   0x00000054   Code   RO         7470    i.MX_USB_DEVICE_Init  usb_device.o
    0x0800aef4   0x0800aef4   0x000005f8   Code   RO          909    i.Main_Menu         menu.o
    0x0800b4ec   0x0800b4ec   0x00000002   Code   RO          596    i.MemManage_Handler  stm32f4xx_it.o
    0x0800b4ee   0x0800b4ee   0x00000002   Code   RO          597    i.NMI_Handler       stm32f4xx_it.o
    0x0800b4f0   0x0800b4f0   0x00000178   Code   RO         9768    i.ONENET_OTA_ProcessUpgrade  onenet_ota.o
    0x0800b668   0x0800b668   0x000000b4   Code   RO         9941    i.OTA_SetPendingImage  ota_flash.o
    0x0800b71c   0x0800b71c   0x000000c8   Code   RO         9943    i.OTA_WriteMeta     ota_flash.o
    0x0800b7e4   0x0800b7e4   0x0000000c   Code   RO          598    i.OTG_FS_IRQHandler  stm32f4xx_it.o
    0x0800b7f0   0x0800b7f0   0x000000cc   Code   RO         1312    i.PCD_EP_OutXfrComplete_int  stm32f4xx_hal_pcd.o
    0x0800b8bc   0x0800b8bc   0x000000a2   Code   RO         1313    i.PCD_WriteEmptyTxFifo  stm32f4xx_hal_pcd.o
    0x0800b95e   0x0800b95e   0x00000002   Code   RO          599    i.PendSV_Handler    stm32f4xx_it.o
    0x0800b960   0x0800b960   0x00000012   Code   RO         3034    i.RTC_Bcd2ToByte    stm32f4xx_hal_rtc.o
    0x0800b972   0x0800b972   0x00000016   Code   RO         3035    i.RTC_ByteToBcd2    stm32f4xx_hal_rtc.o
    0x0800b988   0x0800b988   0x00000048   Code   RO         3036    i.RTC_EnterInitMode  stm32f4xx_hal_rtc.o
    0x0800b9d0   0x0800b9d0   0x0000002a   Code   RO         3037    i.RTC_ExitInitMode  stm32f4xx_hal_rtc.o
    0x0800b9fa   0x0800b9fa   0x00000002   PAD
    0x0800b9fc   0x0800b9fc   0x000000bc   Code   RO         1188    i.ReceivePacket     ymodem.o
    0x0800bab8   0x0800bab8   0x00000034   Code   RO         8360    i.SCSI_CheckAddressRange  usbd_msc_scsi.o
    0x0800baec   0x0800baec   0x0000007c   Code   RO         8361    i.SCSI_Inquiry      usbd_msc_scsi.o
    0x0800bb68   0x0800bb68   0x000001e8   Code   RO         8362    i.SCSI_ProcessCmd   usbd_msc_scsi.o
    0x0800bd50   0x0800bd50   0x000000a4   Code   RO         8363    i.SCSI_ProcessRead  usbd_msc_scsi.o
    0x0800bdf4   0x0800bdf4   0x000000b0   Code   RO         8364    i.SCSI_ProcessWrite  usbd_msc_scsi.o
    0x0800bea4   0x0800bea4   0x000000b0   Code   RO         8365    i.SCSI_Read10       usbd_msc_scsi.o
    0x0800bf54   0x0800bf54   0x000000ba   Code   RO         8366    i.SCSI_Read12       usbd_msc_scsi.o
    0x0800c00e   0x0800c00e   0x00000086   Code   RO         8367    i.SCSI_ReadCapacity10  usbd_msc_scsi.o
    0x0800c094   0x0800c094   0x000000b8   Code   RO         8368    i.SCSI_ReadCapacity16  usbd_msc_scsi.o
    0x0800c14c   0x0800c14c   0x00000086   Code   RO         8369    i.SCSI_ReadFormatCapacity  usbd_msc_scsi.o
    0x0800c1d2   0x0800c1d2   0x00000002   PAD
    0x0800c1d4   0x0800c1d4   0x0000005c   Code   RO         8370    i.SCSI_ReportLuns   usbd_msc_scsi.o
    0x0800c230   0x0800c230   0x00000088   Code   RO         8371    i.SCSI_RequestSense  usbd_msc_scsi.o
    0x0800c2b8   0x0800c2b8   0x0000004c   Code   RO         8372    i.SCSI_SenseCode    usbd_msc_scsi.o
    0x0800c304   0x0800c304   0x00000060   Code   RO         8373    i.SCSI_TestUnitReady  usbd_msc_scsi.o
    0x0800c364   0x0800c364   0x00000020   Code   RO         8374    i.SCSI_UpdateBotData  usbd_msc_scsi.o
    0x0800c384   0x0800c384   0x000000e4   Code   RO         8375    i.SCSI_Write10      usbd_msc_scsi.o
    0x0800c468   0x0800c468   0x000000f8   Code   RO         8376    i.SCSI_Write12      usbd_msc_scsi.o
    0x0800c560   0x0800c560   0x00000338   Code   RO          910    i.SDCardDownload    menu.o
    0x0800c898   0x0800c898   0x00000024   Code   RO         3412    i.SDIO_ConfigData   stm32f4xx_ll_sdmmc.o
    0x0800c8bc   0x0800c8bc   0x00000008   Code   RO         3416    i.SDIO_GetPowerState  stm32f4xx_ll_sdmmc.o
    0x0800c8c4   0x0800c8c4   0x00000006   Code   RO         3417    i.SDIO_GetResponse  stm32f4xx_ll_sdmmc.o
    0x0800c8ca   0x0800c8ca   0x00000002   PAD
    0x0800c8cc   0x0800c8cc   0x0000000c   Code   RO          600    i.SDIO_IRQHandler   stm32f4xx_it.o
    0x0800c8d8   0x0800c8d8   0x00000024   Code   RO         3418    i.SDIO_Init         stm32f4xx_ll_sdmmc.o
    0x0800c8fc   0x0800c8fc   0x00000008   Code   RO         3420    i.SDIO_PowerState_ON  stm32f4xx_ll_sdmmc.o
    0x0800c904   0x0800c904   0x00000006   Code   RO         3421    i.SDIO_ReadFIFO     stm32f4xx_ll_sdmmc.o
    0x0800c90a   0x0800c90a   0x00000020   Code   RO         3422    i.SDIO_SendCommand  stm32f4xx_ll_sdmmc.o
    0x0800c92a   0x0800c92a   0x0000000a   Code   RO         3424    i.SDIO_WriteFIFO    stm32f4xx_ll_sdmmc.o
    0x0800c934   0x0800c934   0x00000032   Code   RO         3425    i.SDMMC_CmdAppCommand  stm32f4xx_ll_sdmmc.o
    0x0800c966   0x0800c966   0x00000002   PAD
    0x0800c968   0x0800c968   0x00000034   Code   RO         3426    i.SDMMC_CmdAppOperCommand  stm32f4xx_ll_sdmmc.o
    0x0800c99c   0x0800c99c   0x00000032   Code   RO         3427    i.SDMMC_CmdBlockLength  stm32f4xx_ll_sdmmc.o
    0x0800c9ce   0x0800c9ce   0x00000032   Code   RO         3428    i.SDMMC_CmdBusWidth  stm32f4xx_ll_sdmmc.o
    0x0800ca00   0x0800ca00   0x00000050   Code   RO         3432    i.SDMMC_CmdGoIdleState  stm32f4xx_ll_sdmmc.o
    0x0800ca50   0x0800ca50   0x00000030   Code   RO         3434    i.SDMMC_CmdOperCond  stm32f4xx_ll_sdmmc.o
    0x0800ca80   0x0800ca80   0x00000032   Code   RO         3435    i.SDMMC_CmdReadMultiBlock  stm32f4xx_ll_sdmmc.o
    0x0800cab2   0x0800cab2   0x00000032   Code   RO         3436    i.SDMMC_CmdReadSingleBlock  stm32f4xx_ll_sdmmc.o
    0x0800cae4   0x0800cae4   0x00000032   Code   RO         3439    i.SDMMC_CmdSelDesel  stm32f4xx_ll_sdmmc.o
    0x0800cb16   0x0800cb16   0x0000002c   Code   RO         3440    i.SDMMC_CmdSendCID  stm32f4xx_ll_sdmmc.o
    0x0800cb42   0x0800cb42   0x0000002c   Code   RO         3441    i.SDMMC_CmdSendCSD  stm32f4xx_ll_sdmmc.o
    0x0800cb6e   0x0800cb6e   0x00000030   Code   RO         3443    i.SDMMC_CmdSendSCR  stm32f4xx_ll_sdmmc.o
    0x0800cb9e   0x0800cb9e   0x00000032   Code   RO         3444    i.SDMMC_CmdSendStatus  stm32f4xx_ll_sdmmc.o
    0x0800cbd0   0x0800cbd0   0x00000030   Code   RO         3445    i.SDMMC_CmdSetRelAdd  stm32f4xx_ll_sdmmc.o
    0x0800cc00   0x0800cc00   0x00000034   Code   RO         3448    i.SDMMC_CmdStopTransfer  stm32f4xx_ll_sdmmc.o
    0x0800cc34   0x0800cc34   0x00000032   Code   RO         3450    i.SDMMC_CmdWriteMultiBlock  stm32f4xx_ll_sdmmc.o
    0x0800cc66   0x0800cc66   0x00000032   Code   RO         3451    i.SDMMC_CmdWriteSingleBlock  stm32f4xx_ll_sdmmc.o
    0x0800cc98   0x0800cc98   0x00000120   Code   RO         3452    i.SDMMC_GetCmdResp1  stm32f4xx_ll_sdmmc.o
    0x0800cdb8   0x0800cdb8   0x00000050   Code   RO         3453    i.SDMMC_GetCmdResp2  stm32f4xx_ll_sdmmc.o
    0x0800ce08   0x0800ce08   0x00000044   Code   RO         3454    i.SDMMC_GetCmdResp3  stm32f4xx_ll_sdmmc.o
    0x0800ce4c   0x0800ce4c   0x00000088   Code   RO         3455    i.SDMMC_GetCmdResp6  stm32f4xx_ll_sdmmc.o
    0x0800ced4   0x0800ced4   0x00000058   Code   RO         3456    i.SDMMC_GetCmdResp7  stm32f4xx_ll_sdmmc.o
    0x0800cf2c   0x0800cf2c   0x00000020   Code   RO         5858    i.SD_CheckStatus    sd_diskio.o
    0x0800cf4c   0x0800cf4c   0x00000024   Code   RO         5859    i.SD_CheckStatusWithTimeout  sd_diskio.o
    0x0800cf70   0x0800cf70   0x00000064   Code   RO         3725    i.SD_DMAError       stm32f4xx_hal_sd.o
    0x0800cfd4   0x0800cfd4   0x00000042   Code   RO         3726    i.SD_DMAReceiveCplt  stm32f4xx_hal_sd.o
    0x0800d016   0x0800d016   0x00000044   Code   RO         3727    i.SD_DMARxAbort     stm32f4xx_hal_sd.o
    0x0800d05a   0x0800d05a   0x0000000e   Code   RO         3728    i.SD_DMATransmitCplt  stm32f4xx_hal_sd.o
    0x0800d068   0x0800d068   0x00000044   Code   RO         3729    i.SD_DMATxAbort     stm32f4xx_hal_sd.o
    0x0800d0ac   0x0800d0ac   0x000000e0   Code   RO         3730    i.SD_FindSCR        stm32f4xx_hal_sd.o
    0x0800d18c   0x0800d18c   0x000000ee   Code   RO         3731    i.SD_InitCard       stm32f4xx_hal_sd.o
    0x0800d27a   0x0800d27a   0x00000002   PAD
    0x0800d27c   0x0800d27c   0x000000b4   Code   RO         3732    i.SD_PowerON        stm32f4xx_hal_sd.o
    0x0800d330   0x0800d330   0x0000001c   Code   RO         5860    i.SD_initialize     sd_diskio.o
    0x0800d34c   0x0800d34c   0x00000050   Code   RO         5861    i.SD_ioctl          sd_diskio.o
    0x0800d39c   0x0800d39c   0x00000078   Code   RO         5862    i.SD_read           sd_diskio.o
    0x0800d414   0x0800d414   0x00000004   Code   RO         5863    i.SD_status         sd_diskio.o
    0x0800d418   0x0800d418   0x00000078   Code   RO         5864    i.SD_write          sd_diskio.o
    0x0800d490   0x0800d490   0x00000384   Code   RO          911    i.SPIFlashDownload  menu.o
    0x0800d814   0x0800d814   0x0000006c   Code   RO         3990    i.SPI_EndRxTxTransaction  stm32f4xx_hal_spi.o
    0x0800d880   0x0800d880   0x000000bc   Code   RO         3995    i.SPI_WaitFlagStateUntilTimeout  stm32f4xx_hal_spi.o
    0x0800d93c   0x0800d93c   0x00000030   Code   RO         7610    i.STORAGE_GetCapacity_FS  usbd_storage_if.o
    0x0800d96c   0x0800d96c   0x00000004   Code   RO         7611    i.STORAGE_GetMaxLun_FS  usbd_storage_if.o
    0x0800d970   0x0800d970   0x00000004   Code   RO         7612    i.STORAGE_Init_FS   usbd_storage_if.o
    0x0800d974   0x0800d974   0x00000004   Code   RO         7613    i.STORAGE_IsReady_FS  usbd_storage_if.o
    0x0800d978   0x0800d978   0x00000004   Code   RO         7614    i.STORAGE_IsWriteProtected_FS  usbd_storage_if.o
    0x0800d97c   0x0800d97c   0x00000028   Code   RO         7615    i.STORAGE_Read_FS   usbd_storage_if.o
    0x0800d9a4   0x0800d9a4   0x00000028   Code   RO         7616    i.STORAGE_Write_FS  usbd_storage_if.o
    0x0800d9cc   0x0800d9cc   0x00000002   Code   RO          601    i.SVC_Handler       stm32f4xx_it.o
    0x0800d9ce   0x0800d9ce   0x0000000a   Code   RO         8037    i.SWAPBYTE          usbd_ctlreq.o
    0x0800d9d8   0x0800d9d8   0x00000174   Code   RO          912    i.SerialDownload    menu.o
    0x0800db4c   0x0800db4c   0x000000cc   Code   RO          913    i.SerialUpload      menu.o
    0x0800dc18   0x0800dc18   0x00000028   Code   RO          786    i.Serial_PutByte    common.o
    0x0800dc40   0x0800dc40   0x00000028   Code   RO          787    i.Serial_PutString  common.o
    0x0800dc68   0x0800dc68   0x0000011c   Code   RO          914    i.ShowStoredImages  menu.o
    0x0800dd84   0x0800dd84   0x000004ac   Code   RO          915    i.StoreFromInternalFlash  menu.o
    0x0800e230   0x0800e230   0x000003a0   Code   RO          916    i.StoreFromTFCard   menu.o
    0x0800e5d0   0x0800e5d0   0x000002f4   Code   RO          917    i.StoreImageMenu    menu.o
    0x0800e8c4   0x0800e8c4   0x000000b8   Code   RO          788    i.Str2Int           common.o
    0x0800e97c   0x0800e97c   0x00000004   Code   RO          602    i.SysTick_Handler   stm32f4xx_it.o
    0x0800e980   0x0800e980   0x0000009c   Code   RO           16    i.SystemClock_Config  main.o
    0x0800ea1c   0x0800ea1c   0x00000010   Code   RO          747    i.SystemInit        system_stm32f4xx.o
    0x0800ea2c   0x0800ea2c   0x0000000c   Code   RO          603    i.TIM1_UP_TIM10_IRQHandler  stm32f4xx_it.o
    0x0800ea38   0x0800ea38   0x000000d0   Code   RO         4358    i.TIM_Base_SetConfig  stm32f4xx_hal_tim.o
    0x0800eb08   0x0800eb08   0x00000014   Code   RO         4369    i.TIM_ETR_SetConfig  stm32f4xx_hal_tim.o
    0x0800eb1c   0x0800eb1c   0x00000010   Code   RO         4370    i.TIM_ITRx_SetConfig  stm32f4xx_hal_tim.o
    0x0800eb2c   0x0800eb2c   0x00000022   Code   RO         4376    i.TIM_TI1_ConfigInputStage  stm32f4xx_hal_tim.o
    0x0800eb4e   0x0800eb4e   0x00000024   Code   RO         4378    i.TIM_TI2_ConfigInputStage  stm32f4xx_hal_tim.o
    0x0800eb72   0x0800eb72   0x00000002   PAD
    0x0800eb74   0x0800eb74   0x0000000c   Code   RO          604    i.UART4_IRQHandler  stm32f4xx_it.o
    0x0800eb80   0x0800eb80   0x0000000e   Code   RO         5279    i.UART_DMAAbortOnError  stm32f4xx_hal_uart.o
    0x0800eb8e   0x0800eb8e   0x0000004e   Code   RO         5289    i.UART_EndRxTransfer  stm32f4xx_hal_uart.o
    0x0800ebdc   0x0800ebdc   0x0000020c   Code   RO          918    i.UART_Passthrough  menu.o
    0x0800ede8   0x0800ede8   0x000000c2   Code   RO         5291    i.UART_Receive_IT   stm32f4xx_hal_uart.o
    0x0800eeaa   0x0800eeaa   0x00000002   PAD
    0x0800eeac   0x0800eeac   0x0000010c   Code   RO         5292    i.UART_SetConfig    stm32f4xx_hal_uart.o
    0x0800efb8   0x0800efb8   0x00000072   Code   RO         5295    i.UART_WaitOnFlagUntilTimeout  stm32f4xx_hal_uart.o
    0x0800f02a   0x0800f02a   0x00000002   PAD
    0x0800f02c   0x0800f02c   0x00000014   Code   RO          605    i.USART1_IRQHandler  stm32f4xx_it.o
    0x0800f040   0x0800f040   0x00000014   Code   RO         7878    i.USBD_ClrClassConfig  usbd_core.o
    0x0800f054   0x0800f054   0x00000004   Code   RO         7879    i.USBD_CoreFindEP   usbd_core.o
    0x0800f058   0x0800f058   0x00000004   Code   RO         7880    i.USBD_CoreFindIF   usbd_core.o
    0x0800f05c   0x0800f05c   0x00000010   Code   RO         8115    i.USBD_CtlContinueRx  usbd_ioreq.o
    0x0800f06c   0x0800f06c   0x00000010   Code   RO         8116    i.USBD_CtlContinueSendData  usbd_ioreq.o
    0x0800f07c   0x0800f07c   0x00000016   Code   RO         8038    i.USBD_CtlError     usbd_ctlreq.o
    0x0800f092   0x0800f092   0x00000016   Code   RO         8118    i.USBD_CtlReceiveStatus  usbd_ioreq.o
    0x0800f0a8   0x0800f0a8   0x0000001c   Code   RO         8119    i.USBD_CtlSendData  usbd_ioreq.o
    0x0800f0c4   0x0800f0c4   0x00000016   Code   RO         8120    i.USBD_CtlSendStatus  usbd_ioreq.o
    0x0800f0da   0x0800f0da   0x00000002   PAD
    0x0800f0dc   0x0800f0dc   0x00000020   Code   RO         7525    i.USBD_FS_ConfigStrDescriptor  usbd_desc.o
    0x0800f0fc   0x0800f0fc   0x0000000c   Code   RO         7526    i.USBD_FS_DeviceDescriptor  usbd_desc.o
    0x0800f108   0x0800f108   0x00000024   Code   RO         7527    i.USBD_FS_InterfaceStrDescriptor  usbd_desc.o
    0x0800f12c   0x0800f12c   0x0000000c   Code   RO         7528    i.USBD_FS_LangIDStrDescriptor  usbd_desc.o
    0x0800f138   0x0800f138   0x00000028   Code   RO         7529    i.USBD_FS_ManufacturerStrDescriptor  usbd_desc.o
    0x0800f160   0x0800f160   0x00000028   Code   RO         7530    i.USBD_FS_ProductStrDescriptor  usbd_desc.o
    0x0800f188   0x0800f188   0x00000038   Code   RO         7531    i.USBD_FS_SerialStrDescriptor  usbd_desc.o
    0x0800f1c0   0x0800f1c0   0x000000e6   Code   RO         8039    i.USBD_GetDescriptor  usbd_ctlreq.o
    0x0800f2a6   0x0800f2a6   0x0000003a   Code   RO         7882    i.USBD_GetEpDesc    usbd_core.o
    0x0800f2e0   0x0800f2e0   0x00000014   Code   RO         8040    i.USBD_GetLen       usbd_ctlreq.o
    0x0800f2f4   0x0800f2f4   0x0000000e   Code   RO         7883    i.USBD_GetNextDesc  usbd_core.o
    0x0800f302   0x0800f302   0x0000004e   Code   RO         8041    i.USBD_GetString    usbd_ctlreq.o
    0x0800f350   0x0800f350   0x00000018   Code   RO         7684    i.USBD_Get_USB_Status  usbd_conf.o
    0x0800f368   0x0800f368   0x00000026   Code   RO         7884    i.USBD_Init         usbd_core.o
    0x0800f38e   0x0800f38e   0x00000012   Code   RO         7685    i.USBD_LL_ClearStallEP  usbd_conf.o
    0x0800f3a0   0x0800f3a0   0x00000012   Code   RO         7686    i.USBD_LL_CloseEP   usbd_conf.o
    0x0800f3b2   0x0800f3b2   0x000000b8   Code   RO         7885    i.USBD_LL_DataInStage  usbd_core.o
    0x0800f46a   0x0800f46a   0x00000094   Code   RO         7886    i.USBD_LL_DataOutStage  usbd_core.o
    0x0800f4fe   0x0800f4fe   0x00000004   Code   RO         7887    i.USBD_LL_DevConnected  usbd_core.o
    0x0800f502   0x0800f502   0x0000001e   Code   RO         7888    i.USBD_LL_DevDisconnected  usbd_core.o
    0x0800f520   0x0800f520   0x00000012   Code   RO         7689    i.USBD_LL_FlushEP   usbd_conf.o
    0x0800f532   0x0800f532   0x00000008   Code   RO         7690    i.USBD_LL_GetRxDataSize  usbd_conf.o
    0x0800f53a   0x0800f53a   0x00000002   PAD
    0x0800f53c   0x0800f53c   0x00000060   Code   RO         7691    i.USBD_LL_Init      usbd_conf.o
    0x0800f59c   0x0800f59c   0x0000001e   Code   RO         7692    i.USBD_LL_IsStallEP  usbd_conf.o
    0x0800f5ba   0x0800f5ba   0x00000028   Code   RO         7889    i.USBD_LL_IsoINIncomplete  usbd_core.o
    0x0800f5e2   0x0800f5e2   0x00000028   Code   RO         7890    i.USBD_LL_IsoOUTIncomplete  usbd_core.o
    0x0800f60a   0x0800f60a   0x00000018   Code   RO         7693    i.USBD_LL_OpenEP    usbd_conf.o
    0x0800f622   0x0800f622   0x00000012   Code   RO         7694    i.USBD_LL_PrepareReceive  usbd_conf.o
    0x0800f634   0x0800f634   0x0000005e   Code   RO         7891    i.USBD_LL_Reset     usbd_core.o
    0x0800f692   0x0800f692   0x00000014   Code   RO         7892    i.USBD_LL_Resume    usbd_core.o
    0x0800f6a6   0x0800f6a6   0x0000001a   Code   RO         7893    i.USBD_LL_SOF       usbd_core.o
    0x0800f6c0   0x0800f6c0   0x00000006   Code   RO         7894    i.USBD_LL_SetSpeed  usbd_core.o
    0x0800f6c6   0x0800f6c6   0x00000012   Code   RO         7695    i.USBD_LL_SetUSBAddress  usbd_conf.o
    0x0800f6d8   0x0800f6d8   0x00000060   Code   RO         7895    i.USBD_LL_SetupStage  usbd_core.o
    0x0800f738   0x0800f738   0x00000012   Code   RO         7696    i.USBD_LL_StallEP   usbd_conf.o
    0x0800f74a   0x0800f74a   0x00000012   Code   RO         7697    i.USBD_LL_Start     usbd_conf.o
    0x0800f75c   0x0800f75c   0x0000001a   Code   RO         7896    i.USBD_LL_Suspend   usbd_core.o
    0x0800f776   0x0800f776   0x00000012   Code   RO         7699    i.USBD_LL_Transmit  usbd_conf.o
    0x0800f788   0x0800f788   0x0000000a   Code   RO         8175    i.USBD_MSC_DataIn   usbd_msc.o
    0x0800f792   0x0800f792   0x0000000a   Code   RO         8176    i.USBD_MSC_DataOut  usbd_msc.o
    0x0800f79c   0x0800f79c   0x00000078   Code   RO         8177    i.USBD_MSC_DeInit   usbd_msc.o
    0x0800f814   0x0800f814   0x0000000c   Code   RO         8178    i.USBD_MSC_GetDeviceQualifierDescriptor  usbd_msc.o
    0x0800f820   0x0800f820   0x0000002c   Code   RO         8179    i.USBD_MSC_GetFSCfgDesc  usbd_msc.o
    0x0800f84c   0x0800f84c   0x00000030   Code   RO         8180    i.USBD_MSC_GetHSCfgDesc  usbd_msc.o
    0x0800f87c   0x0800f87c   0x0000002c   Code   RO         8181    i.USBD_MSC_GetOtherSpeedCfgDesc  usbd_msc.o
    0x0800f8a8   0x0800f8a8   0x000000b0   Code   RO         8182    i.USBD_MSC_Init     usbd_msc.o
    0x0800f958   0x0800f958   0x00000016   Code   RO         8183    i.USBD_MSC_RegisterStorage  usbd_msc.o
    0x0800f96e   0x0800f96e   0x000000e2   Code   RO         8184    i.USBD_MSC_Setup    usbd_msc.o
    0x0800fa50   0x0800fa50   0x0000002c   Code   RO         8042    i.USBD_ParseSetupRequest  usbd_ctlreq.o
    0x0800fa7c   0x0800fa7c   0x0000003a   Code   RO         7897    i.USBD_RegisterClass  usbd_core.o
    0x0800fab6   0x0800fab6   0x00000014   Code   RO         7899    i.USBD_SetClassConfig  usbd_core.o
    0x0800faca   0x0800faca   0x00000002   PAD
    0x0800facc   0x0800facc   0x000000b8   Code   RO         8043    i.USBD_SetConfig    usbd_ctlreq.o
    0x0800fb84   0x0800fb84   0x00000004   Code   RO         7900    i.USBD_Start        usbd_core.o
    0x0800fb88   0x0800fb88   0x0000012c   Code   RO         8044    i.USBD_StdDevReq    usbd_ctlreq.o
    0x0800fcb4   0x0800fcb4   0x00000166   Code   RO         8045    i.USBD_StdEPReq     usbd_ctlreq.o
    0x0800fe1a   0x0800fe1a   0x00000072   Code   RO         8046    i.USBD_StdItfReq    usbd_ctlreq.o
    0x0800fe8c   0x0800fe8c   0x00000002   Code   RO         7700    i.USBD_static_free  usbd_conf.o
    0x0800fe8e   0x0800fe8e   0x00000002   PAD
    0x0800fe90   0x0800fe90   0x00000008   Code   RO         7701    i.USBD_static_malloc  usbd_conf.o
    0x0800fe98   0x0800fe98   0x00000080   Code   RO         1558    i.USB_ActivateEndpoint  stm32f4xx_ll_usb.o
    0x0800ff18   0x0800ff18   0x0000001c   Code   RO         1560    i.USB_ActivateSetup  stm32f4xx_ll_usb.o
    0x0800ff34   0x0800ff34   0x00000084   Code   RO         1562    i.USB_CoreInit      stm32f4xx_ll_usb.o
    0x0800ffb8   0x0800ffb8   0x00000044   Code   RO         1563    i.USB_CoreReset     stm32f4xx_ll_usb.o
    0x0800fffc   0x0800fffc   0x000000cc   Code   RO         1566    i.USB_DeactivateEndpoint  stm32f4xx_ll_usb.o
    0x080100c8   0x080100c8   0x0000001c   Code   RO         1567    i.USB_DevConnect    stm32f4xx_ll_usb.o
    0x080100e4   0x080100e4   0x0000001c   Code   RO         1568    i.USB_DevDisconnect  stm32f4xx_ll_usb.o
    0x08010100   0x08010100   0x0000017c   Code   RO         1569    i.USB_DevInit       stm32f4xx_ll_usb.o
    0x0801027c   0x0801027c   0x0000000c   Code   RO         1570    i.USB_DisableGlobalInt  stm32f4xx_ll_usb.o
    0x08010288   0x08010288   0x00000058   Code   RO         1573    i.USB_EP0_OutStart  stm32f4xx_ll_usb.o
    0x080102e0   0x080102e0   0x00000058   Code   RO         1574    i.USB_EPClearStall  stm32f4xx_ll_usb.o
    0x08010338   0x08010338   0x00000058   Code   RO         1575    i.USB_EPSetStall    stm32f4xx_ll_usb.o
    0x08010390   0x08010390   0x00000238   Code   RO         1576    i.USB_EPStartXfer   stm32f4xx_ll_usb.o
    0x080105c8   0x080105c8   0x0000009e   Code   RO         1577    i.USB_EPStopXfer    stm32f4xx_ll_usb.o
    0x08010666   0x08010666   0x0000000c   Code   RO         1578    i.USB_EnableGlobalInt  stm32f4xx_ll_usb.o
    0x08010672   0x08010672   0x00000038   Code   RO         1579    i.USB_FlushRxFifo   stm32f4xx_ll_usb.o
    0x080106aa   0x080106aa   0x0000003c   Code   RO         1580    i.USB_FlushTxFifo   stm32f4xx_ll_usb.o
    0x080106e6   0x080106e6   0x0000001a   Code   RO         1582    i.USB_GetDevSpeed   stm32f4xx_ll_usb.o
    0x08010700   0x08010700   0x00000008   Code   RO         1584    i.USB_GetMode       stm32f4xx_ll_usb.o
    0x08010708   0x08010708   0x0000000e   Code   RO         1592    i.USB_ReadDevAllInEpInterrupt  stm32f4xx_ll_usb.o
    0x08010716   0x08010716   0x0000000e   Code   RO         1593    i.USB_ReadDevAllOutEpInterrupt  stm32f4xx_ll_usb.o
    0x08010724   0x08010724   0x00000024   Code   RO         1594    i.USB_ReadDevInEPInterrupt  stm32f4xx_ll_usb.o
    0x08010748   0x08010748   0x00000010   Code   RO         1595    i.USB_ReadDevOutEPInterrupt  stm32f4xx_ll_usb.o
    0x08010758   0x08010758   0x00000008   Code   RO         1596    i.USB_ReadInterrupts  stm32f4xx_ll_usb.o
    0x08010760   0x08010760   0x0000003e   Code   RO         1597    i.USB_ReadPacket    stm32f4xx_ll_usb.o
    0x0801079e   0x0801079e   0x0000005c   Code   RO         1599    i.USB_SetCurrentMode  stm32f4xx_ll_usb.o
    0x080107fa   0x080107fa   0x00000022   Code   RO         1600    i.USB_SetDevAddress  stm32f4xx_ll_usb.o
    0x0801081c   0x0801081c   0x000000e8   Code   RO         1602    i.USB_SetTurnaroundTime  stm32f4xx_ll_usb.o
    0x08010904   0x08010904   0x00000028   Code   RO         1605    i.USB_WritePacket   stm32f4xx_ll_usb.o
    0x0801092c   0x0801092c   0x00000020   Code   RO         1189    i.UpdateCRC16       ymodem.o
    0x0801094c   0x0801094c   0x00000002   Code   RO          606    i.UsageFault_Handler  stm32f4xx_it.o
    0x0801094e   0x0801094e   0x00000002   PAD
    0x08010950   0x08010950   0x0000004c   Code   RO         7405    i.W25Q128_erase_sector  w25q128.o
    0x0801099c   0x0801099c   0x00000058   Code   RO         7406    i.W25Q128_read      w25q128.o
    0x080109f4   0x080109f4   0x0000004c   Code   RO         7407    i.W25Q128_readID    w25q128.o
    0x08010a40   0x08010a40   0x00000030   Code   RO         7408    i.W25Q128_wait_busy  w25q128.o
    0x08010a70   0x08010a70   0x00000028   Code   RO         7410    i.W25Q128_write_enable  w25q128.o
    0x08010a98   0x08010a98   0x00000016   Code   RO         8482    i.XorWithIv         aes.o
    0x08010aae   0x08010aae   0x00000002   PAD
    0x08010ab0   0x08010ab0   0x00000194   Code   RO         1190    i.Ymodem_Receive    ymodem.o
    0x08010c44   0x08010c44   0x000002c8   Code   RO         1191    i.Ymodem_Transmit   ymodem.o
    0x08010f0c   0x08010f0c   0x00000030   Code   RO        10568    i.__ARM_fpclassify  m_wm.l(fpclassify.o)
    0x08010f3c   0x08010f3c   0x00000020   Code   RO         2622    i.__NVIC_SetPriority  stm32f4xx_hal_cortex.o
    0x08010f5c   0x08010f5c   0x00000004   PAD
    0x08010f60   0x08010f60   0x000000f8   Code   RO        10570    i.__hardfp___mathlib_tofloat  m_wm.l(narrow.o)
    0x08011058   0x08011058   0x000000d0   Code   RO        10659    i.__hardfp_ldexp    m_wm.l(ldexp.o)
    0x08011128   0x08011128   0x00000028   Code   RO        10284    i.__hardfp_strtod   m_wm.l(strtod.o)
    0x08011150   0x08011150   0x00000020   Code   RO        10700    i.__mathlib_dbl_overflow  m_wm.l(dunder.o)
    0x08011170   0x08011170   0x00000020   Code   RO        10702    i.__mathlib_dbl_underflow  m_wm.l(dunder.o)
    0x08011190   0x08011190   0x00000012   Code   RO        10571    i.__mathlib_narrow  m_wm.l(narrow.o)
    0x080111a2   0x080111a2   0x00000014   Code   RO        10661    i.__support_ldexp   m_wm.l(ldexp.o)
    0x080111b6   0x080111b6   0x00000046   Code   RO         8841    i._cache_read_1byte  tuz_dec.o
    0x080111fc   0x080111fc   0x00000038   Code   RO         8842    i._cache_read_lowbits  tuz_dec.o
    0x08011234   0x08011234   0x00000020   Code   RO         8760    i._cache_unpackUInt  hpatch_lite.o
    0x08011254   0x08011254   0x0000001e   Code   RO         8843    i._cache_unpack_pos_len  tuz_dec.o
    0x08011272   0x08011272   0x00000014   Code   RO         8844    i._dict_write_byte  tuz_dec.o
    0x08011286   0x08011286   0x00000022   Code   RO         8764    i._hpi_cache_read_1byte  hpatch_lite.o
    0x080112a8   0x080112a8   0x00000034   Code   RO         8765    i._hpi_cache_update  hpatch_lite.o
    0x080112dc   0x080112dc   0x00000012   Code   RO         8766    i._hpi_readSize     hpatch_lite.o
    0x080112ee   0x080112ee   0x0000000e   Code   RO        10182    i._is_digit         c_w.l(__printf_wp.o)
    0x080112fc   0x080112fc   0x0000008a   Code   RO         8767    i._patch_add_old_withClip  hpatch_lite.o
    0x08011386   0x08011386   0x00000002   Code   RO          521    i._sys_exit         usart.o
    0x08011388   0x08011388   0x00000178   Code   RO         8574    i.aes_decrypt_file_fatfs  aes_decrypt.o
    0x08011500   0x08011500   0x00000198   Code   RO         8576    i.aes_decrypt_to_flash_fatfs  aes_decrypt.o
    0x08011698   0x08011698   0x000001ac   Code   RO         8577    i.aes_decrypt_to_flash_lfs  aes_decrypt.o
    0x08011844   0x08011844   0x0000003a   Code   RO         9770    i.b64_index         onenet_ota.o
    0x0801187e   0x0801187e   0x00000002   PAD
    0x08011880   0x08011880   0x0000010a   Code   RO         9771    i.base64_decode_bytes  onenet_ota.o
    0x0801198a   0x0801198a   0x00000002   PAD
    0x0801198c   0x0801198c   0x000000dc   Code   RO         9772    i.base64_encode_bytes  onenet_ota.o
    0x08011a68   0x08011a68   0x000000b8   Code   RO         5599    i.bootloader_download  bootloader_core.o
    0x08011b20   0x08011b20   0x00000030   Code   RO         8912    i.buffer_skip_whitespace  cjson.o
    0x08011b50   0x08011b50   0x00000048   Code   RO         8944    i.cJSON_Delete      cjson.o
    0x08011b98   0x08011b98   0x00000006   Code   RO         8958    i.cJSON_GetObjectItemCaseSensitive  cjson.o
    0x08011b9e   0x08011b9e   0x00000012   Code   RO         8968    i.cJSON_IsNumber    cjson.o
    0x08011bb0   0x08011bb0   0x00000012   Code   RO         8971    i.cJSON_IsString    cjson.o
    0x08011bc2   0x08011bc2   0x00000016   Code   RO         8974    i.cJSON_New_Item    cjson.o
    0x08011bd8   0x08011bd8   0x00000008   Code   RO         8975    i.cJSON_Parse       cjson.o
    0x08011be0   0x08011be0   0x000000dc   Code   RO         8977    i.cJSON_ParseWithLengthOpts  cjson.o
    0x08011cbc   0x08011cbc   0x00000022   Code   RO         8978    i.cJSON_ParseWithOpts  cjson.o
    0x08011cde   0x08011cde   0x00000002   PAD
    0x08011ce0   0x08011ce0   0x000000a0   Code   RO          919    i.check_file_extension  menu.o
    0x08011d80   0x08011d80   0x00000070   Code   RO         6056    i.check_fs          ff.o
    0x08011df0   0x08011df0   0x00000010   Code   RO         6057    i.chk_chr           ff.o
    0x08011e00   0x08011e00   0x0000005c   Code   RO         6058    i.chk_lock          ff.o
    0x08011e5c   0x08011e5c   0x00000020   Code   RO         6059    i.clear_lock        ff.o
    0x08011e7c   0x08011e7c   0x00000024   Code   RO         6060    i.clmt_clust        ff.o
    0x08011ea0   0x08011ea0   0x00000018   Code   RO         6061    i.clust2sect        ff.o
    0x08011eb8   0x08011eb8   0x00000080   Code   RO         6062    i.cmp_lfn           ff.o
    0x08011f38   0x08011f38   0x000000a4   Code   RO         6063    i.create_chain      ff.o
    0x08011fdc   0x08011fdc   0x00000208   Code   RO         6064    i.create_name       ff.o
    0x080121e4   0x080121e4   0x00000034   Code   RO         6065    i.dec_lock          ff.o
    0x08012218   0x08012218   0x000000d0   Code   RO         6066    i.dir_find          ff.o
    0x080122e8   0x080122e8   0x000000f4   Code   RO         6067    i.dir_next          ff.o
    0x080123dc   0x080123dc   0x000000b6   Code   RO         6068    i.dir_read          ff.o
    0x08012492   0x08012492   0x00000002   PAD
    0x08012494   0x08012494   0x000001e4   Code   RO         6069    i.dir_register      ff.o
    0x08012678   0x08012678   0x0000004e   Code   RO         6070    i.dir_remove        ff.o
    0x080126c6   0x080126c6   0x00000082   Code   RO         6071    i.dir_sdi           ff.o
    0x08012748   0x08012748   0x0000002c   Code   RO         6001    i.disk_initialize   diskio.o
    0x08012774   0x08012774   0x0000001c   Code   RO         6002    i.disk_ioctl        diskio.o
    0x08012790   0x08012790   0x0000001c   Code   RO         6003    i.disk_read         diskio.o
    0x080127ac   0x080127ac   0x00000018   Code   RO         6004    i.disk_status       diskio.o
    0x080127c4   0x080127c4   0x0000001c   Code   RO         6005    i.disk_write        diskio.o
    0x080127e0   0x080127e0   0x0000002c   Code   RO         9569    i.esp8266_at_test   esp8266_driver.o
    0x0801280c   0x0801280c   0x0000003c   Code   RO         9570    i.esp8266_ate_config  esp8266_driver.o
    0x08012848   0x08012848   0x0000004c   Code   RO         9571    i.esp8266_connect_tcp_server  esp8266_driver.o
    0x08012894   0x08012894   0x0000004c   Code   RO         9572    i.esp8266_enter_unvarnished  esp8266_driver.o
    0x080128e0   0x080128e0   0x00000038   Code   RO         9573    i.esp8266_exit_unvarnished  esp8266_driver.o
    0x08012918   0x08012918   0x00000054   Code   RO         9574    i.esp8266_get_ip    esp8266_driver.o
    0x0801296c   0x0801296c   0x00000048   Code   RO         9577    i.esp8266_join_ap   esp8266_driver.o
    0x080129b4   0x080129b4   0x0000007c   Code   RO         9671    i.esp8266_ota_init  esp8266_ota_api.o
    0x08012a30   0x08012a30   0x00000048   Code   RO         9579    i.esp8266_send_at_cmd  esp8266_driver.o
    0x08012a78   0x08012a78   0x00000070   Code   RO         9580    i.esp8266_set_wifimode  esp8266_driver.o
    0x08012ae8   0x08012ae8   0x0000002c   Code   RO         9581    i.esp8266_sw_reset  esp8266_driver.o
    0x08012b14   0x08012b14   0x00000030   Code   RO         9710    i.esp8266_uart_printf  esp8266_uart.o
    0x08012b44   0x08012b44   0x00000020   Code   RO         9711    i.esp8266_uart_rx_get_frame  esp8266_uart.o
    0x08012b64   0x08012b64   0x00000018   Code   RO         9712    i.esp8266_uart_rx_get_frame_len  esp8266_uart.o
    0x08012b7c   0x08012b7c   0x00000014   Code   RO         9713    i.esp8266_uart_rx_restart  esp8266_uart.o
    0x08012b90   0x08012b90   0x000001a4   Code   RO         9582    i.esp8266_wifi_init  esp8266_driver.o
    0x08012d34   0x08012d34   0x00000028   Code   RO         6072    i.f_close           ff.o
    0x08012d5c   0x08012d5c   0x00000022   Code   RO         6073    i.f_closedir        ff.o
    0x08012d7e   0x08012d7e   0x00000212   Code   RO         6076    i.f_lseek           ff.o
    0x08012f90   0x08012f90   0x00000058   Code   RO         6079    i.f_mount           ff.o
    0x08012fe8   0x08012fe8   0x00000244   Code   RO         6080    i.f_open            ff.o
    0x0801322c   0x0801322c   0x000000ac   Code   RO         6081    i.f_opendir         ff.o
    0x080132d8   0x080132d8   0x00000152   Code   RO         6085    i.f_read            ff.o
    0x0801342a   0x0801342a   0x00000066   Code   RO         6086    i.f_readdir         ff.o
    0x08013490   0x08013490   0x00000058   Code   RO         6088    i.f_stat            ff.o
    0x080134e8   0x080134e8   0x0000008e   Code   RO         6089    i.f_sync            ff.o
    0x08013576   0x08013576   0x000000c0   Code   RO         6091    i.f_unlink          ff.o
    0x08013636   0x08013636   0x0000018e   Code   RO         6092    i.f_write           ff.o
    0x080137c4   0x080137c4   0x0000005c   Code   RO         5958    i.fat_GetFatTimeFromRTC  fatfs.o
    0x08013820   0x08013820   0x00000030   Code   RO         1108    i.fatfs_read_old    hpatch_upgrade.o
    0x08013850   0x08013850   0x00000024   Code   RO         1109    i.fatfs_read_raw    hpatch_upgrade.o
    0x08013874   0x08013874   0x00000028   Code   RO         5600    i.fatfs_src_close   bootloader_core.o
    0x0801389c   0x0801389c   0x00000080   Code   RO         5601    i.fatfs_src_open    bootloader_core.o
    0x0801391c   0x0801391c   0x00000038   Code   RO         5602    i.fatfs_src_read    bootloader_core.o
    0x08013954   0x08013954   0x00000020   Code   RO         1110    i.fatfs_write_new   hpatch_upgrade.o
    0x08013974   0x08013974   0x00000038   Code   RO         6499    i.ff_convert        ccsbcs.o
    0x080139ac   0x080139ac   0x00000004   Code   RO         6463    i.ff_memalloc       syscall.o
    0x080139b0   0x080139b0   0x00000004   Code   RO         6464    i.ff_memfree        syscall.o
    0x080139b4   0x080139b4   0x00000080   Code   RO         6500    i.ff_wtoupper       ccsbcs.o
    0x08013a34   0x08013a34   0x00000254   Code   RO         6093    i.find_volume       ff.o
    0x08013c88   0x08013c88   0x00000074   Code   RO         6094    i.follow_path       ff.o
    0x08013cfc   0x08013cfc   0x00000018   Code   RO          522    i.fputc             usart.o
    0x08013d14   0x08013d14   0x00000004   PAD
    0x08013d18   0x08013d18   0x0000008c   Code   RO        10621    i.frexp             m_wm.l(frexp.o)
    0x08013da4   0x08013da4   0x00000080   Code   RO         6095    i.gen_numname       ff.o
    0x08013e24   0x08013e24   0x000000be   Code   RO         6096    i.get_fat           ff.o
    0x08013ee2   0x08013ee2   0x00000004   Code   RO         5959    i.get_fattime       fatfs.o
    0x08013ee6   0x08013ee6   0x000000e8   Code   RO         6097    i.get_fileinfo      ff.o
    0x08013fce   0x08013fce   0x0000003c   Code   RO         6098    i.get_ldnumber      ff.o
    0x0801400a   0x0801400a   0x0000007a   Code   RO         8997    i.get_object_item   cjson.o
    0x08014084   0x08014084   0x000000bc   Code   RO         9773    i.hmac_sha1         onenet_ota.o
    0x08014140   0x08014140   0x000000ba   Code   RO         8768    i.hpatch_lite_open  hpatch_lite.o
    0x080141fa   0x080141fa   0x0000011c   Code   RO         8769    i.hpatch_lite_patch  hpatch_lite.o
    0x08014316   0x08014316   0x00000002   PAD
    0x08014318   0x08014318   0x00000140   Code   RO         1111    i.hpatch_upgrade_fatfs  hpatch_upgrade.o
    0x08014458   0x08014458   0x00000140   Code   RO         1112    i.hpatch_upgrade_lfs  hpatch_upgrade.o
    0x08014598   0x08014598   0x00000080   Code   RO         6099    i.inc_lock          ff.o
    0x08014618   0x08014618   0x00000018   Code   RO         5606    i.internal_flash_tgt_close  bootloader_core.o
    0x08014630   0x08014630   0x00000074   Code   RO         5607    i.internal_flash_tgt_open  bootloader_core.o
    0x080146a4   0x080146a4   0x00000078   Code   RO         5608    i.internal_flash_tgt_write  bootloader_core.o
    0x0801471c   0x0801471c   0x00000060   Code   RO         5609    i.jump_to_app       bootloader_core.o
    0x0801477c   0x0801477c   0x00000026   Code   RO         6100    i.ld_clust          ff.o
    0x080147a2   0x080147a2   0x00000016   Code   RO         6101    i.ld_dword          ff.o
    0x080147b8   0x080147b8   0x0000000a   Code   RO         6102    i.ld_word           ff.o
    0x080147c2   0x080147c2   0x00000002   PAD
    0x080147c4   0x080147c4   0x0000003c   Code   RO         1247    i.led_control_task  led.o
    0x08014800   0x08014800   0x0000000c   Code   RO         6528    i.lfs_aligndown     lfs.o
    0x0801480c   0x0801480c   0x00000012   Code   RO         6529    i.lfs_alignup       lfs.o
    0x0801481e   0x0801481e   0x00000002   PAD
    0x08014820   0x08014820   0x000000fc   Code   RO         6530    i.lfs_alloc         lfs.o
    0x0801491c   0x0801491c   0x0000000c   Code   RO         6531    i.lfs_alloc_drop    lfs.o
    0x08014928   0x08014928   0x0000002e   Code   RO         6532    i.lfs_alloc_lookahead  lfs.o
    0x08014956   0x08014956   0x00000002   PAD
    0x08014958   0x08014958   0x00000054   Code   RO         6533    i.lfs_alloc_scan    lfs.o
    0x080149ac   0x080149ac   0x00000066   Code   RO         6534    i.lfs_bd_cmp        lfs.o
    0x08014a12   0x08014a12   0x0000005a   Code   RO         6535    i.lfs_bd_crc        lfs.o
    0x08014a6c   0x08014a6c   0x00000018   Code   RO         6536    i.lfs_bd_erase      lfs.o
    0x08014a84   0x08014a84   0x00000084   Code   RO         6537    i.lfs_bd_flush      lfs.o
    0x08014b08   0x08014b08   0x000000b2   Code   RO         6538    i.lfs_bd_prog       lfs.o
    0x08014bba   0x08014bba   0x00000140   Code   RO         6539    i.lfs_bd_read       lfs.o
    0x08014cfa   0x08014cfa   0x00000024   Code   RO         6540    i.lfs_bd_sync       lfs.o
    0x08014d1e   0x08014d1e   0x00000018   Code   RO         6541    i.lfs_cache_zero    lfs.o
    0x08014d36   0x08014d36   0x00000002   PAD
    0x08014d38   0x08014d38   0x00000038   Code   RO         7389    i.lfs_crc           lfs_util.o
    0x08014d70   0x08014d70   0x0000000e   Code   RO         6543    i.lfs_ctz           lfs.o
    0x08014d7e   0x08014d7e   0x00000002   PAD
    0x08014d80   0x08014d80   0x0000019c   Code   RO         6544    i.lfs_ctz_extend    lfs.o
    0x08014f1c   0x08014f1c   0x00000094   Code   RO         6545    i.lfs_ctz_find      lfs.o
    0x08014fb0   0x08014fb0   0x00000016   Code   RO         6546    i.lfs_ctz_fromle32  lfs.o
    0x08014fc6   0x08014fc6   0x00000040   Code   RO         6547    i.lfs_ctz_index     lfs.o
    0x08015006   0x08015006   0x00000002   PAD
    0x08015008   0x08015008   0x0000009c   Code   RO         6548    i.lfs_ctz_traverse  lfs.o
    0x080150a4   0x080150a4   0x0000002c   Code   RO         6549    i.lfs_deinit        lfs.o
    0x080150d0   0x080150d0   0x00000094   Code   RO         6550    i.lfs_dir_alloc     lfs.o
    0x08015164   0x08015164   0x0000000a   Code   RO         6551    i.lfs_dir_close     lfs.o
    0x0801516e   0x0801516e   0x00000020   Code   RO         6552    i.lfs_dir_commit    lfs.o
    0x0801518e   0x0801518e   0x00000010   Code   RO         6553    i.lfs_dir_commit_commit  lfs.o
    0x0801519e   0x0801519e   0x00000014   Code   RO         6554    i.lfs_dir_commit_size  lfs.o
    0x080151b2   0x080151b2   0x000000aa   Code   RO         6555    i.lfs_dir_commitattr  lfs.o
    0x0801525c   0x0801525c   0x000001e4   Code   RO         6556    i.lfs_dir_commitcrc  lfs.o
    0x08015440   0x08015440   0x0000003a   Code   RO         6557    i.lfs_dir_commitprog  lfs.o
    0x0801547a   0x0801547a   0x00000002   PAD
    0x0801547c   0x0801547c   0x000002c0   Code   RO         6558    i.lfs_dir_compact   lfs.o
    0x0801573c   0x0801573c   0x00000050   Code   RO         6559    i.lfs_dir_drop      lfs.o
    0x0801578c   0x0801578c   0x00000016   Code   RO         6560    i.lfs_dir_fetch     lfs.o
    0x080157a2   0x080157a2   0x00000002   PAD
    0x080157a4   0x080157a4   0x000004b4   Code   RO         6561    i.lfs_dir_fetchmatch  lfs.o
    0x08015c58   0x08015c58   0x0000016c   Code   RO         6562    i.lfs_dir_find      lfs.o
    0x08015dc4   0x08015dc4   0x00000052   Code   RO         6563    i.lfs_dir_find_match  lfs.o
    0x08015e16   0x08015e16   0x00000014   Code   RO         6564    i.lfs_dir_get       lfs.o
    0x08015e2a   0x08015e2a   0x00000002   PAD
    0x08015e2c   0x08015e2c   0x0000004c   Code   RO         6565    i.lfs_dir_getgstate  lfs.o
    0x08015e78   0x08015e78   0x00000090   Code   RO         6566    i.lfs_dir_getinfo   lfs.o
    0x08015f08   0x08015f08   0x000000e2   Code   RO         6567    i.lfs_dir_getread   lfs.o
    0x08015fea   0x08015fea   0x00000002   PAD
    0x08015fec   0x08015fec   0x00000130   Code   RO         6568    i.lfs_dir_getslice  lfs.o
    0x0801611c   0x0801611c   0x00000024   Code   RO         6569    i.lfs_dir_needsrelocation  lfs.o
    0x08016140   0x08016140   0x00000022   Code   RO         6570    i.lfs_dir_open      lfs.o
    0x08016162   0x08016162   0x00000002   PAD
    0x08016164   0x08016164   0x00000090   Code   RO         6571    i.lfs_dir_open_     lfs.o
    0x080161f4   0x080161f4   0x00000400   Code   RO         6572    i.lfs_dir_orphaningcommit  lfs.o
    0x080165f4   0x080165f4   0x00000004   Code   RO         6573    i.lfs_dir_read      lfs.o
    0x080165f8   0x080165f8   0x0000008c   Code   RO         6574    i.lfs_dir_read_     lfs.o
    0x08016684   0x08016684   0x000002f0   Code   RO         6575    i.lfs_dir_relocatingcommit  lfs.o
    0x08016974   0x08016974   0x00000070   Code   RO         6580    i.lfs_dir_split     lfs.o
    0x080169e4   0x080169e4   0x00000220   Code   RO         6581    i.lfs_dir_splittingcompact  lfs.o
    0x08016c04   0x08016c04   0x00000294   Code   RO         6583    i.lfs_dir_traverse  lfs.o
    0x08016e98   0x08016e98   0x00000078   Code   RO         6584    i.lfs_dir_traverse_filter  lfs.o
    0x08016f10   0x08016f10   0x0000001e   Code   RO         6585    i.lfs_file_close    lfs.o
    0x08016f2e   0x08016f2e   0x00000024   Code   RO         6586    i.lfs_file_close_   lfs.o
    0x08016f52   0x08016f52   0x00000002   PAD
    0x08016f54   0x08016f54   0x00000140   Code   RO         6587    i.lfs_file_flush    lfs.o
    0x08017094   0x08017094   0x000000ec   Code   RO         6588    i.lfs_file_flushedread  lfs.o
    0x08017180   0x08017180   0x00000126   Code   RO         6589    i.lfs_file_flushedwrite  lfs.o
    0x080172a6   0x080172a6   0x00000002   PAD
    0x080172a8   0x080172a8   0x0000002c   Code   RO         6590    i.lfs_file_open     lfs.o
    0x080172d4   0x080172d4   0x00000248   Code   RO         6592    i.lfs_file_opencfg_  lfs.o
    0x0801751c   0x0801751c   0x00000022   Code   RO         6593    i.lfs_file_outline  lfs.o
    0x0801753e   0x0801753e   0x00000042   Code   RO         6594    i.lfs_file_read     lfs.o
    0x08017580   0x08017580   0x00000140   Code   RO         6595    i.lfs_file_relocate  lfs.o
    0x080176c0   0x080176c0   0x00000028   Code   RO         6597    i.lfs_file_seek     lfs.o
    0x080176e8   0x080176e8   0x0000008c   Code   RO         6598    i.lfs_file_seek_    lfs.o
    0x08017774   0x08017774   0x00000012   Code   RO         6600    i.lfs_file_size_    lfs.o
    0x08017786   0x08017786   0x0000001e   Code   RO         6601    i.lfs_file_sync     lfs.o
    0x080177a4   0x080177a4   0x000000c0   Code   RO         6602    i.lfs_file_sync_    lfs.o
    0x08017864   0x08017864   0x00000028   Code   RO         6606    i.lfs_file_write    lfs.o
    0x0801788c   0x0801788c   0x00000090   Code   RO         6607    i.lfs_file_write_   lfs.o
    0x0801791c   0x0801791c   0x00000004   Code   RO         6608    i.lfs_format        lfs.o
    0x08017920   0x08017920   0x000000c8   Code   RO         6609    i.lfs_format_       lfs.o
    0x080179e8   0x080179e8   0x00000014   Code   RO         6610    i.lfs_frombe32      lfs.o
    0x080179fc   0x080179fc   0x00000012   Code   RO         6611    i.lfs_fromle32      lfs.o
    0x08017a0e   0x08017a0e   0x00000002   PAD
    0x08017a10   0x08017a10   0x000000e4   Code   RO         6612    i.lfs_fs_demove     lfs.o
    0x08017af4   0x08017af4   0x0000026c   Code   RO         6613    i.lfs_fs_deorphan   lfs.o
    0x08017d60   0x08017d60   0x000000bc   Code   RO         6614    i.lfs_fs_desuperblock  lfs.o
    0x08017e1c   0x08017e1c   0x00000024   Code   RO         6615    i.lfs_fs_forceconsistency  lfs.o
    0x08017e40   0x08017e40   0x0000008c   Code   RO         6621    i.lfs_fs_parent     lfs.o
    0x08017ecc   0x08017ecc   0x0000003e   Code   RO         6622    i.lfs_fs_parent_match  lfs.o
    0x08017f0a   0x08017f0a   0x00000002   PAD
    0x08017f0c   0x08017f0c   0x00000064   Code   RO         6623    i.lfs_fs_pred       lfs.o
    0x08017f70   0x08017f70   0x00000040   Code   RO         6624    i.lfs_fs_prepmove   lfs.o
    0x08017fb0   0x08017fb0   0x00000030   Code   RO         6625    i.lfs_fs_preporphans  lfs.o
    0x08017fe0   0x08017fe0   0x0000001c   Code   RO         6627    i.lfs_fs_size_      lfs.o
    0x08017ffc   0x08017ffc   0x0000000a   Code   RO         6628    i.lfs_fs_size_count  lfs.o
    0x08018006   0x08018006   0x00000002   PAD
    0x08018008   0x08018008   0x00000158   Code   RO         6631    i.lfs_fs_traverse_  lfs.o
    0x08018160   0x08018160   0x0000000c   Code   RO         6634    i.lfs_gstate_hasmove  lfs.o
    0x0801816c   0x0801816c   0x0000001a   Code   RO         6635    i.lfs_gstate_hasmovehere  lfs.o
    0x08018186   0x08018186   0x00000014   Code   RO         6636    i.lfs_gstate_iszero  lfs.o
    0x0801819a   0x0801819a   0x0000001e   Code   RO         6637    i.lfs_gstate_tole32  lfs.o
    0x080181b8   0x080181b8   0x0000001a   Code   RO         6638    i.lfs_gstate_xor    lfs.o
    0x080181d2   0x080181d2   0x00000002   PAD
    0x080181d4   0x080181d4   0x000001d4   Code   RO         6639    i.lfs_init          lfs.o
    0x080183a8   0x080183a8   0x00000004   Code   RO         6640    i.lfs_malloc        lfs.o
    0x080183ac   0x080183ac   0x00000008   Code   RO         6641    i.lfs_min           lfs.o
    0x080183b4   0x080183b4   0x00000016   Code   RO         6644    i.lfs_mlist_isopen  lfs.o
    0x080183ca   0x080183ca   0x00000018   Code   RO         6645    i.lfs_mlist_remove  lfs.o
    0x080183e2   0x080183e2   0x00000004   Code   RO         6646    i.lfs_mount         lfs.o
    0x080183e6   0x080183e6   0x00000002   PAD
    0x080183e8   0x080183e8   0x00000408   Code   RO         6647    i.lfs_mount_        lfs.o
    0x080187f0   0x080187f0   0x00000022   Code   RO         6648    i.lfs_pair_cmp      lfs.o
    0x08018812   0x08018812   0x00000016   Code   RO         6649    i.lfs_pair_fromle32  lfs.o
    0x08018828   0x08018828   0x00000014   Code   RO         6650    i.lfs_pair_isnull   lfs.o
    0x0801883c   0x0801883c   0x00000024   Code   RO         6651    i.lfs_pair_issync   lfs.o
    0x08018860   0x08018860   0x00000016   Code   RO         6652    i.lfs_pair_tole32   lfs.o
    0x08018876   0x08018876   0x00000012   Code   RO         6653    i.lfs_path_isdir    lfs.o
    0x08018888   0x08018888   0x00000024   Code   RO         6654    i.lfs_path_islast   lfs.o
    0x080188ac   0x080188ac   0x0000000c   Code   RO         6655    i.lfs_path_namelen  lfs.o
    0x080188b8   0x080188b8   0x0000002e   Code   RO         6656    i.lfs_popc          lfs.o
    0x080188e6   0x080188e6   0x00000002   PAD
    0x080188e8   0x080188e8   0x00000038   Code   RO         1113    i.lfs_read_old      hpatch_upgrade.o
    0x08018920   0x08018920   0x0000002c   Code   RO         1114    i.lfs_read_raw      hpatch_upgrade.o
    0x0801894c   0x0801894c   0x00000004   Code   RO         6657    i.lfs_remove        lfs.o
    0x08018950   0x08018950   0x0000010c   Code   RO         6658    i.lfs_remove_       lfs.o
    0x08018a5c   0x08018a5c   0x00000018   Code   RO         7311    i.lfs_spi_flash_erase  lfs_spi_flash_adapter.o
    0x08018a74   0x08018a74   0x0000001e   Code   RO         7313    i.lfs_spi_flash_init  lfs_spi_flash_adapter.o
    0x08018a92   0x08018a92   0x00000002   PAD
    0x08018a94   0x08018a94   0x00000034   Code   RO         7314    i.lfs_spi_flash_mount  lfs_spi_flash_adapter.o
    0x08018ac8   0x08018ac8   0x00000078   Code   RO         7315    i.lfs_spi_flash_prog  lfs_spi_flash_adapter.o
    0x08018b40   0x08018b40   0x0000002a   Code   RO         7316    i.lfs_spi_flash_read  lfs_spi_flash_adapter.o
    0x08018b6a   0x08018b6a   0x0000000a   Code   RO         7317    i.lfs_spi_flash_sync  lfs_spi_flash_adapter.o
    0x08018b74   0x08018b74   0x0000000c   Code   RO         7318    i.lfs_spi_flash_unmount  lfs_spi_flash_adapter.o
    0x08018b80   0x08018b80   0x00000028   Code   RO         5610    i.lfs_src_close     bootloader_core.o
    0x08018ba8   0x08018ba8   0x00000088   Code   RO         5611    i.lfs_src_open      bootloader_core.o
    0x08018c30   0x08018c30   0x00000038   Code   RO         5612    i.lfs_src_read      bootloader_core.o
    0x08018c68   0x08018c68   0x00000046   Code   RO         6663    i.lfs_stat          lfs.o
    0x08018cae   0x08018cae   0x00000036   Code   RO         6664    i.lfs_superblock_fromle32  lfs.o
    0x08018ce4   0x08018ce4   0x00000036   Code   RO         6665    i.lfs_superblock_tole32  lfs.o
    0x08018d1a   0x08018d1a   0x00000012   Code   RO         6666    i.lfs_tag_dsize     lfs.o
    0x08018d2c   0x08018d2c   0x00000010   Code   RO         6667    i.lfs_tag_isdelete  lfs.o
    0x08018d3c   0x08018d3c   0x00000040   Code   RO         5613    i.lfs_tgt_close     bootloader_core.o
    0x08018d7c   0x08018d7c   0x00000070   Code   RO         5614    i.lfs_tgt_open      bootloader_core.o
    0x08018dec   0x08018dec   0x00000060   Code   RO         5615    i.lfs_tgt_write     bootloader_core.o
    0x08018e4c   0x08018e4c   0x00000004   Code   RO         6668    i.lfs_tole32        lfs.o
    0x08018e50   0x08018e50   0x000000a0   Code   RO         6669    i.lfs_tortoise_detectcycles  lfs.o
    0x08018ef0   0x08018ef0   0x00000004   Code   RO         6670    i.lfs_unmount       lfs.o
    0x08018ef4   0x08018ef4   0x00000004   Code   RO         6671    i.lfs_unmount_      lfs.o
    0x08018ef8   0x08018ef8   0x00000028   Code   RO         1115    i.lfs_write_new     hpatch_upgrade.o
    0x08018f20   0x08018f20   0x00000210   Code   RO           17    i.main              main.o
    0x08019130   0x08019130   0x00000012   Code   RO         6103    i.mem_cpy           ff.o
    0x08019142   0x08019142   0x00000002   PAD
    0x08019144   0x08019144   0x0000000e   Code   RO         6104    i.mem_set           ff.o
    0x08019152   0x08019152   0x00000032   Code   RO         6105    i.move_window       ff.o
    0x08019184   0x08019184   0x00000218   Code   RO         9774    i.ota_build_auth_header  onenet_ota.o
    0x0801939c   0x0801939c   0x000002ac   Code   RO         9775    i.ota_check_task_ready  onenet_ota.o
    0x08019648   0x08019648   0x000004b0   Code   RO         9776    i.ota_check_upgrade  onenet_ota.o
    0x08019af8   0x08019af8   0x00000bdc   Code   RO         9777    i.ota_download_and_verify  onenet_ota.o
    0x0801a6d4   0x0801a6d4   0x0000002a   Code   RO         9778    i.ota_hex_to_nibble  onenet_ota.o
    0x0801a6fe   0x0801a6fe   0x00000002   PAD
    0x0801a700   0x0801a700   0x000000f6   Code   RO         9779    i.ota_http_body     onenet_ota.o
    0x0801a7f6   0x0801a7f6   0x00000002   PAD
    0x0801a7f8   0x0801a7f8   0x00000134   Code   RO         9780    i.ota_http_request  onenet_ota.o
    0x0801a92c   0x0801a92c   0x00000062   Code   RO         9781    i.ota_http_status_code  onenet_ota.o
    0x0801a98e   0x0801a98e   0x00000002   PAD
    0x0801a990   0x0801a990   0x0000005c   Code   RO         9782    i.ota_json_copy_tid  onenet_ota.o
    0x0801a9ec   0x0801a9ec   0x00000064   Code   RO         9783    i.ota_json_get_code  onenet_ota.o
    0x0801aa50   0x0801aa50   0x0000007c   Code   RO         9784    i.ota_json_is_success  onenet_ota.o
    0x0801aacc   0x0801aacc   0x00000034   Code   RO         9785    i.ota_md5_bin_to_hex  onenet_ota.o
    0x0801ab00   0x0801ab00   0x00000260   Code   RO         9786    i.ota_report_result  onenet_ota.o
    0x0801ad60   0x0801ad60   0x00000300   Code   RO         9787    i.ota_report_version  onenet_ota.o
    0x0801b060   0x0801b060   0x000000ac   Code   RO         9788    i.ota_try_sync_unix_base_from_text  onenet_ota.o
    0x0801b10c   0x0801b10c   0x000000d0   Code   RO         8999    i.parse_array       cjson.o
    0x0801b1dc   0x0801b1dc   0x00000040   Code   RO         9000    i.parse_hex4        cjson.o
    0x0801b21c   0x0801b21c   0x00000100   Code   RO         9001    i.parse_number      cjson.o
    0x0801b31c   0x0801b31c   0x0000010a   Code   RO         9002    i.parse_object      cjson.o
    0x0801b426   0x0801b426   0x0000010c   Code   RO         9003    i.parse_string      cjson.o
    0x0801b532   0x0801b532   0x00000002   PAD
    0x0801b534   0x0801b534   0x000000fc   Code   RO         9004    i.parse_value       cjson.o
    0x0801b630   0x0801b630   0x00000074   Code   RO         6106    i.pick_lfn          ff.o
    0x0801b6a4   0x0801b6a4   0x000000ea   Code   RO         6107    i.put_fat           ff.o
    0x0801b78e   0x0801b78e   0x00000074   Code   RO         6110    i.remove_chain      ff.o
    0x0801b802   0x0801b802   0x00000002   PAD
    0x0801b804   0x0801b804   0x000000ac   Code   RO          920    i.scan_lfs_files    menu.o
    0x0801b8b0   0x0801b8b0   0x000000b8   Code   RO          921    i.scan_lfs_files_filter  menu.o
    0x0801b968   0x0801b968   0x000000dc   Code   RO          922    i.scan_lfs_hdiff_files  menu.o
    0x0801ba44   0x0801ba44   0x000000a8   Code   RO          923    i.scan_sd_card_files  menu.o
    0x0801baec   0x0801baec   0x000000b8   Code   RO          924    i.scan_sd_card_files_filter  menu.o
    0x0801bba4   0x0801bba4   0x000000d8   Code   RO          925    i.scan_sd_card_hdiff_files  menu.o
    0x0801bc7c   0x0801bc7c   0x000000b6   Code   RO         9789    i.sha1_final        onenet_ota.o
    0x0801bd32   0x0801bd32   0x00000002   PAD
    0x0801bd34   0x0801bd34   0x00000030   Code   RO         9790    i.sha1_init         onenet_ota.o
    0x0801bd64   0x0801bd64   0x0000010c   Code   RO         9791    i.sha1_transform    onenet_ota.o
    0x0801be70   0x0801be70   0x00000048   Code   RO         9792    i.sha1_update       onenet_ota.o
    0x0801beb8   0x0801beb8   0x00000028   Code   RO         7411    i.spi_read_write_byte  w25q128.o
    0x0801bee0   0x0801bee0   0x00000028   Code   RO         6111    i.st_clust          ff.o
    0x0801bf08   0x0801bf08   0x00000010   Code   RO         6112    i.st_dword          ff.o
    0x0801bf18   0x0801bf18   0x00000008   Code   RO         6113    i.st_word           ff.o
    0x0801bf20   0x0801bf20   0x000000a8   Code   RO         1116    i.stream_read_diff  hpatch_upgrade.o
    0x0801bfc8   0x0801bfc8   0x0000001a   Code   RO         6114    i.sum_sfn           ff.o
    0x0801bfe2   0x0801bfe2   0x00000002   PAD
    0x0801bfe4   0x0801bfe4   0x00000088   Code   RO         6115    i.sync_fs           ff.o
    0x0801c06c   0x0801c06c   0x00000052   Code   RO         6116    i.sync_window       ff.o
    0x0801c0be   0x0801c0be   0x00000002   PAD
    0x0801c0c0   0x0801c0c0   0x0000003c   Code   RO        10006    i.transport_close   transport.o
    0x0801c0fc   0x0801c0fc   0x00000074   Code   RO        10008    i.transport_getdatanb  transport.o
    0x0801c170   0x0801c170   0x00000050   Code   RO        10009    i.transport_open    transport.o
    0x0801c1c0   0x0801c1c0   0x00000034   Code   RO        10010    i.transport_sendPacketBuffer  transport.o
    0x0801c1f4   0x0801c1f4   0x0000017e   Code   RO         8847    i.tuz_TStream_decompress_partial  tuz_dec.o
    0x0801c372   0x0801c372   0x00000042   Code   RO         8848    i.tuz_TStream_open  tuz_dec.o
    0x0801c3b4   0x0801c3b4   0x00000074   Code   RO         8849    i.tuz_TStream_read_dict_size  tuz_dec.o
    0x0801c428   0x0801c428   0x00000024   Code   RO         1117    i.tuz_fatfs_read_code  hpatch_upgrade.o
    0x0801c44c   0x0801c44c   0x0000002c   Code   RO         1118    i.tuz_lfs_read_code  hpatch_upgrade.o
    0x0801c478   0x0801c478   0x0000001c   Code   RO          523    i.uart_wait_command  usart.o
    0x0801c494   0x0801c494   0x00000074   Code   RO         9793    i.url_encode_ascii  onenet_ota.o
    0x0801c508   0x0801c508   0x000000d2   Code   RO         9013    i.utf16_literal_to_utf8  cjson.o
    0x0801c5da   0x0801c5da   0x00000034   Code   RO         6117    i.validate          ff.o
    0x0801c60e   0x0801c60e   0x00000002   PAD
    0x0801c610   0x0801c610   0x00000010   Code   RO         7412    i.w25q128_init      w25q128.o
    0x0801c620   0x0801c620   0x00000012   Code   RO         8483    i.xtime             aes.o
    0x0801c632   0x0801c632   0x00000002   PAD
    0x0801c634   0x0801c634   0x0000002c   Code   RO        10536    locale$$code        c_w.l(lc_ctype_c.o)
    0x0801c660   0x0801c660   0x0000002c   Code   RO        10539    locale$$code        c_w.l(lc_numeric_c.o)
    0x0801c68c   0x0801c68c   0x00000062   Code   RO        10615    x$fpl$d2f           fz_wm.l(d2f.o)
    0x0801c6ee   0x0801c6ee   0x00000002   PAD
    0x0801c6f0   0x0801c6f0   0x00000010   Code   RO        10714    x$fpl$dcheck1       fz_wm.l(dcheck1.o)
    0x0801c700   0x0801c700   0x00000018   Code   RO        10435    x$fpl$dcmpinf       fz_wm.l(dcmpi.o)
    0x0801c718   0x0801c718   0x00000078   Code   RO        10617    x$fpl$deqf          fz_wm.l(deqf.o)
    0x0801c790   0x0801c790   0x0000005e   Code   RO        10252    x$fpl$dfix          fz_wm.l(dfix.o)
    0x0801c7ee   0x0801c7ee   0x00000002   PAD
    0x0801c7f0   0x0801c7f0   0x0000005a   Code   RO        10256    x$fpl$dfixu         fz_wm.l(dfixu.o)
    0x0801c84a   0x0801c84a   0x00000002   PAD
    0x0801c84c   0x0801c84c   0x00000078   Code   RO        10266    x$fpl$dleqf         fz_wm.l(dleqf.o)
    0x0801c8c4   0x0801c8c4   0x00000154   Code   RO        10268    x$fpl$dmul          fz_wm.l(dmul.o)
    0x0801ca18   0x0801ca18   0x0000009c   Code   RO        10437    x$fpl$dnaninf       fz_wm.l(dnaninf.o)
    0x0801cab4   0x0801cab4   0x0000000c   Code   RO        10439    x$fpl$dretinf       fz_wm.l(dretinf.o)
    0x0801cac0   0x0801cac0   0x0000006c   Code   RO        10270    x$fpl$drleqf        fz_wm.l(drleqf.o)
    0x0801cb2c   0x0801cb2c   0x0000000a   Code   RO        10558    x$fpl$fpinit        fz_wm.l(fpinit.o)
    0x0801cb36   0x0801cb36   0x0000000a   Code   RO        10657    x$fpl$fretinf       fz_wm.l(fretinf.o)
    0x0801cb40   0x0801cb40   0x00000006   Code   RO        10560    x$fpl$ieeestatus    fz_wm.l(istatus.o)
    0x0801cb46   0x0801cb46   0x00000004   Code   RO        10274    x$fpl$printf1       fz_wm.l(printf1.o)
    0x0801cb4a   0x0801cb4a   0x00000004   Code   RO        10443    x$fpl$printf2       fz_wm.l(printf2.o)
    0x0801cb4e   0x0801cb4e   0x00000064   Code   RO        10720    x$fpl$retnan        fz_wm.l(retnan.o)
    0x0801cbb2   0x0801cbb2   0x0000005c   Code   RO        10694    x$fpl$scalbn        fz_wm.l(scalbn.o)
    0x0801cc0e   0x0801cc0e   0x00000004   Code   RO        10276    x$fpl$scanf1        fz_wm.l(scanf1.o)
    0x0801cc12   0x0801cc12   0x00000008   Code   RO        10562    x$fpl$scanf2        fz_wm.l(scanf2.o)
    0x0801cc1a   0x0801cc1a   0x00000030   Code   RO        10722    x$fpl$trapveneer    fz_wm.l(trapv.o)
    0x0801cc4a   0x0801cc4a   0x00000000   Code   RO        10449    x$fpl$usenofp       fz_wm.l(usenofp.o)
    0x0801cc4a   0x0801cc4a   0x00000010   Data   RO          748    .constdata          system_stm32f4xx.o
    0x0801cc5a   0x0801cc5a   0x00000008   Data   RO          749    .constdata          system_stm32f4xx.o
    0x0801cc62   0x0801cc62   0x00000002   PAD
    0x0801cc64   0x0801cc64   0x00000060   Data   RO          927    .constdata          menu.o
    0x0801ccc4   0x0801ccc4   0x00000008   Data   RO         2336    .constdata          stm32f4xx_hal_dma.o
    0x0801cccc   0x0801cccc   0x0000000c   Data   RO         5617    .constdata          bootloader_core.o
    0x0801ccd8   0x0801ccd8   0x0000000c   Data   RO         5618    .constdata          bootloader_core.o
    0x0801cce4   0x0801cce4   0x0000000c   Data   RO         5620    .constdata          bootloader_core.o
    0x0801ccf0   0x0801ccf0   0x0000000c   Data   RO         5621    .constdata          bootloader_core.o
    0x0801ccfc   0x0801ccfc   0x00000014   Data   RO         5865    .constdata          sd_diskio.o
    0x0801cd10   0x0801cd10   0x000000aa   Data   RO         6119    .constdata          ff.o
    0x0801cdba   0x0801cdba   0x000003ae   Data   RO         6501    .constdata          ccsbcs.o
    0x0801d168   0x0801d168   0x00000208   Data   RO         6672    .constdata          lfs.o
    0x0801d370   0x0801d370   0x00000054   Data   RO         7320    .constdata          lfs_spi_flash_adapter.o
    0x0801d3c4   0x0801d3c4   0x00000040   Data   RO         7390    .constdata          lfs_util.o
    0x0801d404   0x0801d404   0x00000024   Data   RO         7617    .constdata          usbd_storage_if.o
    0x0801d428   0x0801d428   0x0000020b   Data   RO         8484    .constdata          aes.o
    0x0801d633   0x0801d633   0x00000052   Data   RO         9795    .constdata          onenet_ota.o
    0x0801d685   0x0801d685   0x00000028   Data   RO        10170    .constdata          c_w.l(_printf_hex_int_ll_ptr.o)
    0x0801d6ad   0x0801d6ad   0x00000011   Data   RO        10190    .constdata          c_w.l(__printf_flags_ss_wp.o)
    0x0801d6be   0x0801d6be   0x00000002   PAD
    0x0801d6c0   0x0801d6c0   0x00000008   Data   RO        10348    .constdata          c_w.l(_printf_wctomb.o)
    0x0801d6c8   0x0801d6c8   0x00000026   Data   RO        10492    .constdata          c_w.l(_printf_fp_hex.o)
    0x0801d6ee   0x0801d6ee   0x00000002   PAD
    0x0801d6f0   0x0801d6f0   0x00000094   Data   RO        10505    .constdata          c_w.l(bigflt0.o)
    0x0801d784   0x0801d784   0x00000255   Data   RO          928    .conststring        menu.o
    0x0801d9d9   0x0801d9d9   0x00000003   PAD
    0x0801d9dc   0x0801d9dc   0x0000004d   Data   RO         6673    .conststring        lfs.o
    0x0801da29   0x0801da29   0x00000003   PAD
    0x0801da2c   0x0801da2c   0x00000316   Data   RO         9796    .conststring        onenet_ota.o
    0x0801dd42   0x0801dd42   0x00000002   PAD
    0x0801dd44   0x0801dd44   0x00000020   Data   RO        10724    Region$$Table       anon$$obj.o
    0x0801dd64   0x0801dd64   0x00000008   Data   RO        10554    c$$dinf             fz_wm.l(fpconst.o)
    0x0801dd6c   0x0801dd6c   0x00000008   Data   RO        10557    c$$dmax             fz_wm.l(fpconst.o)
    0x0801dd74   0x0801dd74   0x00000110   Data   RO        10535    locale$$data        c_w.l(lc_ctype_c.o)
    0x0801de84   0x0801de84   0x0000001c   Data   RO        10538    locale$$data        c_w.l(lc_numeric_c.o)


    Execution Region RW_IRAM1 (Exec base: 0x20000000, Load base: 0x0801dea0, Size: 0x00015f18, Max: 0x0001bffc, ABSOLUTE, COMPRESSED[0x000000cc])

    Exec Addr    Load Addr    Size         Type   Attr      Idx    E Section Name        Object

    0x20000000   COMPRESSED   0x00000001   Data   RW          525    .data               usart.o
    0x20000001   COMPRESSED   0x00000003   PAD
    0x20000004   COMPRESSED   0x00000004   Data   RW          526    .data               usart.o
    0x20000008   COMPRESSED   0x00000004   Data   RW          750    .data               system_stm32f4xx.o
    0x2000000c   COMPRESSED   0x00000008   Data   RW          929    .data               menu.o
    0x20000014   COMPRESSED   0x00000014   Data   RW         1120    .data               hpatch_upgrade.o
    0x20000028   COMPRESSED   0x00000004   Data   RW         1193    .data               ymodem.o
    0x2000002c   COMPRESSED   0x00000002   Data   RW         1248    .data               led.o
    0x2000002e   COMPRESSED   0x00000002   PAD
    0x20000030   COMPRESSED   0x00000020   Data   RW         2035    .data               stm32f4xx_hal_flash.o
    0x20000050   COMPRESSED   0x0000000c   Data   RW         2781    .data               stm32f4xx_hal.o
    0x2000005c   COMPRESSED   0x00000120   Data   RW         5622    .data               bootloader_core.o
    0x2000017c   COMPRESSED   0x0000000c   Data   RW         5866    .data               sd_diskio.o
    0x20000188   COMPRESSED   0x00000005   Data   RW         5962    .data               fatfs.o
    0x2000018d   COMPRESSED   0x00000003   PAD
    0x20000190   COMPRESSED   0x00000008   Data   RW         6120    .data               ff.o
    0x20000198   COMPRESSED   0x0000001c   Data   RW         7533    .data               usbd_desc.o
    0x200001b4   COMPRESSED   0x00000032   Data   RW         7534    .data               usbd_desc.o
    0x200001e6   COMPRESSED   0x00000002   PAD
    0x200001e8   COMPRESSED   0x00000020   Data   RW         7618    .data               usbd_storage_if.o
    0x20000208   COMPRESSED   0x00000001   Data   RW         8047    .data               usbd_ctlreq.o
    0x20000209   COMPRESSED   0x00000003   PAD
    0x2000020c   COMPRESSED   0x00000038   Data   RW         8185    .data               usbd_msc.o
    0x20000244   COMPRESSED   0x0000002e   Data   RW         8186    .data               usbd_msc.o
    0x20000272   COMPRESSED   0x00000006   Data   RW         8331    .data               usbd_msc_data.o
    0x20000278   COMPRESSED   0x00000008   Data   RW         8332    .data               usbd_msc_data.o
    0x20000280   COMPRESSED   0x00000004   Data   RW         8333    .data               usbd_msc_data.o
    0x20000284   COMPRESSED   0x00000008   Data   RW         8334    .data               usbd_msc_data.o
    0x2000028c   COMPRESSED   0x00000008   Data   RW         8335    .data               usbd_msc_data.o
    0x20000294   COMPRESSED   0x00000014   Data   RW         9015    .data               cjson.o
    0x200002a8   COMPRESSED   0x00000040   Data   RW         9524    .data               md5.o
    0x200002e8   COMPRESSED   0x00000008   Data   RW         9797    .data               onenet_ota.o
    0x200002f0   COMPRESSED   0x00000004   Data   RW        10011    .data               transport.o
    0x200002f4        -       0x00000020   Zero   RW          346    .bss                rtc.o
    0x20000314        -       0x00000144   Zero   RW          389    .bss                sdio.o
    0x20000458        -       0x00000058   Zero   RW          436    .bss                spi.o
    0x200004b0        -       0x00000048   Zero   RW          478    .bss                tim.o
    0x200004f8        -       0x00000150   Zero   RW          524    .bss                usart.o
    0x20000648        -       0x00000048   Zero   RW          789    .bss                common.o
    0x20000690        -       0x00001450   Zero   RW          926    .bss                menu.o
    0x20001ae0        -       0x0000b7c8   Zero   RW         1119    .bss                hpatch_upgrade.o
    0x2000d2a8        -       0x00000406   Zero   RW         1192    .bss                ymodem.o
    0x2000d6ae   COMPRESSED   0x00000002   PAD
    0x2000d6b0        -       0x00001750   Zero   RW         5616    .bss                bootloader_core.o
    0x2000ee00        -       0x00000234   Zero   RW         5960    .bss                fatfs.o
    0x2000f034        -       0x00000050   Zero   RW         6118    .bss                ff.o
    0x2000f084        -       0x0000000c   Zero   RW         6417    .bss                ff_gen_drv.o
    0x2000f090        -       0x00000080   Zero   RW         7319    .bss                lfs_spi_flash_adapter.o
    0x2000f110        -       0x000002dc   Zero   RW         7471    .bss                usb_device.o
    0x2000f3ec        -       0x00000200   Zero   RW         7532    .bss                usbd_desc.o
    0x2000f5ec        -       0x0000096c   Zero   RW         7702    .bss                usbd_conf.o
    0x2000ff58        -       0x00000018   Zero   RW         8377    .bss                usbd_msc_scsi.o
    0x2000ff70        -       0x00001000   Zero   RW         8578    .bss                aes_decrypt.o
    0x20010f70        -       0x00000010   Zero   RW         9673    .bss                esp8266_ota_api.o
    0x20010f80        -       0x00000a02   Zero   RW         9714    .bss                esp8266_uart.o
    0x20011982   COMPRESSED   0x00000002   PAD
    0x20011984        -       0x00001530   Zero   RW         9794    .bss                onenet_ota.o
    0x20012eb4        -       0x00000060   Zero   RW        10453    .bss                c_w.l(libspace.o)
    0x20012f14   COMPRESSED   0x00000004   PAD
    0x20012f18        -       0x00001000   Zero   RW            2    HEAP                startup_stm32f407xx.o
    0x20013f18        -       0x00002000   Zero   RW            1    STACK               startup_stm32f407xx.o


    Execution Region RW_IRAM_NOINIT (Exec base: 0x2001bffc, Load base: 0x0801df6c, Size: 0x00000004, Max: 0x00000004, ABSOLUTE, UNINIT)

    Exec Addr    Load Addr    Size         Type   Attr      Idx    E Section Name        Object

    0x2001bffc        -       0x00000004   Zero   RW         5623    NoInit              bootloader_core.o


    Execution Region RW_IRAM2 (Exec base: 0x2001c000, Load base: 0x0801df6c, Size: 0x00000000, Max: 0x00004000, ABSOLUTE)

    **** No section assigned to this execution region ****


==============================================================================

Image component sizes


      Code (inc. data)   RO Data    RW Data    ZI Data      Debug   Object Name

      1464         12        523          0          0       6919   aes.o
      1212         32          0          0       4096       7945   aes_decrypt.o
      1268         98         48        288       5972      20639   bootloader_core.o
       192         22          0          0          0       6130   bsp_driver_sd.o
       184         22        942          0          0       2275   ccsbcs.o
      2092         68          0         20          0      19248   cjson.o
       436         30          0          0         72       6105   common.o
       152         24          0          0          0       3769   diskio.o
        92          4          0          0          0        806   dma.o
      1116        522          0          0          0       8104   esp8266_driver.o
       124         94          0          0         16       1159   esp8266_ota_api.o
       248         32          0          0       2562       3742   esp8266_uart.o
       124         16          0          5        564       2256   fatfs.o
        24          4          0          0          0        569   fatfs_platform.o
      7634        108        170          8         80      54645   ff.o
        70          6          0          0         12       1643   ff_gen_drv.o
       424         56          0          0          0       4359   flash_if.o
       196         18          0          0          0       1027   gpio.o
       744          0          0          0          0      10079   hpatch_lite.o
      1144        150          0         20      47048       9952   hpatch_upgrade.o
        60          8          0          2          0        787   led.o
     17180       2196        597          0          0     117363   lfs.o
       290         16         84          0        128       9676   lfs_spi_flash_adapter.o
        56          6         64          0          0       1134   lfs_util.o
       720        306          0          0          0     766452   main.o
      2034        266          0         64          0       6006   md5.o
     19388      11600        693          8       5200      33402   menu.o
      9860       4282        872          8       5424      30512   onenet_ota.o
       380        164          0          0          0       2774   ota_flash.o
       184         16          0          0         32       1663   rtc.o
       444         34         20         12          0       6549   sd_diskio.o
       356         34          0          0        324       1887   sdio.o
       176         22          0          0         88       1705   spi.o
        64         26        392          0      12288        848   startup_stm32f407xx.o
       254         46          0         12          0      10550   stm32f4xx_hal.o
       198         14          0          0          0      33863   stm32f4xx_hal_cortex.o
      1088         16          8          0          0       7973   stm32f4xx_hal_dma.o
       584         84          0         32          0       7830   stm32f4xx_hal_flash.o
       624         44          0          0          0       6244   stm32f4xx_hal_flash_ex.o
       516         46          0          0          0       2867   stm32f4xx_hal_gpio.o
        48          6          0          0          0        866   stm32f4xx_hal_msp.o
      2628         12          0          0          0      14367   stm32f4xx_hal_pcd.o
        78          0          0          0          0       2417   stm32f4xx_hal_pcd_ex.o
      1356         78          0          0          0       5768   stm32f4xx_hal_rcc.o
       624         44          0          0          0       2265   stm32f4xx_hal_rcc_ex.o
       862         36          0          0          0       8229   stm32f4xx_hal_rtc.o
      3914         78          0          0          0      20228   stm32f4xx_hal_sd.o
       980         16          0          0          0       4925   stm32f4xx_hal_spi.o
      1064         72          0          0          0      10365   stm32f4xx_hal_tim.o
       148         28          0          0          0       2501   stm32f4xx_hal_tim_ex.o
      1752         14          0          0          0      11747   stm32f4xx_hal_uart.o
       136         52          0          0          0       8542   stm32f4xx_it.o
      1668         48          0          0          0      23723   stm32f4xx_ll_sdmmc.o
      2708        116          0          0          0      23388   stm32f4xx_ll_usb.o
         8          0          0          0          0       1679   syscall.o
        16          4         24          4          0       1139   system_stm32f4xx.o
       168         20          0          0         72       1718   tim.o
       308         46          0          4          0       3718   transport.o
       740          0          0          0          0      10293   tuz_dec.o
       494         50          0          5        336       5579   usart.o
        84         18          0          0        732       5675   usb_device.o
       660         24          0          0       2412      17590   usbd_conf.o
       934          0          0          0          0      15463   usbd_core.o
      1360         28          0          1          0      15380   usbd_ctlreq.o
       284        100          0         78        512       6221   usbd_desc.o
       104          0          0          0          0       3844   usbd_ioreq.o
       712         30          0        102          0      10057   usbd_msc.o
       842         56          0          0          0       7778   usbd_msc_bot.o
         0          0          0         34          0       1009   usbd_msc_data.o
      2726         46          0          0         24      19320   usbd_msc_scsi.o
       144         18         36         32          0       4991   usbd_storage_if.o
       384         36          0          0          0       4657   w25q128.o
      1376         34          0          4       1030       6928   ymodem.o

    ----------------------------------------------------------------------
    102856      21658       4515        756      89028    1503826   Object Totals
         0          0         32          0          0          0   (incl. Generated)
       150          4         10         13          4          0   (incl. Padding)

    ----------------------------------------------------------------------

      Code (inc. data)   RO Data    RW Data    ZI Data      Debug   Library Member Name

        24          4          0          0          0         84   __2printf.o
        56          6          0          0          0         88   __2snprintf.o
        44          6          0          0          0         84   __2sprintf.o
        90          0          0          0          0          0   __dczerorl2.o
         8          0          0          0          0         68   __main.o
       392          4         17          0          0         92   __printf_flags_ss_wp.o
        14          0          0          0          0         68   __printf_wp.o
         0          0          0          0          0          0   __rtentry.o
        12          0          0          0          0          0   __rtentry2.o
         6          0          0          0          0          0   __rtentry4.o
        52          8          0          0          0          0   __scatter.o
        28          0          0          0          0          0   __scatter_zi.o
        28          0          0          0          0         68   _chval.o
         6          0          0          0          0          0   _printf_a.o
         6          0          0          0          0          0   _printf_c.o
        44          0          0          0          0        108   _printf_char.o
        48          6          0          0          0         96   _printf_char_common.o
        36          4          0          0          0         80   _printf_char_file.o
        40          0          0          0          0         68   _printf_charcount.o
         6          0          0          0          0          0   _printf_d.o
       120         16          0          0          0         92   _printf_dec.o
         6          0          0          0          0          0   _printf_e.o
         6          0          0          0          0          0   _printf_f.o
      1054          0          0          0          0        216   _printf_fp_dec.o
       764          8         38          0          0        100   _printf_fp_hex.o
       128         16          0          0          0         84   _printf_fp_infnan.o
         6          0          0          0          0          0   _printf_g.o
       148          4         40          0          0        160   _printf_hex_int_ll_ptr.o
         6          0          0          0          0          0   _printf_i.o
       178          0          0          0          0         88   _printf_intcommon.o
        10          0          0          0          0          0   _printf_l.o
         6          0          0          0          0          0   _printf_lc.o
        10          0          0          0          0          0   _printf_ll.o
         6          0          0          0          0          0   _printf_lld.o
         6          0          0          0          0          0   _printf_lli.o
         6          0          0          0          0          0   _printf_llo.o
         6          0          0          0          0          0   _printf_llu.o
         6          0          0          0          0          0   _printf_llx.o
       124         16          0          0          0         92   _printf_longlong_dec.o
         6          0          0          0          0          0   _printf_ls.o
         6          0          0          0          0          0   _printf_n.o
         6          0          0          0          0          0   _printf_o.o
       112         10          0          0          0        124   _printf_oct_int_ll.o
         6          0          0          0          0          0   _printf_p.o
        78          0          0          0          0        108   _printf_pad.o
         0          0          0          0          0          0   _printf_percent.o
         4          0          0          0          0          0   _printf_percent_end.o
         6          0          0          0          0          0   _printf_s.o
        82          0          0          0          0         80   _printf_str.o
        36          0          0          0          0         84   _printf_truncate.o
         6          0          0          0          0          0   _printf_u.o
        44          0          0          0          0        108   _printf_wchar.o
       188          6          8          0          0         92   _printf_wctomb.o
         6          0          0          0          0          0   _printf_x.o
        22          0          0          0          0        100   _rserrno.o
        64          0          0          0          0         84   _sgetc.o
        16          0          0          0          0         68   _snputc.o
        10          0          0          0          0         68   _sputc.o
       158          0          0          0          0         92   _strtoul.o
        64          0          0          0          0         92   _wcrtomb.o
        22          0          0          0          0         80   abort.o
        16          0          0          0          0         68   aeabi_memset.o
        26          0          0          0          0         80   atoi.o
       228          4        148          0          0         96   bigflt0.o
      2152        136          0          0          0        960   btod.o
        48         34          0          0          0         76   defsig_abrt_inner.o
        14          0          0          0          0         80   defsig_abrt_outer.o
        10          0          0          0          0         68   defsig_exit.o
        50          0          0          0          0         88   defsig_general.o
        80         58          0          0          0         76   defsig_rtmem_inner.o
        14          0          0          0          0         80   defsig_rtmem_outer.o
        18          0          0          0          0         80   exit.o
         8          0          0          0          0         68   ferror.o
        94          0          0          0          0         80   h1_alloc.o
        52          0          0          0          0         68   h1_extend.o
        78          0          0          0          0         80   h1_free.o
        14          0          0          0          0         84   h1_init.o
       184          0          0          0          0         92   h1_realloc.o
         6          0          0          0          0        152   heapauxi.o
         4          0          0          0          0        136   hguard.o
         0          0          0          0          0          0   indicate_semi.o
       138          0          0          0          0        168   init_alloc.o
        18          0          0          0          0         76   isspace.o
        44         10        272          0          0         76   lc_ctype_c.o
        44         10         28          0          0         76   lc_numeric_c.o
         2          0          0          0          0          0   libinit.o
        42          0          0          0          0          0   libinit2.o
         2          0          0          0          0          0   libshutdown.o
         2          0          0          0          0          0   libshutdown2.o
         8          4          0          0         96         68   libspace.o
        38          0          0          0          0         68   llshl.o
       138          0          0          0          0         80   lludiv10.o
       238          0          0          0          0        100   lludivv7m.o
         0          0          0          0          0          0   maybetermalloc1.o
        88          0          0          0          0         76   memcmp.o
        16          4          0          0          0         76   rt_ctype_table.o
         8          4          0          0          0         68   rt_errno_addr_intlibspace.o
         8          4          0          0          0         68   rt_heap_descriptor_intlibspace.o
         8          4          0          0          0         68   rt_locale_intlibspace.o
        68          0          0          0          0         68   rt_memclr.o
        78          0          0          0          0         80   rt_memclr_w.o
       138          0          0          0          0         68   rt_memcpy_v6.o
       100          0          0          0          0         80   rt_memcpy_w.o
         2          0          0          0          0          0   rtexit.o
        10          0          0          0          0          0   rtexit2.o
      1272         16          0          0          0        168   scanf_fp.o
       800         14          0          0          0        100   scanf_hexfp.o
       308         16          0          0          0        100   scanf_infnan.o
        24          0          0          0          0         68   strcat.o
        20          0          0          0          0         68   strchr.o
       128          0          0          0          0         68   strcmpv7m.o
        72          0          0          0          0         80   strcpy.o
        32          0          0          0          0         80   strcspn.o
        62          0          0          0          0         76   strlen.o
        36          0          0          0          0         76   strncat.o
       150          0          0          0          0         80   strncmp.o
        86          0          0          0          0         76   strncpy.o
        22          0          0          0          0         68   strrchr.o
        28          0          0          0          0         80   strspn.o
        36          0          0          0          0         80   strstr.o
       164         14          0          0          0        120   strtod.o
       112          0          0          0          0         88   strtol.o
        74          0          0          0          0         80   sys_stackheap_outer.o
        14          0          0          0          0         76   sys_wrch.o
        26          0          0          0          0         76   tolower.o
         2          0          0          0          0         68   use_no_semi.o
        36          4          0          0          0         76   vsprintf.o
        98          4          0          0          0        140   d2f.o
        16          4          0          0          0        116   dcheck1.o
        24          0          0          0          0        116   dcmpi.o
       120          4          0          0          0        140   deqf.o
        94          4          0          0          0        140   dfix.o
        90          4          0          0          0        140   dfixu.o
       120          4          0          0          0        140   dleqf.o
       340         12          0          0          0        152   dmul.o
       156          4          0          0          0        140   dnaninf.o
        12          0          0          0          0        116   dretinf.o
       108          0          0          0          0        128   drleqf.o
         0          0         16          0          0          0   fpconst.o
        10          0          0          0          0        116   fpinit.o
        10          0          0          0          0        116   fretinf.o
         6          0          0          0          0        116   istatus.o
         4          0          0          0          0        116   printf1.o
         4          0          0          0          0        116   printf2.o
       100          0          0          0          0        116   retnan.o
        92          0          0          0          0        116   scalbn.o
         4          0          0          0          0        116   scanf1.o
         8          0          0          0          0        132   scanf2.o
        48          0          0          0          0        116   trapv.o
         0          0          0          0          0          0   usenofp.o
        64         16          0          0          0        248   dunder.o
        48          0          0          0          0        124   fpclassify.o
       140         22          0          0          0        132   frexp.o
       228          8          0          0          0        308   ldexp.o
       266         16          0          0          0        308   narrow.o
        40         10          0          0          0        128   strtod.o

    ----------------------------------------------------------------------
     14586        562        571          0        100      12536   Library Totals
        20          0          4          0          4          0   (incl. Padding)

    ----------------------------------------------------------------------

      Code (inc. data)   RO Data    RW Data    ZI Data      Debug   Library Name

     12316        450        551          0         96       8644   c_w.l
      1464         40         16          0          0       2644   fz_wm.l
       786         72          0          0          0       1248   m_wm.l

    ----------------------------------------------------------------------
     14586        562        571          0        100      12536   Library Totals

    ----------------------------------------------------------------------

==============================================================================


      Code (inc. data)   RO Data    RW Data    ZI Data      Debug   

    117442      22220       5086        756      89128    1436718   Grand Totals
    117442      22220       5086        204      89128    1436718   ELF Image Totals (compressed)
    117442      22220       5086        204          0          0   ROM Totals

==============================================================================

    Total RO  Size (Code + RO Data)               122528 ( 119.66kB)
    Total RW  Size (RW Data + ZI Data)             89884 (  87.78kB)
    Total ROM Size (Code + RO Data + RW Data)     122732 ( 119.86kB)

==============================================================================

