*** Using Compiler 'V6.21', folder: 'C:\Keil_v5\ARM\ARMCLANG\Bin'
Build target 'STM32F407VGT6_Bootloader'
compiling usart.c...
compiling dma.c...
compiling stm32f4xx_hal_msp.c...
compiling sdio.c...
compiling gpio.c...
compiling flash_if.c...
compiling hpatch_upgrade.c...
compiling spi.c...
compiling common.c...
compiling stm32f4xx_it.c...
compiling tim.c...
compiling main.c...
compiling rtc.c...
compiling system_stm32f4xx.c...
compiling ymodem.c...
compiling led.c...
compiling platform_gpio_led_stm32_impl.c...
compiling platform_pwm_led_stm32_impl.c...
compiling menu.c...
compiling service_notify.c...
compiling platform_w25q128_stm32_impl.c...
compiling lfs_spi_flash_adapter.c...
compiling stm32f4xx_hal_pcd_ex.c...
compiling stm32f4xx_hal_rcc_ex.c...
compiling stm32f4xx_hal_rcc.c...
compiling stm32f4xx_hal_pcd.c...
compiling stm32f4xx_hal_flash.c...
compiling stm32f4xx_hal_flash_ex.c...
compiling stm32f4xx_hal_flash_ramfunc.c...
compiling stm32f4xx_hal_gpio.c...
compiling stm32f4xx_hal_dma_ex.c...
compiling stm32f4xx_ll_usb.c...
compiling stm32f4xx_hal_dma.c...
compiling stm32f4xx_hal_pwr.c...
compiling stm32f4xx_hal_pwr_ex.c...
compiling stm32f4xx_hal_cortex.c...
compiling stm32f4xx_hal.c...
compiling stm32f4xx_hal_rtc.c...
compiling stm32f4xx_hal_exti.c...
compiling stm32f4xx_ll_sdmmc.c...
compiling stm32f4xx_hal_rtc_ex.c...
compiling stm32f4xx_hal_mmc.c...
compiling stm32f4xx_hal_sd.c...
compiling bsp_driver_sd.c...
compiling fatfs_platform.c...
compiling stm32f4xx_hal_tim_ex.c...
compiling sd_diskio.c...
compiling bootloader_core.c...
compiling stm32f4xx_hal_spi.c...
compiling fatfs.c...
compiling diskio.c...
compiling ff_gen_drv.c...
compiling stm32f4xx_hal_uart.c...
compiling stm32f4xx_hal_tim.c...
compiling ccsbcs.c...
compiling syscall.c...
compiling usb_device.c...
compiling lfs_util.c...
compiling usbd_desc.c...
compiling usbd_conf.c...
compiling ff.c...
compiling usbd_core.c...
compiling usbd_storage_if.c...
compiling usbd_msc.c...
compiling usbd_ioreq.c...
compiling usbd_msc_data.c...
compiling usbd_ctlreq.c...
compiling usbd_msc_bot.c...
compiling aes.c...
compiling bsdiff.c...
compiling aes_decrypt.c...
compiling hpatch_lite.c...
compiling lfs.c...
compiling usbd_msc_scsi.c...
compiling md5.c...
compiling hkdf.c...
compiling bspatch.c...
compiling tuz_dec.c...
compiling esp8266_ota_api.c...
compiling esp8266_uart.c...
compiling transport.c...
compiling esp8266_driver.c...
compiling cJSON.c...
compiling onenet_http_source.c...
compiling onenet_ota.c...
compiling esp8266_mqtt.c...
linking...
Program Size: Code=103776 RO-data=20828 RW-data=708 ZI-data=98392  
FromELF: creating hex file...
"STM32F407VGT6_Bootloader\STM32F407VGT6_Bootloader.axf" - 0 Error(s), 0 Warning(s).
Build Time Elapsed:  00:00:07
